Archive member included to satisfy reference by file (symbol)

/usr/lib/gcc/arm-none-eabi/6.3.1/../../../arm-none-eabi/lib/thumb/v7e-m/fpv5/hard/libc.a(lib_a-atexit.o)
                              /usr/lib/gcc/arm-none-eabi/6.3.1/../../../arm-none-eabi/lib/thumb/v7e-m/fpv5/hard/crt0.o (atexit)
/usr/lib/gcc/arm-none-eabi/6.3.1/../../../arm-none-eabi/lib/thumb/v7e-m/fpv5/hard/libc.a(lib_a-exit.o)
                              /usr/lib/gcc/arm-none-eabi/6.3.1/../../../arm-none-eabi/lib/thumb/v7e-m/fpv5/hard/crt0.o (exit)
/usr/lib/gcc/arm-none-eabi/6.3.1/../../../arm-none-eabi/lib/thumb/v7e-m/fpv5/hard/libc.a(lib_a-fini.o)
                              /usr/lib/gcc/arm-none-eabi/6.3.1/../../../arm-none-eabi/lib/thumb/v7e-m/fpv5/hard/crt0.o (__libc_fini_array)
/usr/lib/gcc/arm-none-eabi/6.3.1/../../../arm-none-eabi/lib/thumb/v7e-m/fpv5/hard/libc.a(lib_a-impure.o)
                              /usr/lib/gcc/arm-none-eabi/6.3.1/../../../arm-none-eabi/lib/thumb/v7e-m/fpv5/hard/libc.a(lib_a-exit.o) (_global_impure_ptr)
/usr/lib/gcc/arm-none-eabi/6.3.1/../../../arm-none-eabi/lib/thumb/v7e-m/fpv5/hard/libc.a(lib_a-init.o)
                              /usr/lib/gcc/arm-none-eabi/6.3.1/../../../arm-none-eabi/lib/thumb/v7e-m/fpv5/hard/crt0.o (__libc_init_array)
/usr/lib/gcc/arm-none-eabi/6.3.1/../../../arm-none-eabi/lib/thumb/v7e-m/fpv5/hard/libc.a(lib_a-memset.o)
                              /usr/lib/gcc/arm-none-eabi/6.3.1/../../../arm-none-eabi/lib/thumb/v7e-m/fpv5/hard/crt0.o (memset)
/usr/lib/gcc/arm-none-eabi/6.3.1/../../../arm-none-eabi/lib/thumb/v7e-m/fpv5/hard/libc.a(lib_a-__atexit.o)
                              /usr/lib/gcc/arm-none-eabi/6.3.1/../../../arm-none-eabi/lib/thumb/v7e-m/fpv5/hard/libc.a(lib_a-atexit.o) (__register_exitproc)
/usr/lib/gcc/arm-none-eabi/6.3.1/../../../arm-none-eabi/lib/thumb/v7e-m/fpv5/hard/libc.a(lib_a-__call_atexit.o)
                              /usr/lib/gcc/arm-none-eabi/6.3.1/../../../arm-none-eabi/lib/thumb/v7e-m/fpv5/hard/libc.a(lib_a-exit.o) (__call_exitprocs)
/usr/lib/gcc/arm-none-eabi/6.3.1/../../../arm-none-eabi/lib/thumb/v7e-m/fpv5/hard/libnosys.a(_exit.o)
                              /usr/lib/gcc/arm-none-eabi/6.3.1/../../../arm-none-eabi/lib/thumb/v7e-m/fpv5/hard/libc.a(lib_a-exit.o) (_exit)
/usr/lib/gcc/arm-none-eabi/6.3.1/thumb/v7e-m/fpv5/hard/libgcc.a(_aeabi_uldivmod.o)
                              build/stm32f7xx_hal_rcc.o (__aeabi_uldivmod)
/usr/lib/gcc/arm-none-eabi/6.3.1/thumb/v7e-m/fpv5/hard/libgcc.a(_udivmoddi4.o)
                              /usr/lib/gcc/arm-none-eabi/6.3.1/thumb/v7e-m/fpv5/hard/libgcc.a(_aeabi_uldivmod.o) (__udivmoddi4)
/usr/lib/gcc/arm-none-eabi/6.3.1/thumb/v7e-m/fpv5/hard/libgcc.a(_dvmd_tls.o)
                              /usr/lib/gcc/arm-none-eabi/6.3.1/thumb/v7e-m/fpv5/hard/libgcc.a(_aeabi_uldivmod.o) (__aeabi_ldiv0)

Allocating common symbols
Common symbol       size              file

hspi2               0x64              build/main.o
htim4               0x40              build/main.o
huart3              0x80              build/main.o
uwTick              0x4               build/stm32f7xx_hal.o
pFlash              0x1c              build/stm32f7xx_hal_flash.o
CS_LTCx             0x28              build/ltc.o
hadc1               0x48              build/main.o
CS_LTCn             0x1               build/ltc.o
hdma_adc1           0x60              build/main.o
can                 0x50              build/main.o
hcan1               0x28              build/main.o

Discarded input sections

 .text          0x0000000000000000        0x0 /usr/lib/gcc/arm-none-eabi/6.3.1/thumb/v7e-m/fpv5/hard/crti.o
 .data          0x0000000000000000        0x0 /usr/lib/gcc/arm-none-eabi/6.3.1/thumb/v7e-m/fpv5/hard/crti.o
 .bss           0x0000000000000000        0x0 /usr/lib/gcc/arm-none-eabi/6.3.1/thumb/v7e-m/fpv5/hard/crti.o
 .data          0x0000000000000000        0x4 /usr/lib/gcc/arm-none-eabi/6.3.1/thumb/v7e-m/fpv5/hard/crtbegin.o
 .text          0x0000000000000000       0x68 /usr/lib/gcc/arm-none-eabi/6.3.1/../../../arm-none-eabi/lib/thumb/v7e-m/fpv5/hard/crt0.o
 .data          0x0000000000000000        0x0 /usr/lib/gcc/arm-none-eabi/6.3.1/../../../arm-none-eabi/lib/thumb/v7e-m/fpv5/hard/crt0.o
 .bss           0x0000000000000000        0x0 /usr/lib/gcc/arm-none-eabi/6.3.1/../../../arm-none-eabi/lib/thumb/v7e-m/fpv5/hard/crt0.o
 .ARM.extab     0x0000000000000000        0x0 /usr/lib/gcc/arm-none-eabi/6.3.1/../../../arm-none-eabi/lib/thumb/v7e-m/fpv5/hard/crt0.o
 .ARM.exidx     0x0000000000000000        0x8 /usr/lib/gcc/arm-none-eabi/6.3.1/../../../arm-none-eabi/lib/thumb/v7e-m/fpv5/hard/crt0.o
 .debug_line    0x0000000000000000       0x84 /usr/lib/gcc/arm-none-eabi/6.3.1/../../../arm-none-eabi/lib/thumb/v7e-m/fpv5/hard/crt0.o
 .debug_info    0x0000000000000000       0xb4 /usr/lib/gcc/arm-none-eabi/6.3.1/../../../arm-none-eabi/lib/thumb/v7e-m/fpv5/hard/crt0.o
[...]
Memory Configuration

Name             Origin             Length             Attributes
RAM              0x0000000020000000 0x0000000000080000 xrw
FLASH            0x0000000008000000 0x0000000000200000 xr
*default*        0x0000000000000000 0xffffffffffffffff

Linker script and memory map

LOAD /usr/lib/gcc/arm-none-eabi/6.3.1/thumb/v7e-m/fpv5/hard/crti.o
LOAD /usr/lib/gcc/arm-none-eabi/6.3.1/thumb/v7e-m/fpv5/hard/crtbegin.o
LOAD /usr/lib/gcc/arm-none-eabi/6.3.1/../../../arm-none-eabi/lib/thumb/v7e-m/fpv5/hard/crt0.o
LOAD build/stm32f7xx_hal.o
LOAD build/stm32f7xx_hal_adc.o
LOAD build/stm32f7xx_hal_adc_ex.o
LOAD build/stm32f7xx_hal_can.o
LOAD build/stm32f7xx_hal_cortex.o
LOAD build/stm32f7xx_hal_dma.o
LOAD build/stm32f7xx_hal_dma_ex.o
LOAD build/stm32f7xx_hal_exti.o
LOAD build/stm32f7xx_hal_flash.o
LOAD build/stm32f7xx_hal_flash_ex.o
LOAD build/stm32f7xx_hal_gpio.o
LOAD build/stm32f7xx_hal_i2c.o
LOAD build/stm32f7xx_hal_i2c_ex.o
LOAD build/stm32f7xx_hal_pwr.o
LOAD build/stm32f7xx_hal_pwr_ex.o
LOAD build/stm32f7xx_hal_rcc.o
LOAD build/stm32f7xx_hal_rcc_ex.o
LOAD build/stm32f7xx_hal_spi.o
LOAD build/stm32f7xx_hal_spi_ex.o
LOAD build/stm32f7xx_hal_tim.o
LOAD build/stm32f7xx_hal_tim_ex.o
LOAD build/stm32f7xx_hal_uart.o
LOAD build/stm32f7xx_hal_uart_ex.o
LOAD build/ltc.o
LOAD build/main.o
LOAD build/pid_controller.o
LOAD build/stm32f7xx_hal_msp.o
LOAD build/stm32f7xx_it.o
LOAD build/system_stm32f7xx.o
LOAD build/startup_stm32f767xx.o
LOAD /usr/lib/gcc/arm-none-eabi/6.3.1/../../../arm-none-eabi/lib/thumb/v7e-m/fpv5/hard/libc.a
LOAD /usr/lib/gcc/arm-none-eabi/6.3.1/../../../arm-none-eabi/lib/thumb/v7e-m/fpv5/hard/libm.a
LOAD /usr/lib/gcc/arm-none-eabi/6.3.1/../../../arm-none-eabi/lib/thumb/v7e-m/fpv5/hard/libnosys.a
START GROUP
LOAD /usr/lib/gcc/arm-none-eabi/6.3.1/thumb/v7e-m/fpv5/hard/libgcc.a
LOAD /usr/lib/gcc/arm-none-eabi/6.3.1/../../../arm-none-eabi/lib/thumb/v7e-m/fpv5/hard/libc.a
END GROUP
START GROUP
LOAD /usr/lib/gcc/arm-none-eabi/6.3.1/thumb/v7e-m/fpv5/hard/libgcc.a
LOAD /usr/lib/gcc/arm-none-eabi/6.3.1/../../../arm-none-eabi/lib/thumb/v7e-m/fpv5/hard/libc.a
LOAD /usr/lib/gcc/arm-none-eabi/6.3.1/../../../arm-none-eabi/lib/thumb/v7e-m/fpv5/hard/libnosys.a
END GROUP
LOAD /usr/lib/gcc/arm-none-eabi/6.3.1/thumb/v7e-m/fpv5/hard/crtend.o
LOAD /usr/lib/gcc/arm-none-eabi/6.3.1/thumb/v7e-m/fpv5/hard/crtn.o
                0x0000000020080000                _estack = 0x20080000
                0x0000000000000200                _Min_Heap_Size = 0x200
                0x0000000000000400                _Min_Stack_Size = 0x400

.isr_vector     0x0000000008000000      0x1f8
                0x0000000008000000                . = ALIGN (0x4)
 *(.isr_vector)
 .isr_vector    0x0000000008000000      0x1f8 build/startup_stm32f767xx.o
                0x0000000008000000                g_pfnVectors
                0x00000000080001f8                . = ALIGN (0x4)

.text           0x00000000080001f8     0x3828
                0x00000000080001f8                . = ALIGN (0x4)
 *(.text)
 .text          0x00000000080001f8       0xa4 /usr/lib/gcc/arm-none-eabi/6.3.1/thumb/v7e-m/fpv5/hard/crtbegin.o
 .text          0x000000000800029c        0xc /usr/lib/gcc/arm-none-eabi/6.3.1/../../../arm-none-eabi/lib/thumb/v7e-m/fpv5/hard/libc.a(lib_a-atexit.o)
                0x000000000800029c                atexit
 .text          0x00000000080002a8       0x34 /usr/lib/gcc/arm-none-eabi/6.3.1/../../../arm-none-eabi/lib/thumb/v7e-m/fpv5/hard/libc.a(lib_a-fini.o)
                0x00000000080002a8                __libc_fini_array
 .text          0x00000000080002dc       0x50 /usr/lib/gcc/arm-none-eabi/6.3.1/../../../arm-none-eabi/lib/thumb/v7e-m/fpv5/hard/libc.a(lib_a-init.o)
                0x00000000080002dc                __libc_init_array
 .text          0x000000000800032c       0x9c /usr/lib/gcc/arm-none-eabi/6.3.1/../../../arm-none-eabi/lib/thumb/v7e-m/fpv5/hard/libc.a(lib_a-memset.o)
                0x000000000800032c                memset
 .text          0x00000000080003c8       0xa4 /usr/lib/gcc/arm-none-eabi/6.3.1/../../../arm-none-eabi/lib/thumb/v7e-m/fpv5/hard/libc.a(lib_a-__atexit.o)
                0x00000000080003c8                __register_exitproc
 .text          0x000000000800046c       0x30 /usr/lib/gcc/arm-none-eabi/6.3.1/thumb/v7e-m/fpv5/hard/libgcc.a(_aeabi_uldivmod.o)
                0x000000000800046c                __aeabi_uldivmod
 .text          0x000000000800049c      0x2dc /usr/lib/gcc/arm-none-eabi/6.3.1/thumb/v7e-m/fpv5/hard/libgcc.a(_udivmoddi4.o)
                0x000000000800049c                __udivmoddi4
 .text          0x0000000008000778        0x4 /usr/lib/gcc/arm-none-eabi/6.3.1/thumb/v7e-m/fpv5/hard/libgcc.a(_dvmd_tls.o)
                0x0000000008000778                __aeabi_ldiv0
                0x0000000008000778                __aeabi_idiv0
 *(.text*)
 .text.HAL_InitTick
                0x000000000800077c       0x4c build/stm32f7xx_hal.o
                0x000000000800077c                HAL_InitTick
 .text.HAL_Init
                0x00000000080007c8       0x16 build/stm32f7xx_hal.o
                0x00000000080007c8                HAL_Init
 *fill*         0x00000000080007de        0x2 
 .text.HAL_IncTick
                0x00000000080007e0       0x18 build/stm32f7xx_hal.o
                0x00000000080007e0                HAL_IncTick
 .text.HAL_GetTick
                0x00000000080007f8        0xc build/stm32f7xx_hal.o
                0x00000000080007f8                HAL_GetTick
 .text.ADC_Init
                0x0000000008000804      0x134 build/stm32f7xx_hal_adc.o
 .text.HAL_ADC_Init
                0x0000000008000938       0x58 build/stm32f7xx_hal_adc.o
                0x0000000008000938                HAL_ADC_Init
 .text.HAL_ADC_ConfigChannel
                0x0000000008000990      0x1ac build/stm32f7xx_hal_adc.o
                0x0000000008000990                HAL_ADC_ConfigChannel
 .text.HAL_CAN_Init
                0x0000000008000b3c      0x14c build/stm32f7xx_hal_can.o
                0x0000000008000b3c                HAL_CAN_Init
 .text.HAL_CAN_ConfigFilter
                0x0000000008000c88      0x134 build/stm32f7xx_hal_can.o
                0x0000000008000c88                HAL_CAN_ConfigFilter
 .text.HAL_CAN_Start
                0x0000000008000dbc       0x5c build/stm32f7xx_hal_can.o
                0x0000000008000dbc                HAL_CAN_Start
 .text.HAL_CAN_GetRxMessage
                0x0000000008000e18      0x134 build/stm32f7xx_hal_can.o
                0x0000000008000e18                HAL_CAN_GetRxMessage
 .text.HAL_CAN_GetRxFifoFillLevel
                0x0000000008000f4c       0x26 build/stm32f7xx_hal_can.o
                0x0000000008000f4c                HAL_CAN_GetRxFifoFillLevel
 .text.HAL_CAN_ActivateNotification
                0x0000000008000f72       0x24 build/stm32f7xx_hal_can.o
                0x0000000008000f72                HAL_CAN_ActivateNotification
 .text.HAL_CAN_TxMailbox0CompleteCallback
                0x0000000008000f96        0x2 build/stm32f7xx_hal_can.o
                0x0000000008000f96                HAL_CAN_TxMailbox0CompleteCallback
 .text.HAL_CAN_TxMailbox1CompleteCallback
                0x0000000008000f98        0x2 build/stm32f7xx_hal_can.o
                0x0000000008000f98                HAL_CAN_TxMailbox1CompleteCallback
 .text.HAL_CAN_TxMailbox2CompleteCallback
                0x0000000008000f9a        0x2 build/stm32f7xx_hal_can.o
                0x0000000008000f9a                HAL_CAN_TxMailbox2CompleteCallback
 .text.HAL_CAN_TxMailbox0AbortCallback
                0x0000000008000f9c        0x2 build/stm32f7xx_hal_can.o
                0x0000000008000f9c                HAL_CAN_TxMailbox0AbortCallback
 .text.HAL_CAN_TxMailbox1AbortCallback
                0x0000000008000f9e        0x2 build/stm32f7xx_hal_can.o
                0x0000000008000f9e                HAL_CAN_TxMailbox1AbortCallback
 .text.HAL_CAN_TxMailbox2AbortCallback
                0x0000000008000fa0        0x2 build/stm32f7xx_hal_can.o
                0x0000000008000fa0                HAL_CAN_TxMailbox2AbortCallback
 .text.HAL_CAN_RxFifo0FullCallback
                0x0000000008000fa2        0x2 build/stm32f7xx_hal_can.o
                0x0000000008000fa2                HAL_CAN_RxFifo0FullCallback
 .text.HAL_CAN_RxFifo1MsgPendingCallback
                0x0000000008000fa4        0x2 build/stm32f7xx_hal_can.o
                0x0000000008000fa4                HAL_CAN_RxFifo1MsgPendingCallback
 .text.HAL_CAN_RxFifo1FullCallback
                0x0000000008000fa6        0x2 build/stm32f7xx_hal_can.o
                0x0000000008000fa6                HAL_CAN_RxFifo1FullCallback
 .text.HAL_CAN_SleepCallback
                0x0000000008000fa8        0x2 build/stm32f7xx_hal_can.o
                0x0000000008000fa8                HAL_CAN_SleepCallback
 .text.HAL_CAN_WakeUpFromRxMsgCallback
                0x0000000008000faa        0x2 build/stm32f7xx_hal_can.o
                0x0000000008000faa                HAL_CAN_WakeUpFromRxMsgCallback
 .text.HAL_CAN_ErrorCallback
                0x0000000008000fac        0x2 build/stm32f7xx_hal_can.o
                0x0000000008000fac                HAL_CAN_ErrorCallback
 .text.HAL_CAN_IRQHandler
                0x0000000008000fae      0x258 build/stm32f7xx_hal_can.o
                0x0000000008000fae                HAL_CAN_IRQHandler
 *fill*         0x0000000008001206        0x2 
 .text.HAL_NVIC_SetPriorityGrouping
                0x0000000008001208       0x24 build/stm32f7xx_hal_cortex.o
                0x0000000008001208                HAL_NVIC_SetPriorityGrouping
 .text.HAL_NVIC_SetPriority
                0x000000000800122c       0x60 build/stm32f7xx_hal_cortex.o
                0x000000000800122c                HAL_NVIC_SetPriority
 .text.HAL_NVIC_EnableIRQ
                0x000000000800128c       0x1c build/stm32f7xx_hal_cortex.o
                0x000000000800128c                HAL_NVIC_EnableIRQ
 .text.HAL_SYSTICK_Config
                0x00000000080012a8       0x2c build/stm32f7xx_hal_cortex.o
                0x00000000080012a8                HAL_SYSTICK_Config
 .text.DMA_CalcBaseAndBitshift
                0x00000000080012d4       0x38 build/stm32f7xx_hal_dma.o
 .text.DMA_CheckFifoParam
                0x000000000800130c       0x8e build/stm32f7xx_hal_dma.o
 *fill*         0x000000000800139a        0x2 
 .text.HAL_DMA_Init
                0x000000000800139c       0xd0 build/stm32f7xx_hal_dma.o
                0x000000000800139c                HAL_DMA_Init
 .text.HAL_DMA_IRQHandler
                0x000000000800146c      0x1dc build/stm32f7xx_hal_dma.o
                0x000000000800146c                HAL_DMA_IRQHandler
 .text.HAL_GPIO_Init
                0x0000000008001648      0x1dc build/stm32f7xx_hal_gpio.o
                0x0000000008001648                HAL_GPIO_Init
 .text.HAL_GPIO_WritePin
                0x0000000008001824        0xc build/stm32f7xx_hal_gpio.o
                0x0000000008001824                HAL_GPIO_WritePin
 .text.HAL_PWREx_EnableOverDrive
                0x0000000008001830       0x7c build/stm32f7xx_hal_pwr_ex.o
                0x0000000008001830                HAL_PWREx_EnableOverDrive
 .text.HAL_RCC_OscConfig
                0x00000000080018ac      0x3d4 build/stm32f7xx_hal_rcc.o
                0x00000000080018ac                HAL_RCC_OscConfig
 .text.HAL_RCC_GetSysClockFreq
                0x0000000008001c80       0xa4 build/stm32f7xx_hal_rcc.o
                0x0000000008001c80                HAL_RCC_GetSysClockFreq
 .text.HAL_RCC_ClockConfig
                0x0000000008001d24      0x164 build/stm32f7xx_hal_rcc.o
                0x0000000008001d24                HAL_RCC_ClockConfig
 .text.HAL_RCC_GetHCLKFreq
                0x0000000008001e88        0xc build/stm32f7xx_hal_rcc.o
                0x0000000008001e88                HAL_RCC_GetHCLKFreq
 .text.HAL_RCC_GetPCLK1Freq
                0x0000000008001e94       0x20 build/stm32f7xx_hal_rcc.o
                0x0000000008001e94                HAL_RCC_GetPCLK1Freq
 .text.HAL_RCC_GetPCLK2Freq
                0x0000000008001eb4       0x20 build/stm32f7xx_hal_rcc.o
                0x0000000008001eb4                HAL_RCC_GetPCLK2Freq
 .text.HAL_RCCEx_PeriphCLKConfig
                0x0000000008001ed4      0x608 build/stm32f7xx_hal_rcc_ex.o
                0x0000000008001ed4                HAL_RCCEx_PeriphCLKConfig
 .text.HAL_SPI_Init
                0x00000000080024dc       0xba build/stm32f7xx_hal_spi.o
                0x00000000080024dc                HAL_SPI_Init
 *fill*         0x0000000008002596        0x2 
 .text.TIM_OC1_SetConfig
                0x0000000008002598       0x68 build/stm32f7xx_hal_tim.o
 .text.TIM_OC3_SetConfig
                0x0000000008002600       0x70 build/stm32f7xx_hal_tim.o
 .text.TIM_OC4_SetConfig
                0x0000000008002670       0x54 build/stm32f7xx_hal_tim.o
 .text.TIM_OC5_SetConfig
                0x00000000080026c4       0x54 build/stm32f7xx_hal_tim.o
 .text.TIM_OC6_SetConfig
                0x0000000008002718       0x54 build/stm32f7xx_hal_tim.o
 .text.TIM_TI1_ConfigInputStage
                0x000000000800276c       0x26 build/stm32f7xx_hal_tim.o
 .text.TIM_TI2_ConfigInputStage
                0x0000000008002792       0x28 build/stm32f7xx_hal_tim.o
 .text.TIM_ITRx_SetConfig
                0x00000000080027ba       0x10 build/stm32f7xx_hal_tim.o
 .text.HAL_TIM_PWM_MspInit
                0x00000000080027ca        0x2 build/stm32f7xx_hal_tim.o
                0x00000000080027ca                HAL_TIM_PWM_MspInit
 .text.TIM_Base_SetConfig
                0x00000000080027cc      0x10c build/stm32f7xx_hal_tim.o
                0x00000000080027cc                TIM_Base_SetConfig
 .text.HAL_TIM_Base_Init
                0x00000000080028d8       0x32 build/stm32f7xx_hal_tim.o
                0x00000000080028d8                HAL_TIM_Base_Init
 .text.HAL_TIM_PWM_Init
                0x000000000800290a       0x32 build/stm32f7xx_hal_tim.o
                0x000000000800290a                HAL_TIM_PWM_Init
 .text.TIM_OC2_SetConfig
                0x000000000800293c       0x70 build/stm32f7xx_hal_tim.o
                0x000000000800293c                TIM_OC2_SetConfig
 .text.HAL_TIM_PWM_ConfigChannel
                0x00000000080029ac      0x134 build/stm32f7xx_hal_tim.o
                0x00000000080029ac                HAL_TIM_PWM_ConfigChannel
 .text.TIM_ETR_SetConfig
                0x0000000008002ae0       0x18 build/stm32f7xx_hal_tim.o
                0x0000000008002ae0                TIM_ETR_SetConfig
 .text.HAL_TIM_ConfigClockSource
                0x0000000008002af8       0xdc build/stm32f7xx_hal_tim.o
                0x0000000008002af8                HAL_TIM_ConfigClockSource
 .text.TIM_CCxChannelCmd
                0x0000000008002bd4       0x22 build/stm32f7xx_hal_tim.o
                0x0000000008002bd4                TIM_CCxChannelCmd
 *fill*         0x0000000008002bf6        0x2 
 .text.HAL_TIM_PWM_Start
                0x0000000008002bf8       0x4c build/stm32f7xx_hal_tim.o
                0x0000000008002bf8                HAL_TIM_PWM_Start
 .text.HAL_TIMEx_MasterConfigSynchronization
                0x0000000008002c44       0x64 build/stm32f7xx_hal_tim_ex.o
                0x0000000008002c44                HAL_TIMEx_MasterConfigSynchronization
 .text.UART_SetConfig
                0x0000000008002ca8      0x37c build/stm32f7xx_hal_uart.o
                0x0000000008002ca8                UART_SetConfig
 .text.UART_AdvFeatureConfig
                0x0000000008003024       0xca build/stm32f7xx_hal_uart.o
                0x0000000008003024                UART_AdvFeatureConfig
 .text.UART_WaitOnFlagUntilTimeout
                0x00000000080030ee       0x62 build/stm32f7xx_hal_uart.o
                0x00000000080030ee                UART_WaitOnFlagUntilTimeout
 .text.UART_CheckIdleState
                0x0000000008003150       0x44 build/stm32f7xx_hal_uart.o
                0x0000000008003150                UART_CheckIdleState
 .text.HAL_UART_Init
                0x0000000008003194       0x64 build/stm32f7xx_hal_uart.o
                0x0000000008003194                HAL_UART_Init
 .text.MX_GPIO_Init
                0x00000000080031f8       0x88 build/main.o
 .text.MX_CAN1_Init
                0x0000000008003280       0x3c build/main.o
 .text.MX_USART3_UART_Init
                0x00000000080032bc       0x30 build/main.o
 .text.MX_ADC1_Init
                0x00000000080032ec       0x5c build/main.o
 .text.MX_SPI2_Init
                0x0000000008003348       0x44 build/main.o
 .text.MX_DMA_Init
                0x000000000800338c       0x34 build/main.o
 .text.MX_NVIC_Init
                0x00000000080033c0       0x34 build/main.o
 .text.MX_TIM4_Init
                0x00000000080033f4       0x90 build/main.o
 .text.SystemClock_Config
                0x0000000008003484       0xa8 build/main.o
                0x0000000008003484                SystemClock_Config
 .text.HAL_CAN_RxFifo0MsgPendingCallback
                0x000000000800352c       0x48 build/main.o
                0x000000000800352c                HAL_CAN_RxFifo0MsgPendingCallback
 .text.CAN_initialization
                0x0000000008003574       0x5a build/main.o
                0x0000000008003574                CAN_initialization
 *fill*         0x00000000080035ce        0x2 
 .text.main     0x00000000080035d0       0x64 build/main.o
                0x00000000080035d0                main
 .text.Error_Handler
                0x0000000008003634        0x2 build/main.o
                0x0000000008003634                Error_Handler
 *fill*         0x0000000008003636        0x2 
 .text.HAL_MspInit
                0x0000000008003638       0x30 build/stm32f7xx_hal_msp.o
                0x0000000008003638                HAL_MspInit
 .text.HAL_ADC_MspInit
                0x0000000008003668       0xa4 build/stm32f7xx_hal_msp.o
                0x0000000008003668                HAL_ADC_MspInit
 .text.HAL_CAN_MspInit
                0x000000000800370c       0x6c build/stm32f7xx_hal_msp.o
                0x000000000800370c                HAL_CAN_MspInit
 .text.HAL_SPI_MspInit
                0x0000000008003778       0x94 build/stm32f7xx_hal_msp.o
                0x0000000008003778                HAL_SPI_MspInit
 .text.HAL_TIM_Base_MspInit
                0x000000000800380c       0x2c build/stm32f7xx_hal_msp.o
                0x000000000800380c                HAL_TIM_Base_MspInit
 .text.HAL_TIM_MspPostInit
                0x0000000008003838       0x54 build/stm32f7xx_hal_msp.o
                0x0000000008003838                HAL_TIM_MspPostInit
 .text.HAL_UART_MspInit
                0x000000000800388c       0x6c build/stm32f7xx_hal_msp.o
                0x000000000800388c                HAL_UART_MspInit
 .text.NMI_Handler
                0x00000000080038f8        0x2 build/stm32f7xx_it.o
                0x00000000080038f8                NMI_Handler
 .text.HardFault_Handler
                0x00000000080038fa        0x2 build/stm32f7xx_it.o
                0x00000000080038fa                HardFault_Handler
 .text.MemManage_Handler
                0x00000000080038fc        0x2 build/stm32f7xx_it.o
                0x00000000080038fc                MemManage_Handler
 .text.BusFault_Handler
                0x00000000080038fe        0x2 build/stm32f7xx_it.o
                0x00000000080038fe                BusFault_Handler
 .text.UsageFault_Handler
                0x0000000008003900        0x2 build/stm32f7xx_it.o
                0x0000000008003900                UsageFault_Handler
 .text.SVC_Handler
                0x0000000008003902        0x2 build/stm32f7xx_it.o
                0x0000000008003902                SVC_Handler
 .text.DebugMon_Handler
                0x0000000008003904        0x2 build/stm32f7xx_it.o
                0x0000000008003904                DebugMon_Handler
 .text.PendSV_Handler
                0x0000000008003906        0x2 build/stm32f7xx_it.o
                0x0000000008003906                PendSV_Handler
 .text.SysTick_Handler
                0x0000000008003908        0x8 build/stm32f7xx_it.o
                0x0000000008003908                SysTick_Handler
 .text.CAN1_RX0_IRQHandler
                0x0000000008003910       0x10 build/stm32f7xx_it.o
                0x0000000008003910                CAN1_RX0_IRQHandler
 .text.CAN1_RX1_IRQHandler
                0x0000000008003920       0x10 build/stm32f7xx_it.o
                0x0000000008003920                CAN1_RX1_IRQHandler
 .text.CAN1_SCE_IRQHandler
                0x0000000008003930       0x10 build/stm32f7xx_it.o
                0x0000000008003930                CAN1_SCE_IRQHandler
 .text.DMA2_Stream0_IRQHandler
                0x0000000008003940       0x10 build/stm32f7xx_it.o
                0x0000000008003940                DMA2_Stream0_IRQHandler
 .text.SystemInit
                0x0000000008003950       0x50 build/system_stm32f7xx.o
                0x0000000008003950                SystemInit
 .text.Reset_Handler
                0x00000000080039a0       0x50 build/startup_stm32f767xx.o
                0x00000000080039a0                Reset_Handler
 .text.Default_Handler
                0x00000000080039f0        0x2 build/startup_stm32f767xx.o
                0x00000000080039f0                RTC_Alarm_IRQHandler
                0x00000000080039f0                EXTI2_IRQHandler
                0x00000000080039f0                TIM8_CC_IRQHandler
                0x00000000080039f0                UART8_IRQHandler
                0x00000000080039f0                SPI4_IRQHandler
                0x00000000080039f0                TIM1_CC_IRQHandler
                0x00000000080039f0                DMA2_Stream5_IRQHandler
                0x00000000080039f0                JPEG_IRQHandler
                0x00000000080039f0                DMA1_Stream5_IRQHandler
                0x00000000080039f0                CAN3_RX1_IRQHandler
                0x00000000080039f0                PVD_IRQHandler
                0x00000000080039f0                TAMP_STAMP_IRQHandler
                0x00000000080039f0                CAN2_RX1_IRQHandler
                0x00000000080039f0                EXTI3_IRQHandler
                0x00000000080039f0                TIM8_TRG_COM_TIM14_IRQHandler
                0x00000000080039f0                DFSDM1_FLT1_IRQHandler
                0x00000000080039f0                TIM1_UP_TIM10_IRQHandler
                0x00000000080039f0                TIM8_UP_TIM13_IRQHandler
                0x00000000080039f0                I2C3_ER_IRQHandler
                0x00000000080039f0                DFSDM1_FLT2_IRQHandler
                0x00000000080039f0                EXTI0_IRQHandler
                0x00000000080039f0                I2C2_EV_IRQHandler
                0x00000000080039f0                DMA1_Stream2_IRQHandler
                0x00000000080039f0                FPU_IRQHandler
                0x00000000080039f0                OTG_HS_WKUP_IRQHandler
                0x00000000080039f0                CAN3_SCE_IRQHandler
                0x00000000080039f0                LTDC_ER_IRQHandler
                0x00000000080039f0                CAN2_SCE_IRQHandler
                0x00000000080039f0                DMA2_Stream2_IRQHandler
                0x00000000080039f0                SPI1_IRQHandler
                0x00000000080039f0                TIM6_DAC_IRQHandler
                0x00000000080039f0                TIM1_BRK_TIM9_IRQHandler
                0x00000000080039f0                DCMI_IRQHandler
                0x00000000080039f0                CAN2_RX0_IRQHandler
                0x00000000080039f0                DMA2_Stream3_IRQHandler
                0x00000000080039f0                SAI2_IRQHandler
                0x00000000080039f0                DFSDM1_FLT3_IRQHandler
                0x00000000080039f0                USART6_IRQHandler
                0x00000000080039f0                CAN3_RX0_IRQHandler
                0x00000000080039f0                USART3_IRQHandler
                0x00000000080039f0                UART5_IRQHandler
                0x00000000080039f0                TIM4_IRQHandler
                0x00000000080039f0                QUADSPI_IRQHandler
                0x00000000080039f0                I2C1_EV_IRQHandler
                0x00000000080039f0                DMA1_Stream6_IRQHandler
                0x00000000080039f0                DMA1_Stream1_IRQHandler
                0x00000000080039f0                UART4_IRQHandler
                0x00000000080039f0                TIM3_IRQHandler
                0x00000000080039f0                RCC_IRQHandler
                0x00000000080039f0                TIM8_BRK_TIM12_IRQHandler
                0x00000000080039f0                Default_Handler
                0x00000000080039f0                CEC_IRQHandler
                0x00000000080039f0                EXTI15_10_IRQHandler
                0x00000000080039f0                ADC_IRQHandler
                0x00000000080039f0                DMA1_Stream7_IRQHandler
                0x00000000080039f0                SPI5_IRQHandler
                0x00000000080039f0                TIM7_IRQHandler
                0x00000000080039f0                SDMMC1_IRQHandler
                0x00000000080039f0                CAN2_TX_IRQHandler
                0x00000000080039f0                TIM5_IRQHandler
                0x00000000080039f0                DMA2_Stream7_IRQHandler
                0x00000000080039f0                I2C3_EV_IRQHandler
                0x00000000080039f0                EXTI9_5_IRQHandler
                0x00000000080039f0                RTC_WKUP_IRQHandler
                0x00000000080039f0                LTDC_IRQHandler
                0x00000000080039f0                ETH_WKUP_IRQHandler
                0x00000000080039f0                SPDIF_RX_IRQHandler
                0x00000000080039f0                SPI2_IRQHandler
                0x00000000080039f0                OTG_HS_EP1_IN_IRQHandler
                0x00000000080039f0                DMA1_Stream0_IRQHandler
                0x00000000080039f0                CAN1_TX_IRQHandler
                0x00000000080039f0                EXTI4_IRQHandler
                0x00000000080039f0                RNG_IRQHandler
                0x00000000080039f0                ETH_IRQHandler
                0x00000000080039f0                OTG_HS_EP1_OUT_IRQHandler
                0x00000000080039f0                WWDG_IRQHandler
                0x00000000080039f0                SPI6_IRQHandler
                0x00000000080039f0                MDIOS_IRQHandler
                0x00000000080039f0                I2C4_EV_IRQHandler
                0x00000000080039f0                CAN3_TX_IRQHandler
                0x00000000080039f0                TIM2_IRQHandler
                0x00000000080039f0                OTG_FS_WKUP_IRQHandler
                0x00000000080039f0                TIM1_TRG_COM_TIM11_IRQHandler
                0x00000000080039f0                OTG_HS_IRQHandler
                0x00000000080039f0                DMA2D_IRQHandler
                0x00000000080039f0                EXTI1_IRQHandler
                0x00000000080039f0                SDMMC2_IRQHandler
                0x00000000080039f0                UART7_IRQHandler
                0x00000000080039f0                USART2_IRQHandler
                0x00000000080039f0                DFSDM1_FLT0_IRQHandler
                0x00000000080039f0                I2C2_ER_IRQHandler
                0x00000000080039f0                DMA2_Stream1_IRQHandler
                0x00000000080039f0                FLASH_IRQHandler
                0x00000000080039f0                DMA2_Stream4_IRQHandler
                0x00000000080039f0                USART1_IRQHandler
                0x00000000080039f0                OTG_FS_IRQHandler
                0x00000000080039f0                SPI3_IRQHandler
                0x00000000080039f0                DMA1_Stream4_IRQHandler
                0x00000000080039f0                I2C1_ER_IRQHandler
                0x00000000080039f0                FMC_IRQHandler
                0x00000000080039f0                LPTIM1_IRQHandler
                0x00000000080039f0                I2C4_ER_IRQHandler
                0x00000000080039f0                DMA2_Stream6_IRQHandler
                0x00000000080039f0                SAI1_IRQHandler
                0x00000000080039f0                DMA1_Stream3_IRQHandler
 *fill*         0x00000000080039f2        0x2 
 .text.startup  0x00000000080039f4       0x14 /usr/lib/gcc/arm-none-eabi/6.3.1/../../../arm-none-eabi/lib/thumb/v7e-m/fpv5/hard/libc.a(lib_a-__call_atexit.o)
 *(.glue_7)
 .glue_7        0x0000000008003a08        0x0 linker stubs
 *(.glue_7t)
 .glue_7t       0x0000000008003a08        0x0 linker stubs
 *(.eh_frame)
 .eh_frame      0x0000000008003a08        0x0 /usr/lib/gcc/arm-none-eabi/6.3.1/thumb/v7e-m/fpv5/hard/crtbegin.o
 *(.init)
 .init          0x0000000008003a08        0x4 /usr/lib/gcc/arm-none-eabi/6.3.1/thumb/v7e-m/fpv5/hard/crti.o
                0x0000000008003a08                _init
 .init          0x0000000008003a0c        0x8 /usr/lib/gcc/arm-none-eabi/6.3.1/thumb/v7e-m/fpv5/hard/crtn.o
 *(.fini)
 .fini          0x0000000008003a14        0x4 /usr/lib/gcc/arm-none-eabi/6.3.1/thumb/v7e-m/fpv5/hard/crti.o
                0x0000000008003a14                _fini
 .fini          0x0000000008003a18        0x8 /usr/lib/gcc/arm-none-eabi/6.3.1/thumb/v7e-m/fpv5/hard/crtn.o
                0x0000000008003a20                . = ALIGN (0x4)
                0x0000000008003a20                _etext = .

.vfp11_veneer   0x0000000008003a20        0x0
 .vfp11_veneer  0x0000000008003a20        0x0 linker stubs

.v4_bx          0x0000000008003a20        0x0
 .v4_bx         0x0000000008003a20        0x0 linker stubs

.iplt           0x0000000008003a20        0x0
 .iplt          0x0000000008003a20        0x0 /usr/lib/gcc/arm-none-eabi/6.3.1/thumb/v7e-m/fpv5/hard/crtbegin.o

.rodata         0x0000000008003a20       0x28
                0x0000000008003a20                . = ALIGN (0x4)
 *(.rodata)
 .rodata        0x0000000008003a20        0x4 /usr/lib/gcc/arm-none-eabi/6.3.1/../../../arm-none-eabi/lib/thumb/v7e-m/fpv5/hard/libc.a(lib_a-impure.o)
                0x0000000008003a20                _global_impure_ptr
 *(.rodata*)
 .rodata.flagBitshiftOffset.9184
                0x0000000008003a24        0x8 build/stm32f7xx_hal_dma.o
 .rodata.AHBPrescTable
                0x0000000008003a2c       0x10 build/system_stm32f7xx.o
                0x0000000008003a2c                AHBPrescTable
 .rodata.APBPrescTable
                0x0000000008003a3c        0x8 build/system_stm32f7xx.o
                0x0000000008003a3c                APBPrescTable
 .rodata.str1.4
                0x0000000008003a44        0x4 /usr/lib/gcc/arm-none-eabi/6.3.1/../../../arm-none-eabi/lib/thumb/v7e-m/fpv5/hard/libc.a(lib_a-impure.o)
                                          0x2 (size before relaxing)
                0x0000000008003a48                . = ALIGN (0x4)

.ARM.extab
 *(.ARM.extab* .gnu.linkonce.armextab.*)

.ARM            0x0000000008003a48        0x8
                0x0000000008003a48                __exidx_start = .
 *(.ARM.exidx*)
 .ARM.exidx     0x0000000008003a48        0x8 /usr/lib/gcc/arm-none-eabi/6.3.1/thumb/v7e-m/fpv5/hard/libgcc.a(_udivmoddi4.o)
                0x0000000008003a50                __exidx_end = .

.rel.dyn        0x0000000008003a50        0x0
 .rel.iplt      0x0000000008003a50        0x0 /usr/lib/gcc/arm-none-eabi/6.3.1/thumb/v7e-m/fpv5/hard/crtbegin.o

.preinit_array  0x0000000008003a50        0x0
                0x0000000008003a50                PROVIDE (__preinit_array_start, .)
 *(.preinit_array*)
                0x0000000008003a50                PROVIDE (__preinit_array_end, .)

.init_array     0x0000000008003a50        0x8
                0x0000000008003a50                PROVIDE (__init_array_start, .)
 *(SORT(.init_array.*))
 .init_array.00000
                0x0000000008003a50        0x4 /usr/lib/gcc/arm-none-eabi/6.3.1/../../../arm-none-eabi/lib/thumb/v7e-m/fpv5/hard/libc.a(lib_a-__call_atexit.o)
 *(.init_array*)
 .init_array    0x0000000008003a54        0x4 /usr/lib/gcc/arm-none-eabi/6.3.1/thumb/v7e-m/fpv5/hard/crtbegin.o
                0x0000000008003a58                PROVIDE (__init_array_end, .)

.fini_array     0x0000000008003a58        0x4
                0x0000000008003a58                PROVIDE (__fini_array_start, .)
 *(SORT(.fini_array.*))
 *(.fini_array*)
 .fini_array    0x0000000008003a58        0x4 /usr/lib/gcc/arm-none-eabi/6.3.1/thumb/v7e-m/fpv5/hard/crtbegin.o
                0x0000000008003a5c                PROVIDE (__fini_array_end, .)
                0x0000000008003a5c                _sidata = LOADADDR (.data)

.data           0x0000000020000000      0x43c load address 0x0000000008003a5c
                0x0000000020000000                . = ALIGN (0x4)
                0x0000000020000000                _sdata = .
 *(.data)
 .data          0x0000000020000000      0x430 /usr/lib/gcc/arm-none-eabi/6.3.1/../../../arm-none-eabi/lib/thumb/v7e-m/fpv5/hard/libc.a(lib_a-impure.o)
                0x0000000020000000                _impure_ptr
 *(.data*)
 .data.uwTickFreq
                0x0000000020000430        0x1 build/stm32f7xx_hal.o
                0x0000000020000430                uwTickFreq
 *fill*         0x0000000020000431        0x3 
 .data.uwTickPrio
                0x0000000020000434        0x4 build/stm32f7xx_hal.o
                0x0000000020000434                uwTickPrio
 .data.SystemCoreClock
                0x0000000020000438        0x4 build/system_stm32f7xx.o
                0x0000000020000438                SystemCoreClock
                0x000000002000043c                . = ALIGN (0x4)
                0x000000002000043c                _edata = .

.jcr            0x000000002000043c        0x0 load address 0x0000000008003e98
 .jcr           0x000000002000043c        0x0 /usr/lib/gcc/arm-none-eabi/6.3.1/thumb/v7e-m/fpv5/hard/crtbegin.o

.tm_clone_table
                0x000000002000043c        0x0 load address 0x0000000008003e98
 .tm_clone_table
                0x000000002000043c        0x0 /usr/lib/gcc/arm-none-eabi/6.3.1/thumb/v7e-m/fpv5/hard/crtbegin.o
 .tm_clone_table
                0x000000002000043c        0x0 /usr/lib/gcc/arm-none-eabi/6.3.1/thumb/v7e-m/fpv5/hard/crtend.o

.igot.plt       0x000000002000043c        0x0 load address 0x0000000008003e98
 .igot.plt      0x000000002000043c        0x0 /usr/lib/gcc/arm-none-eabi/6.3.1/thumb/v7e-m/fpv5/hard/crtbegin.o
                0x000000002000043c                . = ALIGN (0x4)

.bss            0x000000002000043c      0x264 load address 0x0000000008003e98
                0x000000002000043c                _sbss = .
                0x000000002000043c                __bss_start__ = _sbss
 *(.bss)
 .bss           0x000000002000043c       0x1c /usr/lib/gcc/arm-none-eabi/6.3.1/thumb/v7e-m/fpv5/hard/crtbegin.o
 *(.bss*)
 *(COMMON)
 COMMON         0x0000000020000458        0x4 build/stm32f7xx_hal.o
                0x0000000020000458                uwTick
 COMMON         0x000000002000045c      0x244 build/main.o
                0x000000002000045c                hspi2
                0x00000000200004c0                htim4
                0x0000000020000500                huart3
                0x0000000020000580                hadc1
                0x00000000200005c8                hdma_adc1
                0x0000000020000628                can
                0x0000000020000678                hcan1
                0x00000000200006a0                . = ALIGN (0x4)
                0x00000000200006a0                _ebss = .
                0x00000000200006a0                __bss_end__ = _ebss

._user_heap_stack
                0x00000000200006a0      0x600 load address 0x0000000008003e98
                0x00000000200006a0                . = ALIGN (0x8)
                [!provide]                        PROVIDE (end, .)
                [!provide]                        PROVIDE (_end, .)
                0x00000000200008a0                . = (. + _Min_Heap_Size)
 *fill*         0x00000000200006a0      0x200 
                0x0000000020000ca0                . = (. + _Min_Stack_Size)
 *fill*         0x00000000200008a0      0x400 
                0x0000000020000ca0                . = ALIGN (0x8)

/DISCARD/
 libc.a(*)
 libm.a(*)
 libgcc.a(*)

.ARM.attributes
                0x0000000000000000       0x2e
 *(.ARM.attributes)
 .ARM.attributes
                0x0000000000000000       0x20 /usr/lib/gcc/arm-none-eabi/6.3.1/thumb/v7e-m/fpv5/hard/crti.o
 .ARM.attributes
                0x0000000000000020       0x32 /usr/lib/gcc/arm-none-eabi/6.3.1/thumb/v7e-m/fpv5/hard/crtbegin.o
 .ARM.attributes
                0x0000000000000052       0x37 build/stm32f7xx_hal.o
 .ARM.attributes
                0x0000000000000089       0x37 build/stm32f7xx_hal_adc.o
 .ARM.attributes
                0x00000000000000c0       0x37 build/stm32f7xx_hal_can.o
 .ARM.attributes
                0x00000000000000f7       0x37 build/stm32f7xx_hal_cortex.o
 .ARM.attributes
                0x000000000000012e       0x37 build/stm32f7xx_hal_dma.o
 .ARM.attributes
                0x0000000000000165       0x37 build/stm32f7xx_hal_gpio.o
 .ARM.attributes
                0x000000000000019c       0x37 build/stm32f7xx_hal_pwr_ex.o
 .ARM.attributes
                0x00000000000001d3       0x37 build/stm32f7xx_hal_rcc.o
 .ARM.attributes
                0x000000000000020a       0x37 build/stm32f7xx_hal_rcc_ex.o
 .ARM.attributes
                0x0000000000000241       0x37 build/stm32f7xx_hal_spi.o
 .ARM.attributes
                0x0000000000000278       0x37 build/stm32f7xx_hal_tim.o
 .ARM.attributes
                0x00000000000002af       0x37 build/stm32f7xx_hal_tim_ex.o
 .ARM.attributes
                0x00000000000002e6       0x37 build/stm32f7xx_hal_uart.o
 .ARM.attributes
                0x000000000000031d       0x37 build/main.o
 .ARM.attributes
                0x0000000000000354       0x37 build/stm32f7xx_hal_msp.o
 .ARM.attributes
                0x000000000000038b       0x37 build/stm32f7xx_it.o
 .ARM.attributes
                0x00000000000003c2       0x37 build/system_stm32f7xx.o
 .ARM.attributes
                0x00000000000003f9       0x21 build/startup_stm32f767xx.o
 .ARM.attributes
                0x000000000000041a       0x32 /usr/lib/gcc/arm-none-eabi/6.3.1/../../../arm-none-eabi/lib/thumb/v7e-m/fpv5/hard/libc.a(lib_a-atexit.o)
 .ARM.attributes
                0x000000000000044c       0x32 /usr/lib/gcc/arm-none-eabi/6.3.1/../../../arm-none-eabi/lib/thumb/v7e-m/fpv5/hard/libc.a(lib_a-fini.o)
 .ARM.attributes
                0x000000000000047e       0x32 /usr/lib/gcc/arm-none-eabi/6.3.1/../../../arm-none-eabi/lib/thumb/v7e-m/fpv5/hard/libc.a(lib_a-impure.o)
 .ARM.attributes
                0x00000000000004b0       0x32 /usr/lib/gcc/arm-none-eabi/6.3.1/../../../arm-none-eabi/lib/thumb/v7e-m/fpv5/hard/libc.a(lib_a-init.o)
 .ARM.attributes
                0x00000000000004e2       0x32 /usr/lib/gcc/arm-none-eabi/6.3.1/../../../arm-none-eabi/lib/thumb/v7e-m/fpv5/hard/libc.a(lib_a-memset.o)
 .ARM.attributes
                0x0000000000000514       0x32 /usr/lib/gcc/arm-none-eabi/6.3.1/../../../arm-none-eabi/lib/thumb/v7e-m/fpv5/hard/libc.a(lib_a-__atexit.o)
 .ARM.attributes
                0x0000000000000546       0x32 /usr/lib/gcc/arm-none-eabi/6.3.1/../../../arm-none-eabi/lib/thumb/v7e-m/fpv5/hard/libc.a(lib_a-__call_atexit.o)
 .ARM.attributes
                0x0000000000000578       0x20 /usr/lib/gcc/arm-none-eabi/6.3.1/thumb/v7e-m/fpv5/hard/libgcc.a(_aeabi_uldivmod.o)
 .ARM.attributes
                0x0000000000000598       0x32 /usr/lib/gcc/arm-none-eabi/6.3.1/thumb/v7e-m/fpv5/hard/libgcc.a(_udivmoddi4.o)
 .ARM.attributes
                0x00000000000005ca       0x20 /usr/lib/gcc/arm-none-eabi/6.3.1/thumb/v7e-m/fpv5/hard/libgcc.a(_dvmd_tls.o)
 .ARM.attributes
                0x00000000000005ea       0x32 /usr/lib/gcc/arm-none-eabi/6.3.1/thumb/v7e-m/fpv5/hard/crtend.o
 .ARM.attributes
                0x000000000000061c       0x20 /usr/lib/gcc/arm-none-eabi/6.3.1/thumb/v7e-m/fpv5/hard/crtn.o
OUTPUT(build/bms_LV.elf elf32-littlearm)

.comment        0x0000000000000000       0x31
 .comment       0x0000000000000000       0x31 /usr/lib/gcc/arm-none-eabi/6.3.1/thumb/v7e-m/fpv5/hard/crtbegin.o
                                         0x32 (size before relaxing)
 .comment       0x0000000000000031       0x32 build/stm32f7xx_hal.o
 .comment       0x0000000000000031       0x32 build/stm32f7xx_hal_adc.o
 .comment       0x0000000000000031       0x32 build/stm32f7xx_hal_can.o
 .comment       0x0000000000000031       0x32 build/stm32f7xx_hal_cortex.o
 .comment       0x0000000000000031       0x32 build/stm32f7xx_hal_dma.o
 .comment       0x0000000000000031       0x32 build/stm32f7xx_hal_gpio.o
 .comment       0x0000000000000031       0x32 build/stm32f7xx_hal_pwr_ex.o
 .comment       0x0000000000000031       0x32 build/stm32f7xx_hal_rcc.o
 .comment       0x0000000000000031       0x32 build/stm32f7xx_hal_rcc_ex.o
 .comment       0x0000000000000031       0x32 build/stm32f7xx_hal_spi.o
 .comment       0x0000000000000031       0x32 build/stm32f7xx_hal_tim.o
 .comment       0x0000000000000031       0x32 build/stm32f7xx_hal_tim_ex.o
 .comment       0x0000000000000031       0x32 build/stm32f7xx_hal_uart.o
 .comment       0x0000000000000031       0x32 build/main.o
 .comment       0x0000000000000031       0x32 build/stm32f7xx_hal_msp.o
 .comment       0x0000000000000031       0x32 build/stm32f7xx_it.o
 .comment       0x0000000000000031       0x32 build/system_stm32f7xx.o
 .comment       0x0000000000000031       0x32 /usr/lib/gcc/arm-none-eabi/6.3.1/../../../arm-none-eabi/lib/thumb/v7e-m/fpv5/hard/libc.a(lib_a-atexit.o)
 .comment       0x0000000000000031       0x32 /usr/lib/gcc/arm-none-eabi/6.3.1/../../../arm-none-eabi/lib/thumb/v7e-m/fpv5/hard/libc.a(lib_a-fini.o)
 .comment       0x0000000000000031       0x32 /usr/lib/gcc/arm-none-eabi/6.3.1/../../../arm-none-eabi/lib/thumb/v7e-m/fpv5/hard/libc.a(lib_a-impure.o)
 .comment       0x0000000000000031       0x32 /usr/lib/gcc/arm-none-eabi/6.3.1/../../../arm-none-eabi/lib/thumb/v7e-m/fpv5/hard/libc.a(lib_a-init.o)
 .comment       0x0000000000000031       0x32 /usr/lib/gcc/arm-none-eabi/6.3.1/../../../arm-none-eabi/lib/thumb/v7e-m/fpv5/hard/libc.a(lib_a-memset.o)
 .comment       0x0000000000000031       0x32 /usr/lib/gcc/arm-none-eabi/6.3.1/../../../arm-none-eabi/lib/thumb/v7e-m/fpv5/hard/libc.a(lib_a-__atexit.o)
 .comment       0x0000000000000031       0x32 /usr/lib/gcc/arm-none-eabi/6.3.1/../../../arm-none-eabi/lib/thumb/v7e-m/fpv5/hard/libc.a(lib_a-__call_atexit.o)
 .comment       0x0000000000000031       0x32 /usr/lib/gcc/arm-none-eabi/6.3.1/thumb/v7e-m/fpv5/hard/libgcc.a(_udivmoddi4.o)
 .comment       0x0000000000000031       0x32 /usr/lib/gcc/arm-none-eabi/6.3.1/thumb/v7e-m/fpv5/hard/crtend.o

.debug_info     0x0000000000000000    0x19aeb
 .debug_info    0x0000000000000000      0xbde build/stm32f7xx_hal.o
 .debug_info    0x0000000000000bde      0xeee build/stm32f7xx_hal_adc.o
 .debug_info    0x0000000000001acc     0x1283 build/stm32f7xx_hal_can.o
 .debug_info    0x0000000000002d4f     0x1317 build/stm32f7xx_hal_cortex.o
 .debug_info    0x0000000000004066      0xb48 build/stm32f7xx_hal_dma.o
 .debug_info    0x0000000000004bae      0x8a6 build/stm32f7xx_hal_gpio.o
 .debug_info    0x0000000000005454      0xb4d build/stm32f7xx_hal_pwr_ex.o
 .debug_info    0x0000000000005fa1      0xc92 build/stm32f7xx_hal_rcc.o
 .debug_info    0x0000000000006c33      0x9a2 build/stm32f7xx_hal_rcc_ex.o
 .debug_info    0x00000000000075d5     0x2031 build/stm32f7xx_hal_spi.o
 .debug_info    0x0000000000009606     0x3638 build/stm32f7xx_hal_tim.o
 .debug_info    0x000000000000cc3e     0x184e build/stm32f7xx_hal_tim_ex.o
 .debug_info    0x000000000000e48c     0x1dcc build/stm32f7xx_hal_uart.o
 .debug_info    0x0000000000010258     0x2982 build/main.o
 .debug_info    0x0000000000012bda     0x1f3b build/stm32f7xx_hal_msp.o
 .debug_info    0x0000000000014b15      0x9bc build/stm32f7xx_it.o
 .debug_info    0x00000000000154d1      0x80e build/system_stm32f7xx.o
 .debug_info    0x0000000000015cdf       0x6f build/startup_stm32f767xx.o
 .debug_info    0x0000000000015d4e      0x907 /usr/lib/gcc/arm-none-eabi/6.3.1/../../../arm-none-eabi/lib/thumb/v7e-m/fpv5/hard/libc.a(lib_a-atexit.o)
 .debug_info    0x0000000000016655       0xfa /usr/lib/gcc/arm-none-eabi/6.3.1/../../../arm-none-eabi/lib/thumb/v7e-m/fpv5/hard/libc.a(lib_a-fini.o)
 .debug_info    0x000000000001674f      0x8a5 /usr/lib/gcc/arm-none-eabi/6.3.1/../../../arm-none-eabi/lib/thumb/v7e-m/fpv5/hard/libc.a(lib_a-impure.o)
 .debug_info    0x0000000000016ff4      0x110 /usr/lib/gcc/arm-none-eabi/6.3.1/../../../arm-none-eabi/lib/thumb/v7e-m/fpv5/hard/libc.a(lib_a-init.o)
 .debug_info    0x0000000000017104      0x91b /usr/lib/gcc/arm-none-eabi/6.3.1/../../../arm-none-eabi/lib/thumb/v7e-m/fpv5/hard/libc.a(lib_a-memset.o)
 .debug_info    0x0000000000017a1f      0x950 /usr/lib/gcc/arm-none-eabi/6.3.1/../../../arm-none-eabi/lib/thumb/v7e-m/fpv5/hard/libc.a(lib_a-__atexit.o)
 .debug_info    0x000000000001836f      0x9bc /usr/lib/gcc/arm-none-eabi/6.3.1/../../../arm-none-eabi/lib/thumb/v7e-m/fpv5/hard/libc.a(lib_a-__call_atexit.o)
 .debug_info    0x0000000000018d2b       0xcc /usr/lib/gcc/arm-none-eabi/6.3.1/thumb/v7e-m/fpv5/hard/libgcc.a(_aeabi_uldivmod.o)
 .debug_info    0x0000000000018df7      0xc24 /usr/lib/gcc/arm-none-eabi/6.3.1/thumb/v7e-m/fpv5/hard/libgcc.a(_udivmoddi4.o)
 .debug_info    0x0000000000019a1b       0xd0 /usr/lib/gcc/arm-none-eabi/6.3.1/thumb/v7e-m/fpv5/hard/libgcc.a(_dvmd_tls.o)

.debug_abbrev   0x0000000000000000     0x33f1
 .debug_abbrev  0x0000000000000000      0x1eb build/stm32f7xx_hal.o
 .debug_abbrev  0x00000000000001eb      0x280 build/stm32f7xx_hal_adc.o
 .debug_abbrev  0x000000000000046b      0x277 build/stm32f7xx_hal_can.o
 .debug_abbrev  0x00000000000006e2      0x33b build/stm32f7xx_hal_cortex.o
 .debug_abbrev  0x0000000000000a1d      0x2aa build/stm32f7xx_hal_dma.o
 .debug_abbrev  0x0000000000000cc7      0x21a build/stm32f7xx_hal_gpio.o
 .debug_abbrev  0x0000000000000ee1      0x1af build/stm32f7xx_hal_pwr_ex.o
 .debug_abbrev  0x0000000000001090      0x2ae build/stm32f7xx_hal_rcc.o
 .debug_abbrev  0x000000000000133e      0x1cd build/stm32f7xx_hal_rcc_ex.o
 .debug_abbrev  0x000000000000150b      0x27e build/stm32f7xx_hal_spi.o
 .debug_abbrev  0x0000000000001789      0x270 build/stm32f7xx_hal_tim.o
 .debug_abbrev  0x00000000000019f9      0x269 build/stm32f7xx_hal_tim_ex.o
 .debug_abbrev  0x0000000000001c62      0x280 build/stm32f7xx_hal_uart.o
 .debug_abbrev  0x0000000000001ee2      0x2e4 build/main.o
 .debug_abbrev  0x00000000000021c6      0x24a build/stm32f7xx_hal_msp.o
 .debug_abbrev  0x0000000000002410      0x193 build/stm32f7xx_it.o
 .debug_abbrev  0x00000000000025a3      0x135 build/system_stm32f7xx.o
 .debug_abbrev  0x00000000000026d8       0x12 build/startup_stm32f767xx.o
 .debug_abbrev  0x00000000000026ea      0x1f6 /usr/lib/gcc/arm-none-eabi/6.3.1/../../../arm-none-eabi/lib/thumb/v7e-m/fpv5/hard/libc.a(lib_a-atexit.o)
 .debug_abbrev  0x00000000000028e0       0xbd /usr/lib/gcc/arm-none-eabi/6.3.1/../../../arm-none-eabi/lib/thumb/v7e-m/fpv5/hard/libc.a(lib_a-fini.o)
 .debug_abbrev  0x000000000000299d      0x189 /usr/lib/gcc/arm-none-eabi/6.3.1/../../../arm-none-eabi/lib/thumb/v7e-m/fpv5/hard/libc.a(lib_a-impure.o)
 .debug_abbrev  0x0000000000002b26       0xba /usr/lib/gcc/arm-none-eabi/6.3.1/../../../arm-none-eabi/lib/thumb/v7e-m/fpv5/hard/libc.a(lib_a-init.o)
 .debug_abbrev  0x0000000000002be0      0x1cd /usr/lib/gcc/arm-none-eabi/6.3.1/../../../arm-none-eabi/lib/thumb/v7e-m/fpv5/hard/libc.a(lib_a-memset.o)
 .debug_abbrev  0x0000000000002dad      0x220 /usr/lib/gcc/arm-none-eabi/6.3.1/../../../arm-none-eabi/lib/thumb/v7e-m/fpv5/hard/libc.a(lib_a-__atexit.o)
 .debug_abbrev  0x0000000000002fcd      0x270 /usr/lib/gcc/arm-none-eabi/6.3.1/../../../arm-none-eabi/lib/thumb/v7e-m/fpv5/hard/libc.a(lib_a-__call_atexit.o)
 .debug_abbrev  0x000000000000323d       0x14 /usr/lib/gcc/arm-none-eabi/6.3.1/thumb/v7e-m/fpv5/hard/libgcc.a(_aeabi_uldivmod.o)
 .debug_abbrev  0x0000000000003251      0x18c /usr/lib/gcc/arm-none-eabi/6.3.1/thumb/v7e-m/fpv5/hard/libgcc.a(_udivmoddi4.o)
 .debug_abbrev  0x00000000000033dd       0x14 /usr/lib/gcc/arm-none-eabi/6.3.1/thumb/v7e-m/fpv5/hard/libgcc.a(_dvmd_tls.o)

.debug_loc      0x0000000000000000    0x10011
 .debug_loc     0x0000000000000000      0x1a8 build/stm32f7xx_hal.o
 .debug_loc     0x00000000000001a8      0xb4d build/stm32f7xx_hal_adc.o
 .debug_loc     0x0000000000000cf5      0xdbb build/stm32f7xx_hal_can.o
 .debug_loc     0x0000000000001ab0      0x698 build/stm32f7xx_hal_cortex.o
 .debug_loc     0x0000000000002148      0xc95 build/stm32f7xx_hal_dma.o
 .debug_loc     0x0000000000002ddd      0x49d build/stm32f7xx_hal_gpio.o
 .debug_loc     0x000000000000327a      0x2dc build/stm32f7xx_hal_pwr_ex.o
 .debug_loc     0x0000000000003556      0x630 build/stm32f7xx_hal_rcc.o
 .debug_loc     0x0000000000003b86      0x719 build/stm32f7xx_hal_rcc_ex.o
 .debug_loc     0x000000000000429f     0x217b build/stm32f7xx_hal_spi.o
 .debug_loc     0x000000000000641a     0x4636 build/stm32f7xx_hal_tim.o
 .debug_loc     0x000000000000aa50     0x1d55 build/stm32f7xx_hal_tim_ex.o
 .debug_loc     0x000000000000c7a5     0x1c25 build/stm32f7xx_hal_uart.o
 .debug_loc     0x000000000000e3ca      0x27e build/main.o
 .debug_loc     0x000000000000e648      0x425 build/stm32f7xx_hal_msp.o
 .debug_loc     0x000000000000ea6d       0xa0 build/stm32f7xx_it.o
 .debug_loc     0x000000000000eb0d      0x16a build/system_stm32f7xx.o
 .debug_loc     0x000000000000ec77       0x2c /usr/lib/gcc/arm-none-eabi/6.3.1/../../../arm-none-eabi/lib/thumb/v7e-m/fpv5/hard/libc.a(lib_a-atexit.o)
 .debug_loc     0x000000000000eca3       0x5c /usr/lib/gcc/arm-none-eabi/6.3.1/../../../arm-none-eabi/lib/thumb/v7e-m/fpv5/hard/libc.a(lib_a-fini.o)
 .debug_loc     0x000000000000ecff       0xae /usr/lib/gcc/arm-none-eabi/6.3.1/../../../arm-none-eabi/lib/thumb/v7e-m/fpv5/hard/libc.a(lib_a-init.o)
 .debug_loc     0x000000000000edad      0x1bd /usr/lib/gcc/arm-none-eabi/6.3.1/../../../arm-none-eabi/lib/thumb/v7e-m/fpv5/hard/libc.a(lib_a-memset.o)
 .debug_loc     0x000000000000ef6a      0x197 /usr/lib/gcc/arm-none-eabi/6.3.1/../../../arm-none-eabi/lib/thumb/v7e-m/fpv5/hard/libc.a(lib_a-__atexit.o)
 .debug_loc     0x000000000000f101      0x199 /usr/lib/gcc/arm-none-eabi/6.3.1/../../../arm-none-eabi/lib/thumb/v7e-m/fpv5/hard/libc.a(lib_a-__call_atexit.o)
 .debug_loc     0x000000000000f29a      0xd77 /usr/lib/gcc/arm-none-eabi/6.3.1/thumb/v7e-m/fpv5/hard/libgcc.a(_udivmoddi4.o)

.debug_aranges  0x0000000000000000     0x1218
 .debug_aranges
                0x0000000000000000      0x110 build/stm32f7xx_hal.o
 .debug_aranges
                0x0000000000000110       0xe8 build/stm32f7xx_hal_adc.o
 .debug_aranges
                0x00000000000001f8      0x138 build/stm32f7xx_hal_can.o
 .debug_aranges
                0x0000000000000330       0xa8 build/stm32f7xx_hal_cortex.o
 .debug_aranges
                0x00000000000003d8       0x90 build/stm32f7xx_hal_dma.o
 .debug_aranges
                0x0000000000000468       0x58 build/stm32f7xx_hal_gpio.o
 .debug_aranges
                0x00000000000004c0       0x80 build/stm32f7xx_hal_pwr_ex.o
 .debug_aranges
                0x0000000000000540       0x88 build/stm32f7xx_hal_rcc.o
 .debug_aranges
                0x00000000000005c8       0x50 build/stm32f7xx_hal_rcc_ex.o
 .debug_aranges
                0x0000000000000618      0x1d8 build/stm32f7xx_hal_spi.o
 .debug_aranges
                0x00000000000007f0      0x3b8 build/stm32f7xx_hal_tim.o
 .debug_aranges
                0x0000000000000ba8      0x168 build/stm32f7xx_hal_tim_ex.o
 .debug_aranges
                0x0000000000000d10      0x1f8 build/stm32f7xx_hal_uart.o
 .debug_aranges
                0x0000000000000f08       0x88 build/main.o
 .debug_aranges
                0x0000000000000f90       0x78 build/stm32f7xx_hal_msp.o
 .debug_aranges
                0x0000000000001008       0x80 build/stm32f7xx_it.o
 .debug_aranges
                0x0000000000001088       0x28 build/system_stm32f7xx.o
 .debug_aranges
                0x00000000000010b0       0x28 build/startup_stm32f767xx.o
 .debug_aranges
                0x00000000000010d8       0x20 /usr/lib/gcc/arm-none-eabi/6.3.1/../../../arm-none-eabi/lib/thumb/v7e-m/fpv5/hard/libc.a(lib_a-atexit.o)
 .debug_aranges
                0x00000000000010f8       0x20 /usr/lib/gcc/arm-none-eabi/6.3.1/../../../arm-none-eabi/lib/thumb/v7e-m/fpv5/hard/libc.a(lib_a-fini.o)
 .debug_aranges
                0x0000000000001118       0x18 /usr/lib/gcc/arm-none-eabi/6.3.1/../../../arm-none-eabi/lib/thumb/v7e-m/fpv5/hard/libc.a(lib_a-impure.o)
 .debug_aranges
                0x0000000000001130       0x20 /usr/lib/gcc/arm-none-eabi/6.3.1/../../../arm-none-eabi/lib/thumb/v7e-m/fpv5/hard/libc.a(lib_a-init.o)
 .debug_aranges
                0x0000000000001150       0x20 /usr/lib/gcc/arm-none-eabi/6.3.1/../../../arm-none-eabi/lib/thumb/v7e-m/fpv5/hard/libc.a(lib_a-memset.o)
 .debug_aranges
                0x0000000000001170       0x20 /usr/lib/gcc/arm-none-eabi/6.3.1/../../../arm-none-eabi/lib/thumb/v7e-m/fpv5/hard/libc.a(lib_a-__atexit.o)
 .debug_aranges
                0x0000000000001190       0x28 /usr/lib/gcc/arm-none-eabi/6.3.1/../../../arm-none-eabi/lib/thumb/v7e-m/fpv5/hard/libc.a(lib_a-__call_atexit.o)
 .debug_aranges
                0x00000000000011b8       0x20 /usr/lib/gcc/arm-none-eabi/6.3.1/thumb/v7e-m/fpv5/hard/libgcc.a(_aeabi_uldivmod.o)
 .debug_aranges
                0x00000000000011d8       0x20 /usr/lib/gcc/arm-none-eabi/6.3.1/thumb/v7e-m/fpv5/hard/libgcc.a(_udivmoddi4.o)
 .debug_aranges
                0x00000000000011f8       0x20 /usr/lib/gcc/arm-none-eabi/6.3.1/thumb/v7e-m/fpv5/hard/libgcc.a(_dvmd_tls.o)

.debug_ranges   0x0000000000000000     0x1128
 .debug_ranges  0x0000000000000000      0x100 build/stm32f7xx_hal.o
 .debug_ranges  0x0000000000000100       0xd8 build/stm32f7xx_hal_adc.o
 .debug_ranges  0x00000000000001d8      0x128 build/stm32f7xx_hal_can.o
 .debug_ranges  0x0000000000000300       0xf8 build/stm32f7xx_hal_cortex.o
 .debug_ranges  0x00000000000003f8       0x80 build/stm32f7xx_hal_dma.o
 .debug_ranges  0x0000000000000478       0x48 build/stm32f7xx_hal_gpio.o
 .debug_ranges  0x00000000000004c0       0x70 build/stm32f7xx_hal_pwr_ex.o
 .debug_ranges  0x0000000000000530       0x78 build/stm32f7xx_hal_rcc.o
 .debug_ranges  0x00000000000005a8       0x40 build/stm32f7xx_hal_rcc_ex.o
 .debug_ranges  0x00000000000005e8      0x1c8 build/stm32f7xx_hal_spi.o
 .debug_ranges  0x00000000000007b0      0x3a8 build/stm32f7xx_hal_tim.o
 .debug_ranges  0x0000000000000b58      0x158 build/stm32f7xx_hal_tim_ex.o
 .debug_ranges  0x0000000000000cb0      0x1e8 build/stm32f7xx_hal_uart.o
 .debug_ranges  0x0000000000000e98       0x78 build/main.o
 .debug_ranges  0x0000000000000f10       0x68 build/stm32f7xx_hal_msp.o
 .debug_ranges  0x0000000000000f78       0x70 build/stm32f7xx_it.o
 .debug_ranges  0x0000000000000fe8       0x18 build/system_stm32f7xx.o
 .debug_ranges  0x0000000000001000       0x20 build/startup_stm32f767xx.o
 .debug_ranges  0x0000000000001020       0x38 /usr/lib/gcc/arm-none-eabi/6.3.1/../../../arm-none-eabi/lib/thumb/v7e-m/fpv5/hard/libc.a(lib_a-__call_atexit.o)
 .debug_ranges  0x0000000000001058       0xd0 /usr/lib/gcc/arm-none-eabi/6.3.1/thumb/v7e-m/fpv5/hard/libgcc.a(_udivmoddi4.o)

.debug_line     0x0000000000000000     0x7290
 .debug_line    0x0000000000000000      0x3bc build/stm32f7xx_hal.o
 .debug_line    0x00000000000003bc      0x620 build/stm32f7xx_hal_adc.o
 .debug_line    0x00000000000009dc      0x676 build/stm32f7xx_hal_can.o
 .debug_line    0x0000000000001052      0x3b6 build/stm32f7xx_hal_cortex.o
 .debug_line    0x0000000000001408      0x4b0 build/stm32f7xx_hal_dma.o
 .debug_line    0x00000000000018b8      0x320 build/stm32f7xx_hal_gpio.o
 .debug_line    0x0000000000001bd8      0x2b0 build/stm32f7xx_hal_pwr_ex.o
 .debug_line    0x0000000000001e88      0x479 build/stm32f7xx_hal_rcc.o
 .debug_line    0x0000000000002301      0x3d4 build/stm32f7xx_hal_rcc_ex.o
 .debug_line    0x00000000000026d5      0xc7b build/stm32f7xx_hal_spi.o
 .debug_line    0x0000000000003350     0x12c4 build/stm32f7xx_hal_tim.o
 .debug_line    0x0000000000004614      0x84c build/stm32f7xx_hal_tim_ex.o
 .debug_line    0x0000000000004e60      0xcd7 build/stm32f7xx_hal_uart.o
 .debug_line    0x0000000000005b37      0x41e build/main.o
 .debug_line    0x0000000000005f55      0x368 build/stm32f7xx_hal_msp.o
 .debug_line    0x00000000000062bd      0x25b build/stm32f7xx_it.o
 .debug_line    0x0000000000006518      0x177 build/system_stm32f7xx.o
 .debug_line    0x000000000000668f       0x74 build/startup_stm32f767xx.o
 .debug_line    0x0000000000006703      0x157 /usr/lib/gcc/arm-none-eabi/6.3.1/../../../arm-none-eabi/lib/thumb/v7e-m/fpv5/hard/libc.a(lib_a-atexit.o)
 .debug_line    0x000000000000685a       0xa5 /usr/lib/gcc/arm-none-eabi/6.3.1/../../../arm-none-eabi/lib/thumb/v7e-m/fpv5/hard/libc.a(lib_a-fini.o)
 .debug_line    0x00000000000068ff       0xef /usr/lib/gcc/arm-none-eabi/6.3.1/../../../arm-none-eabi/lib/thumb/v7e-m/fpv5/hard/libc.a(lib_a-impure.o)
 .debug_line    0x00000000000069ee       0xbe /usr/lib/gcc/arm-none-eabi/6.3.1/../../../arm-none-eabi/lib/thumb/v7e-m/fpv5/hard/libc.a(lib_a-init.o)
 .debug_line    0x0000000000006aac      0x17c /usr/lib/gcc/arm-none-eabi/6.3.1/../../../arm-none-eabi/lib/thumb/v7e-m/fpv5/hard/libc.a(lib_a-memset.o)
 .debug_line    0x0000000000006c28      0x18a /usr/lib/gcc/arm-none-eabi/6.3.1/../../../arm-none-eabi/lib/thumb/v7e-m/fpv5/hard/libc.a(lib_a-__atexit.o)
 .debug_line    0x0000000000006db2      0x1b8 /usr/lib/gcc/arm-none-eabi/6.3.1/../../../arm-none-eabi/lib/thumb/v7e-m/fpv5/hard/libc.a(lib_a-__call_atexit.o)
 .debug_line    0x0000000000006f6a       0x67 /usr/lib/gcc/arm-none-eabi/6.3.1/thumb/v7e-m/fpv5/hard/libgcc.a(_aeabi_uldivmod.o)
 .debug_line    0x0000000000006fd1      0x258 /usr/lib/gcc/arm-none-eabi/6.3.1/thumb/v7e-m/fpv5/hard/libgcc.a(_udivmoddi4.o)
 .debug_line    0x0000000000007229       0x67 /usr/lib/gcc/arm-none-eabi/6.3.1/thumb/v7e-m/fpv5/hard/libgcc.a(_dvmd_tls.o)

.debug_str      0x0000000000000000     0x6b82
 .debug_str     0x0000000000000000      0xce6 build/stm32f7xx_hal.o
                                        0xd4a (size before relaxing)
 .debug_str     0x0000000000000ce6      0x6d0 build/stm32f7xx_hal_adc.o
                                        0x9da (size before relaxing)
 .debug_str     0x00000000000013b6      0x77e build/stm32f7xx_hal_can.o
                                        0xaf0 (size before relaxing)
 .debug_str     0x0000000000001b34      0x562 build/stm32f7xx_hal_cortex.o
                                        0xede (size before relaxing)
 .debug_str     0x0000000000002096      0x2da build/stm32f7xx_hal_dma.o
                                        0x80b (size before relaxing)
 .debug_str     0x0000000000002370      0x19f build/stm32f7xx_hal_gpio.o
                                        0x5a2 (size before relaxing)
 .debug_str     0x000000000000250f      0x20b build/stm32f7xx_hal_pwr_ex.o
                                        0x6f1 (size before relaxing)
 .debug_str     0x000000000000271a      0x302 build/stm32f7xx_hal_rcc.o
                                        0x789 (size before relaxing)
 .debug_str     0x0000000000002a1c      0x3f8 build/stm32f7xx_hal_rcc_ex.o
                                        0x7de (size before relaxing)
 .debug_str     0x0000000000002e14      0x732 build/stm32f7xx_hal_spi.o
                                        0xcc6 (size before relaxing)
 .debug_str     0x0000000000003546     0x1055 build/stm32f7xx_hal_tim.o
                                       0x15e1 (size before relaxing)
 .debug_str     0x000000000000459b      0x641 build/stm32f7xx_hal_tim_ex.o
                                        0xef3 (size before relaxing)
 .debug_str     0x0000000000004bdc      0x7f3 build/stm32f7xx_hal_uart.o
                                        0xf6d (size before relaxing)
 .debug_str     0x00000000000053cf      0x1ab build/main.o
                                       0x1fa7 (size before relaxing)
 .debug_str     0x000000000000557a       0x22 build/stm32f7xx_hal_msp.o
                                       0x172d (size before relaxing)
 .debug_str     0x000000000000559c       0xf7 build/stm32f7xx_it.o
                                        0x842 (size before relaxing)
 .debug_str     0x0000000000005693       0x42 build/system_stm32f7xx.o
                                        0x4cf (size before relaxing)
 .debug_str     0x00000000000056d5      0x524 /usr/lib/gcc/arm-none-eabi/6.3.1/../../../arm-none-eabi/lib/thumb/v7e-m/fpv5/hard/libc.a(lib_a-atexit.o)
                                        0x602 (size before relaxing)
 .debug_str     0x0000000000005bf9       0xd6 /usr/lib/gcc/arm-none-eabi/6.3.1/../../../arm-none-eabi/lib/thumb/v7e-m/fpv5/hard/libc.a(lib_a-fini.o)
                                        0x21b (size before relaxing)
 .debug_str     0x0000000000005ccf       0xa9 /usr/lib/gcc/arm-none-eabi/6.3.1/../../../arm-none-eabi/lib/thumb/v7e-m/fpv5/hard/libc.a(lib_a-impure.o)
                                        0x5b7 (size before relaxing)
 .debug_str     0x0000000000005d78       0x99 /usr/lib/gcc/arm-none-eabi/6.3.1/../../../arm-none-eabi/lib/thumb/v7e-m/fpv5/hard/libc.a(lib_a-init.o)
                                        0x245 (size before relaxing)
 .debug_str     0x0000000000005e11       0xb3 /usr/lib/gcc/arm-none-eabi/6.3.1/../../../arm-none-eabi/lib/thumb/v7e-m/fpv5/hard/libc.a(lib_a-memset.o)
                                        0x5cf (size before relaxing)
 .debug_str     0x0000000000005ec4       0x47 /usr/lib/gcc/arm-none-eabi/6.3.1/../../../arm-none-eabi/lib/thumb/v7e-m/fpv5/hard/libc.a(lib_a-__atexit.o)
                                        0x61c (size before relaxing)
 .debug_str     0x0000000000005f0b       0x7c /usr/lib/gcc/arm-none-eabi/6.3.1/../../../arm-none-eabi/lib/thumb/v7e-m/fpv5/hard/libc.a(lib_a-__call_atexit.o)
                                        0x62d (size before relaxing)
 .debug_str     0x0000000000005f87      0xbfb /usr/lib/gcc/arm-none-eabi/6.3.1/thumb/v7e-m/fpv5/hard/libgcc.a(_udivmoddi4.o)
                                        0xcee (size before relaxing)

.debug_frame    0x0000000000000000     0x339c
 .debug_frame   0x0000000000000000      0x240 build/stm32f7xx_hal.o
 .debug_frame   0x0000000000000240      0x2b8 build/stm32f7xx_hal_adc.o
 .debug_frame   0x00000000000004f8      0x318 build/stm32f7xx_hal_can.o
 .debug_frame   0x0000000000000810      0x16c build/stm32f7xx_hal_cortex.o
 .debug_frame   0x000000000000097c      0x1a8 build/stm32f7xx_hal_dma.o
 .debug_frame   0x0000000000000b24       0xe4 build/stm32f7xx_hal_gpio.o
 .debug_frame   0x0000000000000c08      0x150 build/stm32f7xx_hal_pwr_ex.o
 .debug_frame   0x0000000000000d58      0x1bc build/stm32f7xx_hal_rcc.o
 .debug_frame   0x0000000000000f14       0xe8 build/stm32f7xx_hal_rcc_ex.o
 .debug_frame   0x0000000000000ffc      0x664 build/stm32f7xx_hal_spi.o
 .debug_frame   0x0000000000001660      0xc4c build/stm32f7xx_hal_tim.o
 .debug_frame   0x00000000000022ac      0x49c build/stm32f7xx_hal_tim_ex.o
 .debug_frame   0x0000000000002748      0x644 build/stm32f7xx_hal_uart.o
 .debug_frame   0x0000000000002d8c      0x1b0 build/main.o
 .debug_frame   0x0000000000002f3c      0x170 build/stm32f7xx_hal_msp.o
 .debug_frame   0x00000000000030ac      0x11c build/stm32f7xx_it.o
 .debug_frame   0x00000000000031c8       0x3c build/system_stm32f7xx.o
 .debug_frame   0x0000000000003204       0x20 /usr/lib/gcc/arm-none-eabi/6.3.1/../../../arm-none-eabi/lib/thumb/v7e-m/fpv5/hard/libc.a(lib_a-atexit.o)
 .debug_frame   0x0000000000003224       0x34 /usr/lib/gcc/arm-none-eabi/6.3.1/../../../arm-none-eabi/lib/thumb/v7e-m/fpv5/hard/libc.a(lib_a-fini.o)
 .debug_frame   0x0000000000003258       0x2c /usr/lib/gcc/arm-none-eabi/6.3.1/../../../arm-none-eabi/lib/thumb/v7e-m/fpv5/hard/libc.a(lib_a-init.o)
 .debug_frame   0x0000000000003284       0x34 /usr/lib/gcc/arm-none-eabi/6.3.1/../../../arm-none-eabi/lib/thumb/v7e-m/fpv5/hard/libc.a(lib_a-memset.o)
 .debug_frame   0x00000000000032b8       0x34 /usr/lib/gcc/arm-none-eabi/6.3.1/../../../arm-none-eabi/lib/thumb/v7e-m/fpv5/hard/libc.a(lib_a-__atexit.o)
 .debug_frame   0x00000000000032ec       0x50 /usr/lib/gcc/arm-none-eabi/6.3.1/../../../arm-none-eabi/lib/thumb/v7e-m/fpv5/hard/libc.a(lib_a-__call_atexit.o)
 .debug_frame   0x000000000000333c       0x2c /usr/lib/gcc/arm-none-eabi/6.3.1/thumb/v7e-m/fpv5/hard/libgcc.a(_aeabi_uldivmod.o)
 .debug_frame   0x0000000000003368       0x34 /usr/lib/gcc/arm-none-eabi/6.3.1/thumb/v7e-m/fpv5/hard/libgcc.a(_udivmoddi4.o)

Cross Reference Table

Symbol                                            File
ADC_IRQHandler                                    build/startup_stm32f767xx.o
AHBPrescTable                                     build/system_stm32f7xx.o
                                                  build/stm32f7xx_hal_rcc.o
APBPrescTable                                     build/system_stm32f7xx.o
                                                  build/stm32f7xx_hal_rcc.o
BusFault_Handler                                  build/stm32f7xx_it.o
CAN1_RX0_IRQHandler                               build/stm32f7xx_it.o
CAN1_RX1_IRQHandler                               build/stm32f7xx_it.o
CAN1_SCE_IRQHandler                               build/stm32f7xx_it.o
CAN1_TX_IRQHandler                                build/startup_stm32f767xx.o
CAN2_RX0_IRQHandler                               build/startup_stm32f767xx.o
CAN2_RX1_IRQHandler                               build/startup_stm32f767xx.o
CAN2_SCE_IRQHandler                               build/startup_stm32f767xx.o
CAN2_TX_IRQHandler                                build/startup_stm32f767xx.o
CAN3_RX0_IRQHandler                               build/startup_stm32f767xx.o
CAN3_RX1_IRQHandler                               build/startup_stm32f767xx.o
CAN3_SCE_IRQHandler                               build/startup_stm32f767xx.o
CAN3_TX_IRQHandler                                build/startup_stm32f767xx.o
CAN_Read_Message                                  build/main.o
CAN_initialization                                build/main.o
CEC_IRQHandler                                    build/startup_stm32f767xx.o
CS_LTCn                                           build/ltc.o
CS_LTCx                                           build/ltc.o
DCMI_IRQHandler                                   build/startup_stm32f767xx.o
DFSDM1_FLT0_IRQHandler                            build/startup_stm32f767xx.o
DFSDM1_FLT1_IRQHandler                            build/startup_stm32f767xx.o
DFSDM1_FLT2_IRQHandler                            build/startup_stm32f767xx.o
DFSDM1_FLT3_IRQHandler                            build/startup_stm32f767xx.o
DMA1_Stream0_IRQHandler                           build/startup_stm32f767xx.o
DMA1_Stream1_IRQHandler                           build/startup_stm32f767xx.o
DMA1_Stream2_IRQHandler                           build/startup_stm32f767xx.o
DMA1_Stream3_IRQHandler                           build/startup_stm32f767xx.o
DMA1_Stream4_IRQHandler                           build/startup_stm32f767xx.o
DMA1_Stream5_IRQHandler                           build/startup_stm32f767xx.o
DMA1_Stream6_IRQHandler                           build/startup_stm32f767xx.o
DMA1_Stream7_IRQHandler                           build/startup_stm32f767xx.o
DMA2D_IRQHandler                                  build/startup_stm32f767xx.o
DMA2_Stream0_IRQHandler                           build/stm32f7xx_it.o
DMA2_Stream1_IRQHandler                           build/startup_stm32f767xx.o
DMA2_Stream2_IRQHandler                           build/startup_stm32f767xx.o
DMA2_Stream3_IRQHandler                           build/startup_stm32f767xx.o
DMA2_Stream4_IRQHandler                           build/startup_stm32f767xx.o
DMA2_Stream5_IRQHandler                           build/startup_stm32f767xx.o
DMA2_Stream6_IRQHandler                           build/startup_stm32f767xx.o
DMA2_Stream7_IRQHandler                           build/startup_stm32f767xx.o
DebugMon_Handler                                  build/stm32f7xx_it.o
Default_Handler                                   build/startup_stm32f767xx.o
ETH_IRQHandler                                    build/startup_stm32f767xx.o
ETH_WKUP_IRQHandler                               build/startup_stm32f767xx.o
EXTI0_IRQHandler                                  build/startup_stm32f767xx.o
EXTI15_10_IRQHandler                              build/startup_stm32f767xx.o
EXTI1_IRQHandler                                  build/startup_stm32f767xx.o
EXTI2_IRQHandler                                  build/startup_stm32f767xx.o
EXTI3_IRQHandler                                  build/startup_stm32f767xx.o
EXTI4_IRQHandler                                  build/startup_stm32f767xx.o
EXTI9_5_IRQHandler                                build/startup_stm32f767xx.o
Error_Handler                                     build/main.o
                                                  build/stm32f7xx_hal_msp.o
FLASH_Erase_Sector                                build/stm32f7xx_hal_flash_ex.o
                                                  build/stm32f7xx_hal_flash.o
FLASH_IRQHandler                                  build/startup_stm32f767xx.o
FLASH_WaitForLastOperation                        build/stm32f7xx_hal_flash.o
                                                  build/stm32f7xx_hal_flash_ex.o
FMC_IRQHandler                                    build/startup_stm32f767xx.o
FPU_IRQHandler                                    build/startup_stm32f767xx.o
HAL_ADCEx_InjectedConfigChannel                   build/stm32f7xx_hal_adc_ex.o
HAL_ADCEx_InjectedConvCpltCallback                build/stm32f7xx_hal_adc_ex.o
                                                  build/stm32f7xx_hal_adc.o
HAL_ADCEx_InjectedGetValue                        build/stm32f7xx_hal_adc_ex.o
HAL_ADCEx_InjectedPollForConversion               build/stm32f7xx_hal_adc_ex.o
HAL_ADCEx_InjectedStart                           build/stm32f7xx_hal_adc_ex.o
HAL_ADCEx_InjectedStart_IT                        build/stm32f7xx_hal_adc_ex.o
HAL_ADCEx_InjectedStop                            build/stm32f7xx_hal_adc_ex.o
HAL_ADCEx_InjectedStop_IT                         build/stm32f7xx_hal_adc_ex.o
HAL_ADCEx_MultiModeConfigChannel                  build/stm32f7xx_hal_adc_ex.o
HAL_ADCEx_MultiModeGetValue                       build/stm32f7xx_hal_adc_ex.o
HAL_ADCEx_MultiModeStart_DMA                      build/stm32f7xx_hal_adc_ex.o
HAL_ADCEx_MultiModeStop_DMA                       build/stm32f7xx_hal_adc_ex.o
HAL_ADC_AnalogWDGConfig                           build/stm32f7xx_hal_adc.o
HAL_ADC_ConfigChannel                             build/stm32f7xx_hal_adc.o
                                                  build/main.o
HAL_ADC_ConvCpltCallback                          build/stm32f7xx_hal_adc.o
                                                  build/stm32f7xx_hal_adc_ex.o
HAL_ADC_ConvHalfCpltCallback                      build/stm32f7xx_hal_adc.o
                                                  build/stm32f7xx_hal_adc_ex.o
HAL_ADC_DeInit                                    build/stm32f7xx_hal_adc.o
HAL_ADC_ErrorCallback                             build/stm32f7xx_hal_adc.o
                                                  build/stm32f7xx_hal_adc_ex.o
HAL_ADC_GetError                                  build/stm32f7xx_hal_adc.o
HAL_ADC_GetState                                  build/stm32f7xx_hal_adc.o
HAL_ADC_GetValue                                  build/stm32f7xx_hal_adc.o
HAL_ADC_IRQHandler                                build/stm32f7xx_hal_adc.o
HAL_ADC_Init                                      build/stm32f7xx_hal_adc.o
                                                  build/main.o
HAL_ADC_LevelOutOfWindowCallback                  build/stm32f7xx_hal_adc.o
HAL_ADC_MspDeInit                                 build/stm32f7xx_hal_msp.o
                                                  build/stm32f7xx_hal_adc.o
HAL_ADC_MspInit                                   build/stm32f7xx_hal_msp.o
                                                  build/stm32f7xx_hal_adc.o
HAL_ADC_PollForConversion                         build/stm32f7xx_hal_adc.o
HAL_ADC_PollForEvent                              build/stm32f7xx_hal_adc.o
HAL_ADC_Start                                     build/stm32f7xx_hal_adc.o
HAL_ADC_Start_DMA                                 build/stm32f7xx_hal_adc.o
HAL_ADC_Start_IT                                  build/stm32f7xx_hal_adc.o
HAL_ADC_Stop                                      build/stm32f7xx_hal_adc.o
HAL_ADC_Stop_DMA                                  build/stm32f7xx_hal_adc.o
HAL_ADC_Stop_IT                                   build/stm32f7xx_hal_adc.o
HAL_CAN_AbortTxRequest                            build/stm32f7xx_hal_can.o
HAL_CAN_ActivateNotification                      build/stm32f7xx_hal_can.o
                                                  build/main.o
HAL_CAN_AddTxMessage                              build/stm32f7xx_hal_can.o
HAL_CAN_ConfigFilter                              build/stm32f7xx_hal_can.o
                                                  build/main.o
HAL_CAN_DeInit                                    build/stm32f7xx_hal_can.o
HAL_CAN_DeactivateNotification                    build/stm32f7xx_hal_can.o
HAL_CAN_ErrorCallback                             build/stm32f7xx_hal_can.o
HAL_CAN_GetError                                  build/stm32f7xx_hal_can.o
HAL_CAN_GetRxFifoFillLevel                        build/stm32f7xx_hal_can.o
                                                  build/main.o
HAL_CAN_GetRxMessage                              build/stm32f7xx_hal_can.o
                                                  build/main.o
HAL_CAN_GetState                                  build/stm32f7xx_hal_can.o
HAL_CAN_GetTxMailboxesFreeLevel                   build/stm32f7xx_hal_can.o
HAL_CAN_GetTxTimestamp                            build/stm32f7xx_hal_can.o
HAL_CAN_IRQHandler                                build/stm32f7xx_hal_can.o
                                                  build/stm32f7xx_it.o
HAL_CAN_Init                                      build/stm32f7xx_hal_can.o
                                                  build/main.o
HAL_CAN_IsSleepActive                             build/stm32f7xx_hal_can.o
HAL_CAN_IsTxMessagePending                        build/stm32f7xx_hal_can.o
HAL_CAN_MspDeInit                                 build/stm32f7xx_hal_msp.o
                                                  build/stm32f7xx_hal_can.o
HAL_CAN_MspInit                                   build/stm32f7xx_hal_msp.o
                                                  build/stm32f7xx_hal_can.o
HAL_CAN_RequestSleep                              build/stm32f7xx_hal_can.o
HAL_CAN_ResetError                                build/stm32f7xx_hal_can.o
HAL_CAN_RxFifo0FullCallback                       build/stm32f7xx_hal_can.o
HAL_CAN_RxFifo0MsgPendingCallback                 build/main.o
                                                  build/stm32f7xx_hal_can.o
HAL_CAN_RxFifo1FullCallback                       build/stm32f7xx_hal_can.o
HAL_CAN_RxFifo1MsgPendingCallback                 build/stm32f7xx_hal_can.o
HAL_CAN_SleepCallback                             build/stm32f7xx_hal_can.o
HAL_CAN_Start                                     build/stm32f7xx_hal_can.o
                                                  build/main.o
HAL_CAN_Stop                                      build/stm32f7xx_hal_can.o
HAL_CAN_TxMailbox0AbortCallback                   build/stm32f7xx_hal_can.o
HAL_CAN_TxMailbox0CompleteCallback                build/stm32f7xx_hal_can.o
HAL_CAN_TxMailbox1AbortCallback                   build/stm32f7xx_hal_can.o
HAL_CAN_TxMailbox1CompleteCallback                build/stm32f7xx_hal_can.o
HAL_CAN_TxMailbox2AbortCallback                   build/stm32f7xx_hal_can.o
HAL_CAN_TxMailbox2CompleteCallback                build/stm32f7xx_hal_can.o
HAL_CAN_WakeUp                                    build/stm32f7xx_hal_can.o
HAL_CAN_WakeUpFromRxMsgCallback                   build/stm32f7xx_hal_can.o
HAL_DBGMCU_DisableDBGSleepMode                    build/stm32f7xx_hal.o
HAL_DBGMCU_DisableDBGStandbyMode                  build/stm32f7xx_hal.o
HAL_DBGMCU_DisableDBGStopMode                     build/stm32f7xx_hal.o
HAL_DBGMCU_EnableDBGSleepMode                     build/stm32f7xx_hal.o
HAL_DBGMCU_EnableDBGStandbyMode                   build/stm32f7xx_hal.o
HAL_DBGMCU_EnableDBGStopMode                      build/stm32f7xx_hal.o
HAL_DMAEx_ChangeMemory                            build/stm32f7xx_hal_dma_ex.o
HAL_DMAEx_MultiBufferStart                        build/stm32f7xx_hal_dma_ex.o
HAL_DMAEx_MultiBufferStart_IT                     build/stm32f7xx_hal_dma_ex.o
HAL_DMA_Abort                                     build/stm32f7xx_hal_dma.o
                                                  build/stm32f7xx_hal_uart.o
                                                  build/stm32f7xx_hal_spi.o
                                                  build/stm32f7xx_hal_adc_ex.o
                                                  build/stm32f7xx_hal_adc.o
HAL_DMA_Abort_IT                                  build/stm32f7xx_hal_dma.o
                                                  build/stm32f7xx_hal_uart.o
                                                  build/stm32f7xx_hal_tim_ex.o
                                                  build/stm32f7xx_hal_tim.o
                                                  build/stm32f7xx_hal_spi.o
                                                  build/stm32f7xx_hal_i2c.o
HAL_DMA_DeInit                                    build/stm32f7xx_hal_dma.o
                                                  build/stm32f7xx_hal_msp.o
HAL_DMA_GetError                                  build/stm32f7xx_hal_dma.o
                                                  build/stm32f7xx_hal_uart.o
                                                  build/stm32f7xx_hal_i2c.o
HAL_DMA_GetState                                  build/stm32f7xx_hal_dma.o
HAL_DMA_IRQHandler                                build/stm32f7xx_hal_dma.o
                                                  build/stm32f7xx_it.o
HAL_DMA_Init                                      build/stm32f7xx_hal_dma.o
                                                  build/stm32f7xx_hal_msp.o
HAL_DMA_PollForTransfer                           build/stm32f7xx_hal_dma.o
HAL_DMA_RegisterCallback                          build/stm32f7xx_hal_dma.o
HAL_DMA_Start                                     build/stm32f7xx_hal_dma.o
HAL_DMA_Start_IT                                  build/stm32f7xx_hal_dma.o
                                                  build/stm32f7xx_hal_uart.o
                                                  build/stm32f7xx_hal_tim_ex.o
                                                  build/stm32f7xx_hal_tim.o
                                                  build/stm32f7xx_hal_spi.o
                                                  build/stm32f7xx_hal_i2c.o
                                                  build/stm32f7xx_hal_adc_ex.o
                                                  build/stm32f7xx_hal_adc.o
HAL_DMA_UnRegisterCallback                        build/stm32f7xx_hal_dma.o
HAL_DeInit                                        build/stm32f7xx_hal.o
HAL_Delay                                         build/stm32f7xx_hal.o
HAL_DisableCompensationCell                       build/stm32f7xx_hal.o
HAL_DisableFMCMemorySwapping                      build/stm32f7xx_hal.o
HAL_DisableMemorySwappingBank                     build/stm32f7xx_hal.o
HAL_EXTI_ClearConfigLine                          build/stm32f7xx_hal_exti.o
HAL_EXTI_ClearPending                             build/stm32f7xx_hal_exti.o
HAL_EXTI_GenerateSWI                              build/stm32f7xx_hal_exti.o
HAL_EXTI_GetConfigLine                            build/stm32f7xx_hal_exti.o
HAL_EXTI_GetHandle                                build/stm32f7xx_hal_exti.o
HAL_EXTI_GetPending                               build/stm32f7xx_hal_exti.o
HAL_EXTI_IRQHandler                               build/stm32f7xx_hal_exti.o
HAL_EXTI_RegisterCallback                         build/stm32f7xx_hal_exti.o
HAL_EXTI_SetConfigLine                            build/stm32f7xx_hal_exti.o
HAL_EnableCompensationCell                        build/stm32f7xx_hal.o
HAL_EnableFMCMemorySwapping                       build/stm32f7xx_hal.o
HAL_EnableMemorySwappingBank                      build/stm32f7xx_hal.o
HAL_FLASHEx_Erase                                 build/stm32f7xx_hal_flash_ex.o
HAL_FLASHEx_Erase_IT                              build/stm32f7xx_hal_flash_ex.o
HAL_FLASHEx_OBGetConfig                           build/stm32f7xx_hal_flash_ex.o
HAL_FLASHEx_OBProgram                             build/stm32f7xx_hal_flash_ex.o
HAL_FLASH_EndOfOperationCallback                  build/stm32f7xx_hal_flash.o
HAL_FLASH_GetError                                build/stm32f7xx_hal_flash.o
HAL_FLASH_IRQHandler                              build/stm32f7xx_hal_flash.o
HAL_FLASH_Lock                                    build/stm32f7xx_hal_flash.o
HAL_FLASH_OB_Launch                               build/stm32f7xx_hal_flash.o
HAL_FLASH_OB_Lock                                 build/stm32f7xx_hal_flash.o
HAL_FLASH_OB_Unlock                               build/stm32f7xx_hal_flash.o
HAL_FLASH_OperationErrorCallback                  build/stm32f7xx_hal_flash.o
HAL_FLASH_Program                                 build/stm32f7xx_hal_flash.o
HAL_FLASH_Program_IT                              build/stm32f7xx_hal_flash.o
HAL_FLASH_Unlock                                  build/stm32f7xx_hal_flash.o
HAL_GPIO_DeInit                                   build/stm32f7xx_hal_gpio.o
                                                  build/stm32f7xx_hal_msp.o
HAL_GPIO_EXTI_Callback                            build/stm32f7xx_hal_gpio.o
HAL_GPIO_EXTI_IRQHandler                          build/stm32f7xx_hal_gpio.o
HAL_GPIO_Init                                     build/stm32f7xx_hal_gpio.o
                                                  build/stm32f7xx_hal_msp.o
                                                  build/main.o
                                                  build/stm32f7xx_hal_rcc.o
HAL_GPIO_LockPin                                  build/stm32f7xx_hal_gpio.o
HAL_GPIO_ReadPin                                  build/stm32f7xx_hal_gpio.o
HAL_GPIO_TogglePin                                build/stm32f7xx_hal_gpio.o
HAL_GPIO_WritePin                                 build/stm32f7xx_hal_gpio.o
                                                  build/main.o
HAL_GetDEVID                                      build/stm32f7xx_hal.o
HAL_GetHalVersion                                 build/stm32f7xx_hal.o
HAL_GetREVID                                      build/stm32f7xx_hal.o
HAL_GetTick                                       build/stm32f7xx_hal.o
                                                  build/stm32f7xx_hal_uart.o
                                                  build/stm32f7xx_hal_spi.o
                                                  build/stm32f7xx_hal_rcc_ex.o
                                                  build/stm32f7xx_hal_rcc.o
                                                  build/stm32f7xx_hal_pwr_ex.o
                                                  build/stm32f7xx_hal_i2c.o
                                                  build/stm32f7xx_hal_flash.o
                                                  build/stm32f7xx_hal_dma.o
                                                  build/stm32f7xx_hal_can.o
                                                  build/stm32f7xx_hal_adc_ex.o
                                                  build/stm32f7xx_hal_adc.o
HAL_GetTickFreq                                   build/stm32f7xx_hal.o
HAL_GetTickPrio                                   build/stm32f7xx_hal.o
HAL_GetUIDw0                                      build/stm32f7xx_hal.o
HAL_GetUIDw1                                      build/stm32f7xx_hal.o
HAL_GetUIDw2                                      build/stm32f7xx_hal.o
HAL_HalfDuplex_EnableReceiver                     build/stm32f7xx_hal_uart.o
HAL_HalfDuplex_EnableTransmitter                  build/stm32f7xx_hal_uart.o
HAL_HalfDuplex_Init                               build/stm32f7xx_hal_uart.o
HAL_I2CEx_ConfigAnalogFilter                      build/stm32f7xx_hal_i2c_ex.o
HAL_I2CEx_ConfigDigitalFilter                     build/stm32f7xx_hal_i2c_ex.o
HAL_I2CEx_DisableFastModePlus                     build/stm32f7xx_hal_i2c_ex.o
HAL_I2CEx_EnableFastModePlus                      build/stm32f7xx_hal_i2c_ex.o
HAL_I2C_AbortCpltCallback                         build/stm32f7xx_hal_i2c.o
HAL_I2C_AddrCallback                              build/stm32f7xx_hal_i2c.o
HAL_I2C_DeInit                                    build/stm32f7xx_hal_i2c.o
HAL_I2C_DisableListen_IT                          build/stm32f7xx_hal_i2c.o
HAL_I2C_ER_IRQHandler                             build/stm32f7xx_hal_i2c.o
HAL_I2C_EV_IRQHandler                             build/stm32f7xx_hal_i2c.o
HAL_I2C_EnableListen_IT                           build/stm32f7xx_hal_i2c.o
HAL_I2C_ErrorCallback                             build/stm32f7xx_hal_i2c.o
HAL_I2C_GetError                                  build/stm32f7xx_hal_i2c.o
HAL_I2C_GetMode                                   build/stm32f7xx_hal_i2c.o
HAL_I2C_GetState                                  build/stm32f7xx_hal_i2c.o
HAL_I2C_Init                                      build/stm32f7xx_hal_i2c.o
HAL_I2C_IsDeviceReady                             build/stm32f7xx_hal_i2c.o
HAL_I2C_ListenCpltCallback                        build/stm32f7xx_hal_i2c.o
HAL_I2C_MasterRxCpltCallback                      build/stm32f7xx_hal_i2c.o
HAL_I2C_MasterTxCpltCallback                      build/stm32f7xx_hal_i2c.o
HAL_I2C_Master_Abort_IT                           build/stm32f7xx_hal_i2c.o
HAL_I2C_Master_Receive                            build/stm32f7xx_hal_i2c.o
HAL_I2C_Master_Receive_DMA                        build/stm32f7xx_hal_i2c.o
HAL_I2C_Master_Receive_IT                         build/stm32f7xx_hal_i2c.o
HAL_I2C_Master_Seq_Receive_DMA                    build/stm32f7xx_hal_i2c.o
HAL_I2C_Master_Seq_Receive_IT                     build/stm32f7xx_hal_i2c.o
HAL_I2C_Master_Seq_Transmit_DMA                   build/stm32f7xx_hal_i2c.o
HAL_I2C_Master_Seq_Transmit_IT                    build/stm32f7xx_hal_i2c.o
HAL_I2C_Master_Transmit                           build/stm32f7xx_hal_i2c.o
HAL_I2C_Master_Transmit_DMA                       build/stm32f7xx_hal_i2c.o
HAL_I2C_Master_Transmit_IT                        build/stm32f7xx_hal_i2c.o
HAL_I2C_MemRxCpltCallback                         build/stm32f7xx_hal_i2c.o
HAL_I2C_MemTxCpltCallback                         build/stm32f7xx_hal_i2c.o
HAL_I2C_Mem_Read                                  build/stm32f7xx_hal_i2c.o
HAL_I2C_Mem_Read_DMA                              build/stm32f7xx_hal_i2c.o
HAL_I2C_Mem_Read_IT                               build/stm32f7xx_hal_i2c.o
HAL_I2C_Mem_Write                                 build/stm32f7xx_hal_i2c.o
HAL_I2C_Mem_Write_DMA                             build/stm32f7xx_hal_i2c.o
HAL_I2C_Mem_Write_IT                              build/stm32f7xx_hal_i2c.o
HAL_I2C_MspDeInit                                 build/stm32f7xx_hal_i2c.o
HAL_I2C_MspInit                                   build/stm32f7xx_hal_i2c.o
HAL_I2C_SlaveRxCpltCallback                       build/stm32f7xx_hal_i2c.o
HAL_I2C_SlaveTxCpltCallback                       build/stm32f7xx_hal_i2c.o
HAL_I2C_Slave_Receive                             build/stm32f7xx_hal_i2c.o
HAL_I2C_Slave_Receive_DMA                         build/stm32f7xx_hal_i2c.o
HAL_I2C_Slave_Receive_IT                          build/stm32f7xx_hal_i2c.o
HAL_I2C_Slave_Seq_Receive_DMA                     build/stm32f7xx_hal_i2c.o
HAL_I2C_Slave_Seq_Receive_IT                      build/stm32f7xx_hal_i2c.o
HAL_I2C_Slave_Seq_Transmit_DMA                    build/stm32f7xx_hal_i2c.o
HAL_I2C_Slave_Seq_Transmit_IT                     build/stm32f7xx_hal_i2c.o
HAL_I2C_Slave_Transmit                            build/stm32f7xx_hal_i2c.o
HAL_I2C_Slave_Transmit_DMA                        build/stm32f7xx_hal_i2c.o
HAL_I2C_Slave_Transmit_IT                         build/stm32f7xx_hal_i2c.o
HAL_IncTick                                       build/stm32f7xx_hal.o
                                                  build/stm32f7xx_it.o
HAL_Init                                          build/stm32f7xx_hal.o
                                                  build/main.o
HAL_InitTick                                      build/stm32f7xx_hal.o
                                                  build/stm32f7xx_hal_rcc.o
HAL_LIN_Init                                      build/stm32f7xx_hal_uart.o
HAL_LIN_SendBreak                                 build/stm32f7xx_hal_uart.o
HAL_MPU_ConfigRegion                              build/stm32f7xx_hal_cortex.o
HAL_MPU_Disable                                   build/stm32f7xx_hal_cortex.o
HAL_MPU_Enable                                    build/stm32f7xx_hal_cortex.o
HAL_MspDeInit                                     build/stm32f7xx_hal.o
HAL_MspInit                                       build/stm32f7xx_hal_msp.o
                                                  build/stm32f7xx_hal.o
HAL_MultiProcessorEx_AddressLength_Set            build/stm32f7xx_hal_uart_ex.o
HAL_MultiProcessor_DisableMuteMode                build/stm32f7xx_hal_uart.o
HAL_MultiProcessor_EnableMuteMode                 build/stm32f7xx_hal_uart.o
HAL_MultiProcessor_EnterMuteMode                  build/stm32f7xx_hal_uart.o
HAL_MultiProcessor_Init                           build/stm32f7xx_hal_uart.o
HAL_NVIC_ClearPendingIRQ                          build/stm32f7xx_hal_cortex.o
HAL_NVIC_DisableIRQ                               build/stm32f7xx_hal_cortex.o
                                                  build/stm32f7xx_hal_msp.o
HAL_NVIC_EnableIRQ                                build/stm32f7xx_hal_cortex.o
                                                  build/main.o
HAL_NVIC_GetActive                                build/stm32f7xx_hal_cortex.o
HAL_NVIC_GetPendingIRQ                            build/stm32f7xx_hal_cortex.o
HAL_NVIC_GetPriority                              build/stm32f7xx_hal_cortex.o
HAL_NVIC_GetPriorityGrouping                      build/stm32f7xx_hal_cortex.o
HAL_NVIC_SetPendingIRQ                            build/stm32f7xx_hal_cortex.o
HAL_NVIC_SetPriority                              build/stm32f7xx_hal_cortex.o
                                                  build/main.o
                                                  build/stm32f7xx_hal.o
HAL_NVIC_SetPriorityGrouping                      build/stm32f7xx_hal_cortex.o
                                                  build/stm32f7xx_hal.o
HAL_NVIC_SystemReset                              build/stm32f7xx_hal_cortex.o
HAL_PWREx_ControlVoltageScaling                   build/stm32f7xx_hal_pwr_ex.o
HAL_PWREx_DisableBkUpReg                          build/stm32f7xx_hal_pwr_ex.o
HAL_PWREx_DisableFlashPowerDown                   build/stm32f7xx_hal_pwr_ex.o
HAL_PWREx_DisableLowRegulatorLowVoltage           build/stm32f7xx_hal_pwr_ex.o
HAL_PWREx_DisableMainRegulatorLowVoltage          build/stm32f7xx_hal_pwr_ex.o
HAL_PWREx_DisableOverDrive                        build/stm32f7xx_hal_pwr_ex.o
HAL_PWREx_EnableBkUpReg                           build/stm32f7xx_hal_pwr_ex.o
HAL_PWREx_EnableFlashPowerDown                    build/stm32f7xx_hal_pwr_ex.o
HAL_PWREx_EnableLowRegulatorLowVoltage            build/stm32f7xx_hal_pwr_ex.o
HAL_PWREx_EnableMainRegulatorLowVoltage           build/stm32f7xx_hal_pwr_ex.o
HAL_PWREx_EnableOverDrive                         build/stm32f7xx_hal_pwr_ex.o
                                                  build/main.o
HAL_PWREx_EnterUnderDriveSTOPMode                 build/stm32f7xx_hal_pwr_ex.o
HAL_PWREx_GetVoltageRange                         build/stm32f7xx_hal_pwr_ex.o
HAL_PWR_ConfigPVD                                 build/stm32f7xx_hal_pwr.o
HAL_PWR_DeInit                                    build/stm32f7xx_hal_pwr.o
HAL_PWR_DisableBkUpAccess                         build/stm32f7xx_hal_pwr.o
HAL_PWR_DisablePVD                                build/stm32f7xx_hal_pwr.o
HAL_PWR_DisableSEVOnPend                          build/stm32f7xx_hal_pwr.o
HAL_PWR_DisableSleepOnExit                        build/stm32f7xx_hal_pwr.o
HAL_PWR_DisableWakeUpPin                          build/stm32f7xx_hal_pwr.o
HAL_PWR_EnableBkUpAccess                          build/stm32f7xx_hal_pwr.o
HAL_PWR_EnablePVD                                 build/stm32f7xx_hal_pwr.o
HAL_PWR_EnableSEVOnPend                           build/stm32f7xx_hal_pwr.o
HAL_PWR_EnableSleepOnExit                         build/stm32f7xx_hal_pwr.o
HAL_PWR_EnableWakeUpPin                           build/stm32f7xx_hal_pwr.o
HAL_PWR_EnterSLEEPMode                            build/stm32f7xx_hal_pwr.o
HAL_PWR_EnterSTANDBYMode                          build/stm32f7xx_hal_pwr.o
HAL_PWR_EnterSTOPMode                             build/stm32f7xx_hal_pwr.o
HAL_PWR_PVDCallback                               build/stm32f7xx_hal_pwr.o
HAL_PWR_PVD_IRQHandler                            build/stm32f7xx_hal_pwr.o
HAL_RCCEx_DisablePLLI2S                           build/stm32f7xx_hal_rcc_ex.o
HAL_RCCEx_DisablePLLSAI                           build/stm32f7xx_hal_rcc_ex.o
HAL_RCCEx_EnablePLLI2S                            build/stm32f7xx_hal_rcc_ex.o
HAL_RCCEx_EnablePLLSAI                            build/stm32f7xx_hal_rcc_ex.o
HAL_RCCEx_GetPeriphCLKConfig                      build/stm32f7xx_hal_rcc_ex.o
HAL_RCCEx_GetPeriphCLKFreq                        build/stm32f7xx_hal_rcc_ex.o
HAL_RCCEx_PeriphCLKConfig                         build/stm32f7xx_hal_rcc_ex.o
                                                  build/main.o
HAL_RCC_CSSCallback                               build/stm32f7xx_hal_rcc.o