Archive member included to satisfy reference by file (symbol)

/home/alex/Mass Storage/ARM-GCC/bin/../lib/gcc/arm-none-eabi/9.3.1/../../../../arm-none-eabi/lib/thumb/v7e-m+dp/hard/libc.a(lib_a-exit.o)
                              /home/alex/Mass Storage/ARM-GCC/bin/../lib/gcc/arm-none-eabi/9.3.1/../../../../arm-none-eabi/lib/thumb/v7e-m+dp/hard/crt0.o (exit)
/home/alex/Mass Storage/ARM-GCC/bin/../lib/gcc/arm-none-eabi/9.3.1/../../../../arm-none-eabi/lib/thumb/v7e-m+dp/hard/libc.a(lib_a-impure.o)
                              /home/alex/Mass Storage/ARM-GCC/bin/../lib/gcc/arm-none-eabi/9.3.1/../../../../arm-none-eabi/lib/thumb/v7e-m+dp/hard/libc.a(lib_a-exit.o) (_global_impure_ptr)
/home/alex/Mass Storage/ARM-GCC/bin/../lib/gcc/arm-none-eabi/9.3.1/../../../../arm-none-eabi/lib/thumb/v7e-m+dp/hard/libc.a(lib_a-init.o)
                              /home/alex/Mass Storage/ARM-GCC/bin/../lib/gcc/arm-none-eabi/9.3.1/../../../../arm-none-eabi/lib/thumb/v7e-m+dp/hard/crt0.o (__libc_init_array)
/home/alex/Mass Storage/ARM-GCC/bin/../lib/gcc/arm-none-eabi/9.3.1/../../../../arm-none-eabi/lib/thumb/v7e-m+dp/hard/libc.a(lib_a-memset.o)
                              /home/alex/Mass Storage/ARM-GCC/bin/../lib/gcc/arm-none-eabi/9.3.1/../../../../arm-none-eabi/lib/thumb/v7e-m+dp/hard/crt0.o (memset)
/home/alex/Mass Storage/ARM-GCC/bin/../lib/gcc/arm-none-eabi/9.3.1/../../../../arm-none-eabi/lib/thumb/v7e-m+dp/hard/libc.a(lib_a-sprintf.o)
                              build/ltc.o (sprintf)
/home/alex/Mass Storage/ARM-GCC/bin/../lib/gcc/arm-none-eabi/9.3.1/../../../../arm-none-eabi/lib/thumb/v7e-m+dp/hard/libc.a(lib_a-strlen.o)
                              build/ltc.o (strlen)
/home/alex/Mass Storage/ARM-GCC/bin/../lib/gcc/arm-none-eabi/9.3.1/../../../../arm-none-eabi/lib/thumb/v7e-m+dp/hard/libc.a(lib_a-svfprintf.o)
                              /home/alex/Mass Storage/ARM-GCC/bin/../lib/gcc/arm-none-eabi/9.3.1/../../../../arm-none-eabi/lib/thumb/v7e-m+dp/hard/libc.a(lib_a-sprintf.o) (_svfprintf_r)
/home/alex/Mass Storage/ARM-GCC/bin/../lib/gcc/arm-none-eabi/9.3.1/../../../../arm-none-eabi/lib/thumb/v7e-m+dp/hard/libc.a(lib_a-__call_atexit.o)
                              /home/alex/Mass Storage/ARM-GCC/bin/../lib/gcc/arm-none-eabi/9.3.1/../../../../arm-none-eabi/lib/thumb/v7e-m+dp/hard/libc.a(lib_a-exit.o) (__call_exitprocs)
/home/alex/Mass Storage/ARM-GCC/bin/../lib/gcc/arm-none-eabi/9.3.1/../../../../arm-none-eabi/lib/thumb/v7e-m+dp/hard/libc.a(lib_a-atexit.o)
                              /home/alex/Mass Storage/ARM-GCC/bin/../lib/gcc/arm-none-eabi/9.3.1/../../../../arm-none-eabi/lib/thumb/v7e-m+dp/hard/libc.a(lib_a-__call_atexit.o) (atexit)
/home/alex/Mass Storage/ARM-GCC/bin/../lib/gcc/arm-none-eabi/9.3.1/../../../../arm-none-eabi/lib/thumb/v7e-m+dp/hard/libc.a(lib_a-dtoa.o)
                              /home/alex/Mass Storage/ARM-GCC/bin/../lib/gcc/arm-none-eabi/9.3.1/../../../../arm-none-eabi/lib/thumb/v7e-m+dp/hard/libc.a(lib_a-svfprintf.o) (_dtoa_r)
/home/alex/Mass Storage/ARM-GCC/bin/../lib/gcc/arm-none-eabi/9.3.1/../../../../arm-none-eabi/lib/thumb/v7e-m+dp/hard/libc.a(lib_a-fini.o)
                              /home/alex/Mass Storage/ARM-GCC/bin/../lib/gcc/arm-none-eabi/9.3.1/../../../../arm-none-eabi/lib/thumb/v7e-m+dp/hard/libc.a(lib_a-__call_atexit.o) (__libc_fini_array)
/home/alex/Mass Storage/ARM-GCC/bin/../lib/gcc/arm-none-eabi/9.3.1/../../../../arm-none-eabi/lib/thumb/v7e-m+dp/hard/libc.a(lib_a-freer.o)
                              /home/alex/Mass Storage/ARM-GCC/bin/../lib/gcc/arm-none-eabi/9.3.1/../../../../arm-none-eabi/lib/thumb/v7e-m+dp/hard/libc.a(lib_a-svfprintf.o) (_free_r)
/home/alex/Mass Storage/ARM-GCC/bin/../lib/gcc/arm-none-eabi/9.3.1/../../../../arm-none-eabi/lib/thumb/v7e-m+dp/hard/libc.a(lib_a-localeconv.o)
                              /home/alex/Mass Storage/ARM-GCC/bin/../lib/gcc/arm-none-eabi/9.3.1/../../../../arm-none-eabi/lib/thumb/v7e-m+dp/hard/libc.a(lib_a-svfprintf.o) (_localeconv_r)
/home/alex/Mass Storage/ARM-GCC/bin/../lib/gcc/arm-none-eabi/9.3.1/../../../../arm-none-eabi/lib/thumb/v7e-m+dp/hard/libc.a(lib_a-lock.o)
                              /home/alex/Mass Storage/ARM-GCC/bin/../lib/gcc/arm-none-eabi/9.3.1/../../../../arm-none-eabi/lib/thumb/v7e-m+dp/hard/libc.a(lib_a-__call_atexit.o) (__retarget_lock_acquire_recursive)
/home/alex/Mass Storage/ARM-GCC/bin/../lib/gcc/arm-none-eabi/9.3.1/../../../../arm-none-eabi/lib/thumb/v7e-m+dp/hard/libc.a(lib_a-mallocr.o)
                              /home/alex/Mass Storage/ARM-GCC/bin/../lib/gcc/arm-none-eabi/9.3.1/../../../../arm-none-eabi/lib/thumb/v7e-m+dp/hard/libc.a(lib_a-svfprintf.o) (_malloc_r)
/home/alex/Mass Storage/ARM-GCC/bin/../lib/gcc/arm-none-eabi/9.3.1/../../../../arm-none-eabi/lib/thumb/v7e-m+dp/hard/libc.a(lib_a-memchr.o)
                              /home/alex/Mass Storage/ARM-GCC/bin/../lib/gcc/arm-none-eabi/9.3.1/../../../../arm-none-eabi/lib/thumb/v7e-m+dp/hard/libc.a(lib_a-svfprintf.o) (memchr)
[...]
Memory Configuration

Name             Origin             Length             Attributes
RAM              0x0000000020000000 0x0000000000080000 xrw
FLASH            0x0000000008000000 0x0000000000100000 xr
*default*        0x0000000000000000 0xffffffffffffffff

Linker script and memory map

LOAD /home/alex/Mass Storage/ARM-GCC/bin/../lib/gcc/arm-none-eabi/9.3.1/thumb/v7e-m+dp/hard/crti.o
LOAD /home/alex/Mass Storage/ARM-GCC/bin/../lib/gcc/arm-none-eabi/9.3.1/thumb/v7e-m+dp/hard/crtbegin.o
LOAD /home/alex/Mass Storage/ARM-GCC/bin/../lib/gcc/arm-none-eabi/9.3.1/../../../../arm-none-eabi/lib/thumb/v7e-m+dp/hard/crt0.o
LOAD build/stm32f7xx_hal.o
LOAD build/stm32f7xx_hal_adc.o
LOAD build/stm32f7xx_hal_adc_ex.o
LOAD build/stm32f7xx_hal_can.o
LOAD build/stm32f7xx_hal_cortex.o
LOAD build/stm32f7xx_hal_dma.o
LOAD build/stm32f7xx_hal_dma_ex.o
LOAD build/stm32f7xx_hal_exti.o
LOAD build/stm32f7xx_hal_flash.o
LOAD build/stm32f7xx_hal_flash_ex.o
LOAD build/stm32f7xx_hal_gpio.o
LOAD build/stm32f7xx_hal_i2c.o
LOAD build/stm32f7xx_hal_i2c_ex.o
LOAD build/stm32f7xx_hal_pwr.o
LOAD build/stm32f7xx_hal_pwr_ex.o
LOAD build/stm32f7xx_hal_rcc.o
LOAD build/stm32f7xx_hal_rcc_ex.o
LOAD build/stm32f7xx_hal_sd.o
LOAD build/stm32f7xx_hal_spi.o
LOAD build/stm32f7xx_hal_spi_ex.o
LOAD build/stm32f7xx_hal_tim.o
LOAD build/stm32f7xx_hal_tim_ex.o
LOAD build/stm32f7xx_hal_uart.o
LOAD build/stm32f7xx_hal_uart_ex.o
LOAD build/stm32f7xx_ll_sdmmc.o
LOAD build/diskio.o
LOAD build/ff.o
LOAD build/ff_gen_drv.o
LOAD build/syscall.o
LOAD build/bsp_driver_sd.o
LOAD build/can.o
LOAD build/current_sensor.o
LOAD build/fatfs.o
LOAD build/fatfs_platform.o
LOAD build/ltc.o
LOAD build/main.o
LOAD build/pid_controller.o
LOAD build/pwm.o
LOAD build/sd_diskio.o
LOAD build/stm32f7xx_hal_msp.o
LOAD build/stm32f7xx_it.o
LOAD build/system_stm32f7xx.o
LOAD build/startup_stm32f765xx.o
LOAD /home/alex/Mass Storage/ARM-GCC/bin/../lib/gcc/arm-none-eabi/9.3.1/../../../../arm-none-eabi/lib/thumb/v7e-m+dp/hard/libc.a
LOAD /home/alex/Mass Storage/ARM-GCC/bin/../lib/gcc/arm-none-eabi/9.3.1/../../../../arm-none-eabi/lib/thumb/v7e-m+dp/hard/libm.a
LOAD /home/alex/Mass Storage/ARM-GCC/bin/../lib/gcc/arm-none-eabi/9.3.1/../../../../arm-none-eabi/lib/thumb/v7e-m+dp/hard/libnosys.a
START GROUP
LOAD /home/alex/Mass Storage/ARM-GCC/bin/../lib/gcc/arm-none-eabi/9.3.1/thumb/v7e-m+dp/hard/libgcc.a
LOAD /home/alex/Mass Storage/ARM-GCC/bin/../lib/gcc/arm-none-eabi/9.3.1/../../../../arm-none-eabi/lib/thumb/v7e-m+dp/hard/libc.a
END GROUP
START GROUP
LOAD /home/alex/Mass Storage/ARM-GCC/bin/../lib/gcc/arm-none-eabi/9.3.1/thumb/v7e-m+dp/hard/libgcc.a
LOAD /home/alex/Mass Storage/ARM-GCC/bin/../lib/gcc/arm-none-eabi/9.3.1/../../../../arm-none-eabi/lib/thumb/v7e-m+dp/hard/libc.a
LOAD /home/alex/Mass Storage/ARM-GCC/bin/../lib/gcc/arm-none-eabi/9.3.1/../../../../arm-none-eabi/lib/thumb/v7e-m+dp/hard/libnosys.a
END GROUP
LOAD /home/alex/Mass Storage/ARM-GCC/bin/../lib/gcc/arm-none-eabi/9.3.1/thumb/v7e-m+dp/hard/crtend.o
LOAD /home/alex/Mass Storage/ARM-GCC/bin/../lib/gcc/arm-none-eabi/9.3.1/thumb/v7e-m+dp/hard/crtn.o
                0x0000000020080000                _estack = 0x20080000
                0x0000000000000200                _Min_Heap_Size = 0x200
                0x0000000000000400                _Min_Stack_Size = 0x400

.isr_vector     0x0000000008000000      0x1f8
                0x0000000008000000                . = ALIGN (0x4)
 *(.isr_vector)
 .isr_vector    0x0000000008000000      0x1f8 build/startup_stm32f765xx.o
                0x0000000008000000                g_pfnVectors
                0x00000000080001f8                . = ALIGN (0x4)

.text           0x0000000008000200     0xc79c
                0x0000000008000200                . = ALIGN (0x4)
 *(.text)
 .text          0x0000000008000200       0x40 /home/alex/Mass Storage/ARM-GCC/bin/../lib/gcc/arm-none-eabi/9.3.1/thumb/v7e-m+dp/hard/crtbegin.o
 .text          0x0000000008000240       0xdc /home/alex/Mass Storage/ARM-GCC/bin/../lib/gcc/arm-none-eabi/9.3.1/../../../../arm-none-eabi/lib/thumb/v7e-m+dp/hard/libc.a(lib_a-strlen.o)
                0x0000000008000240                strlen
 *fill*         0x000000000800031c        0x4 
 .text          0x0000000008000320       0xa0 /home/alex/Mass Storage/ARM-GCC/bin/../lib/gcc/arm-none-eabi/9.3.1/../../../../arm-none-eabi/lib/thumb/v7e-m+dp/hard/libc.a(lib_a-memchr.o)
                0x0000000008000320                memchr
 .text          0x00000000080003c0      0x134 /home/alex/Mass Storage/ARM-GCC/bin/../lib/gcc/arm-none-eabi/9.3.1/../../../../arm-none-eabi/lib/thumb/v7e-m+dp/hard/libc.a(lib_a-memcpy.o)
                0x00000000080003c0                memcpy
 .text          0x00000000080004f4       0x30 /home/alex/Mass Storage/ARM-GCC/bin/../lib/gcc/arm-none-eabi/9.3.1/thumb/v7e-m+dp/hard/libgcc.a(_aeabi_uldivmod.o)
                0x00000000080004f4                __aeabi_uldivmod
 .text          0x0000000008000524      0x2c4 /home/alex/Mass Storage/ARM-GCC/bin/../lib/gcc/arm-none-eabi/9.3.1/thumb/v7e-m+dp/hard/libgcc.a(_udivmoddi4.o)
                0x0000000008000524                __udivmoddi4
 .text          0x00000000080007e8        0x4 /home/alex/Mass Storage/ARM-GCC/bin/../lib/gcc/arm-none-eabi/9.3.1/thumb/v7e-m+dp/hard/libgcc.a(_dvmd_tls.o)
                0x00000000080007e8                __aeabi_ldiv0
                0x00000000080007e8                __aeabi_idiv0
 *(.text*)
 .text.HAL_InitTick
                0x00000000080007ec       0x4c build/stm32f7xx_hal.o
                0x00000000080007ec                HAL_InitTick
 .text.HAL_Init
                0x0000000008000838       0x16 build/stm32f7xx_hal.o
                0x0000000008000838                HAL_Init
 *fill*         0x000000000800084e        0x2 
 .text.HAL_IncTick
                0x0000000008000850       0x18 build/stm32f7xx_hal.o
                0x0000000008000850                HAL_IncTick
 .text.HAL_GetTick
                0x0000000008000868        0xc build/stm32f7xx_hal.o
                0x0000000008000868                HAL_GetTick
 .text.HAL_Delay
                0x0000000008000874       0x28 build/stm32f7xx_hal.o
                0x0000000008000874                HAL_Delay
 .text.ADC_Init
                0x000000000800089c      0x134 build/stm32f7xx_hal_adc.o
 .text.HAL_ADC_Init
                0x00000000080009d0       0x58 build/stm32f7xx_hal_adc.o
                0x00000000080009d0                HAL_ADC_Init
 .text.HAL_ADC_Start_IT
                0x0000000008000a28      0x134 build/stm32f7xx_hal_adc.o
                0x0000000008000a28                HAL_ADC_Start_IT
 .text.HAL_ADC_ConfigChannel
                0x0000000008000b5c      0x1cc build/stm32f7xx_hal_adc.o
                0x0000000008000b5c                HAL_ADC_ConfigChannel
 .text.HAL_CAN_Init
                0x0000000008000d28      0x14c build/stm32f7xx_hal_can.o
                0x0000000008000d28                HAL_CAN_Init
 .text.HAL_CAN_ConfigFilter
                0x0000000008000e74      0x134 build/stm32f7xx_hal_can.o
                0x0000000008000e74                HAL_CAN_ConfigFilter
 .text.HAL_CAN_Start
                0x0000000008000fa8       0x5c build/stm32f7xx_hal_can.o
                0x0000000008000fa8                HAL_CAN_Start
 .text.HAL_CAN_AddTxMessage
                0x0000000008001004       0xec build/stm32f7xx_hal_can.o
                0x0000000008001004                HAL_CAN_AddTxMessage
 .text.HAL_CAN_GetTxMailboxesFreeLevel
                0x00000000080010f0       0x32 build/stm32f7xx_hal_can.o
                0x00000000080010f0                HAL_CAN_GetTxMailboxesFreeLevel
 .text.HAL_CAN_ActivateNotification
                0x0000000008001122       0x24 build/stm32f7xx_hal_can.o
                0x0000000008001122                HAL_CAN_ActivateNotification
 *fill*         0x0000000008001146        0x2 
 .text.HAL_NVIC_SetPriorityGrouping
                0x0000000008001148       0x24 build/stm32f7xx_hal_cortex.o
                0x0000000008001148                HAL_NVIC_SetPriorityGrouping
 .text.HAL_NVIC_SetPriority
                0x000000000800116c       0x64 build/stm32f7xx_hal_cortex.o
                0x000000000800116c                HAL_NVIC_SetPriority
 .text.HAL_NVIC_EnableIRQ
                0x00000000080011d0       0x1c build/stm32f7xx_hal_cortex.o
                0x00000000080011d0                HAL_NVIC_EnableIRQ
 .text.HAL_SYSTICK_Config
                0x00000000080011ec       0x2c build/stm32f7xx_hal_cortex.o
                0x00000000080011ec                HAL_SYSTICK_Config
 .text.DMA_CalcBaseAndBitshift
                0x0000000008001218       0x40 build/stm32f7xx_hal_dma.o
 .text.DMA_CheckFifoParam
                0x0000000008001258       0x8e build/stm32f7xx_hal_dma.o
 *fill*         0x00000000080012e6        0x2 
 .text.HAL_DMA_Init
                0x00000000080012e8       0xcc build/stm32f7xx_hal_dma.o
                0x00000000080012e8                HAL_DMA_Init
 .text.HAL_DMA_IRQHandler
                0x00000000080013b4      0x1dc build/stm32f7xx_hal_dma.o
                0x00000000080013b4                HAL_DMA_IRQHandler
 .text.HAL_GPIO_Init
                0x0000000008001590      0x1e0 build/stm32f7xx_hal_gpio.o
                0x0000000008001590                HAL_GPIO_Init
 .text.HAL_GPIO_ReadPin
                0x0000000008001770        0xe build/stm32f7xx_hal_gpio.o
                0x0000000008001770                HAL_GPIO_ReadPin
 .text.HAL_GPIO_WritePin
                0x000000000800177e        0xc build/stm32f7xx_hal_gpio.o
                0x000000000800177e                HAL_GPIO_WritePin
 .text.HAL_GPIO_TogglePin
                0x000000000800178a       0x10 build/stm32f7xx_hal_gpio.o
                0x000000000800178a                HAL_GPIO_TogglePin
 *fill*         0x000000000800179a        0x2 
 .text.HAL_PWREx_EnableOverDrive
                0x000000000800179c       0x7c build/stm32f7xx_hal_pwr_ex.o
                0x000000000800179c                HAL_PWREx_EnableOverDrive
 .text.HAL_RCC_OscConfig
                0x0000000008001818      0x444 build/stm32f7xx_hal_rcc.o
                0x0000000008001818                HAL_RCC_OscConfig
 .text.HAL_RCC_GetSysClockFreq
                0x0000000008001c5c       0xa0 build/stm32f7xx_hal_rcc.o
                0x0000000008001c5c                HAL_RCC_GetSysClockFreq
 .text.HAL_RCC_ClockConfig
                0x0000000008001cfc      0x16c build/stm32f7xx_hal_rcc.o
                0x0000000008001cfc                HAL_RCC_ClockConfig
 .text.HAL_RCC_GetHCLKFreq
                0x0000000008001e68        0xc build/stm32f7xx_hal_rcc.o
                0x0000000008001e68                HAL_RCC_GetHCLKFreq
 .text.HAL_RCC_GetPCLK1Freq
                0x0000000008001e74       0x20 build/stm32f7xx_hal_rcc.o
                0x0000000008001e74                HAL_RCC_GetPCLK1Freq
 .text.HAL_RCC_GetPCLK2Freq
                0x0000000008001e94       0x20 build/stm32f7xx_hal_rcc.o
                0x0000000008001e94                HAL_RCC_GetPCLK2Freq
 .text.HAL_RCCEx_PeriphCLKConfig
                0x0000000008001eb4      0x5bc build/stm32f7xx_hal_rcc_ex.o
                0x0000000008001eb4                HAL_RCCEx_PeriphCLKConfig
 .text.SD_PowerON
                0x0000000008002470       0xc0 build/stm32f7xx_hal_sd.o
 .text.SD_SendStatus
                0x0000000008002530       0x2c build/stm32f7xx_hal_sd.o
 .text.HAL_SD_ReadBlocks
                0x000000000800255c      0x264 build/stm32f7xx_hal_sd.o
                0x000000000800255c                HAL_SD_ReadBlocks
 .text.HAL_SD_WriteBlocks
                0x00000000080027c0      0x214 build/stm32f7xx_hal_sd.o
                0x00000000080027c0                HAL_SD_WriteBlocks
 .text.HAL_SD_GetCardCSD
                0x00000000080029d4      0x1bc build/stm32f7xx_hal_sd.o
                0x00000000080029d4                HAL_SD_GetCardCSD
 .text.SD_InitCard
                0x0000000008002b90      0x100 build/stm32f7xx_hal_sd.o
 .text.HAL_SD_InitCard
                0x0000000008002c90       0x7e build/stm32f7xx_hal_sd.o
                0x0000000008002c90                HAL_SD_InitCard
 .text.HAL_SD_Init
                0x0000000008002d0e       0x36 build/stm32f7xx_hal_sd.o
                0x0000000008002d0e                HAL_SD_Init
 .text.HAL_SD_GetCardInfo
                0x0000000008002d44       0x24 build/stm32f7xx_hal_sd.o
                0x0000000008002d44                HAL_SD_GetCardInfo
 .text.HAL_SD_GetCardState
                0x0000000008002d68       0x22 build/stm32f7xx_hal_sd.o
                0x0000000008002d68                HAL_SD_GetCardState
 .text.SPI_WaitFlagStateUntilTimeout
                0x0000000008002d8a       0x94 build/stm32f7xx_hal_spi.o
 .text.SPI_WaitFifoStateUntilTimeout
                0x0000000008002e1e       0xae build/stm32f7xx_hal_spi.o
 .text.SPI_EndRxTxTransaction
                0x0000000008002ecc       0x62 build/stm32f7xx_hal_spi.o
 .text.SPI_EndRxTransaction
                0x0000000008002f2e       0x82 build/stm32f7xx_hal_spi.o
 .text.HAL_SPI_Init
                0x0000000008002fb0       0xba build/stm32f7xx_hal_spi.o
                0x0000000008002fb0                HAL_SPI_Init
 .text.HAL_SPI_Transmit
                0x000000000800306a      0x1f2 build/stm32f7xx_hal_spi.o
                0x000000000800306a                HAL_SPI_Transmit
 .text.HAL_SPI_TransmitReceive
                0x000000000800325c      0x2de build/stm32f7xx_hal_spi.o
                0x000000000800325c                HAL_SPI_TransmitReceive
 .text.HAL_SPI_Receive
                0x000000000800353a      0x19c build/stm32f7xx_hal_spi.o
                0x000000000800353a                HAL_SPI_Receive
 *fill*         0x00000000080036d6        0x2 
 .text.TIM_OC1_SetConfig
                0x00000000080036d8       0x68 build/stm32f7xx_hal_tim.o
 .text.TIM_OC3_SetConfig
                0x0000000008003740       0x70 build/stm32f7xx_hal_tim.o
 .text.TIM_OC4_SetConfig
                0x00000000080037b0       0x54 build/stm32f7xx_hal_tim.o
 .text.TIM_OC5_SetConfig
                0x0000000008003804       0x54 build/stm32f7xx_hal_tim.o
 .text.TIM_OC6_SetConfig
                0x0000000008003858       0x54 build/stm32f7xx_hal_tim.o
 .text.TIM_TI1_ConfigInputStage
                0x00000000080038ac       0x24 build/stm32f7xx_hal_tim.o
 .text.TIM_TI2_ConfigInputStage
                0x00000000080038d0       0x26 build/stm32f7xx_hal_tim.o
 .text.TIM_ITRx_SetConfig
                0x00000000080038f6       0x10 build/stm32f7xx_hal_tim.o
 *fill*         0x0000000008003906        0x2 
 .text.HAL_TIM_Base_Start
                0x0000000008003908       0x30 build/stm32f7xx_hal_tim.o
                0x0000000008003908                HAL_TIM_Base_Start
 .text.HAL_TIM_Base_Start_IT
                0x0000000008003938       0x2c build/stm32f7xx_hal_tim.o
                0x0000000008003938                HAL_TIM_Base_Start_IT
 .text.HAL_TIM_OC_DelayElapsedCallback
                0x0000000008003964        0x2 build/stm32f7xx_hal_tim.o
                0x0000000008003964                HAL_TIM_OC_DelayElapsedCallback
 .text.HAL_TIM_IC_CaptureCallback
                0x0000000008003966        0x2 build/stm32f7xx_hal_tim.o
                0x0000000008003966                HAL_TIM_IC_CaptureCallback
 .text.HAL_TIM_PWM_PulseFinishedCallback
                0x0000000008003968        0x2 build/stm32f7xx_hal_tim.o
                0x0000000008003968                HAL_TIM_PWM_PulseFinishedCallback
 .text.HAL_TIM_TriggerCallback
                0x000000000800396a        0x2 build/stm32f7xx_hal_tim.o
                0x000000000800396a                HAL_TIM_TriggerCallback
 .text.HAL_TIM_IRQHandler
                0x000000000800396c      0x19a build/stm32f7xx_hal_tim.o
                0x000000000800396c                HAL_TIM_IRQHandler
 *fill*         0x0000000008003b06        0x2 
 .text.TIM_Base_SetConfig
                0x0000000008003b08      0x10c build/stm32f7xx_hal_tim.o
                0x0000000008003b08                TIM_Base_SetConfig
 .text.HAL_TIM_Base_Init
                0x0000000008003c14       0x34 build/stm32f7xx_hal_tim.o
                0x0000000008003c14                HAL_TIM_Base_Init
 .text.HAL_TIM_PWM_Init
                0x0000000008003c48       0x34 build/stm32f7xx_hal_tim.o
                0x0000000008003c48                HAL_TIM_PWM_Init
 .text.TIM_OC2_SetConfig
                0x0000000008003c7c       0x70 build/stm32f7xx_hal_tim.o
                0x0000000008003c7c                TIM_OC2_SetConfig
 .text.HAL_TIM_PWM_ConfigChannel
                0x0000000008003cec      0x134 build/stm32f7xx_hal_tim.o
                0x0000000008003cec                HAL_TIM_PWM_ConfigChannel
 .text.TIM_ETR_SetConfig
                0x0000000008003e20       0x18 build/stm32f7xx_hal_tim.o
                0x0000000008003e20                TIM_ETR_SetConfig
 .text.HAL_TIM_ConfigClockSource
                0x0000000008003e38       0xdc build/stm32f7xx_hal_tim.o
                0x0000000008003e38                HAL_TIM_ConfigClockSource
 .text.TIM_CCxChannelCmd
                0x0000000008003f14       0x24 build/stm32f7xx_hal_tim.o
                0x0000000008003f14                TIM_CCxChannelCmd
 .text.HAL_TIM_PWM_Start
                0x0000000008003f38       0x4c build/stm32f7xx_hal_tim.o
                0x0000000008003f38                HAL_TIM_PWM_Start
 .text.HAL_TIM_PWM_Stop
                0x0000000008003f84       0x68 build/stm32f7xx_hal_tim.o
                0x0000000008003f84                HAL_TIM_PWM_Stop
 .text.HAL_TIMEx_MasterConfigSynchronization
                0x0000000008003fec       0xa0 build/stm32f7xx_hal_tim_ex.o
                0x0000000008003fec                HAL_TIMEx_MasterConfigSynchronization
 .text.HAL_TIMEx_ConfigBreakDeadTime
                0x000000000800408c       0x90 build/stm32f7xx_hal_tim_ex.o
                0x000000000800408c                HAL_TIMEx_ConfigBreakDeadTime
 .text.HAL_TIMEx_CommutCallback
                0x000000000800411c        0x2 build/stm32f7xx_hal_tim_ex.o
                0x000000000800411c                HAL_TIMEx_CommutCallback
 .text.HAL_TIMEx_BreakCallback
                0x000000000800411e        0x2 build/stm32f7xx_hal_tim_ex.o
                0x000000000800411e                HAL_TIMEx_BreakCallback
 .text.HAL_TIMEx_Break2Callback
                0x0000000008004120        0x2 build/stm32f7xx_hal_tim_ex.o
                0x0000000008004120                HAL_TIMEx_Break2Callback
 *fill*         0x0000000008004122        0x2 
 .text.UART_SetConfig
                0x0000000008004124      0x3a0 build/stm32f7xx_hal_uart.o
                0x0000000008004124                UART_SetConfig
 .text.UART_AdvFeatureConfig
                0x00000000080044c4       0xca build/stm32f7xx_hal_uart.o
                0x00000000080044c4                UART_AdvFeatureConfig
 .text.UART_WaitOnFlagUntilTimeout
                0x000000000800458e       0xa2 build/stm32f7xx_hal_uart.o
                0x000000000800458e                UART_WaitOnFlagUntilTimeout
 .text.HAL_UART_Transmit
                0x0000000008004630       0xda build/stm32f7xx_hal_uart.o
                0x0000000008004630                HAL_UART_Transmit
 .text.UART_CheckIdleState
                0x000000000800470a       0x6c build/stm32f7xx_hal_uart.o
                0x000000000800470a                UART_CheckIdleState
 .text.HAL_UART_Init
                0x0000000008004776       0x62 build/stm32f7xx_hal_uart.o
                0x0000000008004776                HAL_UART_Init
 .text.SDMMC_GetCmdError
                0x00000000080047d8       0x38 build/stm32f7xx_ll_sdmmc.o
 .text.SDMMC_GetCmdResp2
                0x0000000008004810       0x5c build/stm32f7xx_ll_sdmmc.o
 .text.SDMMC_GetCmdResp3
                0x000000000800486c       0x4c build/stm32f7xx_ll_sdmmc.o
 .text.SDMMC_GetCmdResp7
                0x00000000080048b8       0x64 build/stm32f7xx_ll_sdmmc.o
 .text.SDMMC_Init
                0x000000000800491c       0x38 build/stm32f7xx_ll_sdmmc.o
                0x000000000800491c                SDMMC_Init
 .text.SDMMC_ReadFIFO
                0x0000000008004954        0x6 build/stm32f7xx_ll_sdmmc.o
                0x0000000008004954                SDMMC_ReadFIFO
 .text.SDMMC_WriteFIFO
                0x000000000800495a        0xa build/stm32f7xx_ll_sdmmc.o
                0x000000000800495a                SDMMC_WriteFIFO
 .text.SDMMC_PowerState_ON
                0x0000000008004964       0x10 build/stm32f7xx_ll_sdmmc.o
                0x0000000008004964                SDMMC_PowerState_ON
 .text.SDMMC_GetPowerState
                0x0000000008004974        0x8 build/stm32f7xx_ll_sdmmc.o
                0x0000000008004974                SDMMC_GetPowerState
 .text.SDMMC_SendCommand
                0x000000000800497c       0x24 build/stm32f7xx_ll_sdmmc.o
                0x000000000800497c                SDMMC_SendCommand
 .text.SDMMC_GetCommandResponse
                0x00000000080049a0        0x6 build/stm32f7xx_ll_sdmmc.o
                0x00000000080049a0                SDMMC_GetCommandResponse
 .text.SDMMC_GetResponse
                0x00000000080049a6        0x6 build/stm32f7xx_ll_sdmmc.o
                0x00000000080049a6                SDMMC_GetResponse
 .text.SDMMC_GetCmdResp1
                0x00000000080049ac      0x154 build/stm32f7xx_ll_sdmmc.o
 .text.SDMMC_GetCmdResp6
                0x0000000008004b00       0xa0 build/stm32f7xx_ll_sdmmc.o
 .text.SDMMC_ConfigData
                0x0000000008004ba0       0x24 build/stm32f7xx_ll_sdmmc.o
                0x0000000008004ba0                SDMMC_ConfigData
 .text.SDMMC_CmdBlockLength
                0x0000000008004bc4       0x30 build/stm32f7xx_ll_sdmmc.o
                0x0000000008004bc4                SDMMC_CmdBlockLength
 .text.SDMMC_CmdReadSingleBlock
                0x0000000008004bf4       0x30 build/stm32f7xx_ll_sdmmc.o
                0x0000000008004bf4                SDMMC_CmdReadSingleBlock
 .text.SDMMC_CmdReadMultiBlock
                0x0000000008004c24       0x30 build/stm32f7xx_ll_sdmmc.o
                0x0000000008004c24                SDMMC_CmdReadMultiBlock
 .text.SDMMC_CmdWriteSingleBlock
                0x0000000008004c54       0x30 build/stm32f7xx_ll_sdmmc.o
                0x0000000008004c54                SDMMC_CmdWriteSingleBlock
 .text.SDMMC_CmdWriteMultiBlock
                0x0000000008004c84       0x30 build/stm32f7xx_ll_sdmmc.o
                0x0000000008004c84                SDMMC_CmdWriteMultiBlock
 .text.SDMMC_CmdStopTransfer
                0x0000000008004cb4       0x34 build/stm32f7xx_ll_sdmmc.o
                0x0000000008004cb4                SDMMC_CmdStopTransfer
 .text.SDMMC_CmdSelDesel
                0x0000000008004ce8       0x30 build/stm32f7xx_ll_sdmmc.o
                0x0000000008004ce8                SDMMC_CmdSelDesel
 .text.SDMMC_CmdGoIdleState
                0x0000000008004d18       0x26 build/stm32f7xx_ll_sdmmc.o
                0x0000000008004d18                SDMMC_CmdGoIdleState
 .text.SDMMC_CmdOperCond
                0x0000000008004d3e       0x2e build/stm32f7xx_ll_sdmmc.o
                0x0000000008004d3e                SDMMC_CmdOperCond
 .text.SDMMC_CmdAppCommand
                0x0000000008004d6c       0x30 build/stm32f7xx_ll_sdmmc.o
                0x0000000008004d6c                SDMMC_CmdAppCommand
 .text.SDMMC_CmdAppOperCommand
                0x0000000008004d9c       0x34 build/stm32f7xx_ll_sdmmc.o
                0x0000000008004d9c                SDMMC_CmdAppOperCommand
 .text.SDMMC_CmdSendCID
                0x0000000008004dd0       0x2a build/stm32f7xx_ll_sdmmc.o
                0x0000000008004dd0                SDMMC_CmdSendCID
 .text.SDMMC_CmdSendCSD
                0x0000000008004dfa       0x2a build/stm32f7xx_ll_sdmmc.o
                0x0000000008004dfa                SDMMC_CmdSendCSD
 .text.SDMMC_CmdSetRelAdd
                0x0000000008004e24       0x30 build/stm32f7xx_ll_sdmmc.o
                0x0000000008004e24                SDMMC_CmdSetRelAdd
 .text.SDMMC_CmdSendStatus
                0x0000000008004e54       0x30 build/stm32f7xx_ll_sdmmc.o
                0x0000000008004e54                SDMMC_CmdSendStatus
 .text.FATFS_LinkDriverEx
                0x0000000008004e84       0x48 build/ff_gen_drv.o
                0x0000000008004e84                FATFS_LinkDriverEx
 .text.FATFS_LinkDriver
                0x0000000008004ecc        0xa build/ff_gen_drv.o
                0x0000000008004ecc                FATFS_LinkDriver
 *fill*         0x0000000008004ed6        0x2 
 .text.BSP_SD_ReadBlocks
                0x0000000008004ed8       0x20 build/bsp_driver_sd.o
                0x0000000008004ed8                BSP_SD_ReadBlocks
 .text.BSP_SD_WriteBlocks
                0x0000000008004ef8       0x20 build/bsp_driver_sd.o
                0x0000000008004ef8                BSP_SD_WriteBlocks
 .text.BSP_SD_GetCardState
                0x0000000008004f18       0x14 build/bsp_driver_sd.o
                0x0000000008004f18                BSP_SD_GetCardState
 .text.BSP_SD_GetCardInfo
                0x0000000008004f2c       0x10 build/bsp_driver_sd.o
                0x0000000008004f2c                BSP_SD_GetCardInfo
 .text.BSP_SD_IsDetected
                0x0000000008004f3c       0x20 build/bsp_driver_sd.o
                0x0000000008004f3c                BSP_SD_IsDetected
 .text.BSP_SD_Init
                0x0000000008004f5c       0x1c build/bsp_driver_sd.o
                0x0000000008004f5c                BSP_SD_Init
 .text.CAN_initialization
                0x0000000008004f78       0x72 build/can.o
                0x0000000008004f78                CAN_initialization
 *fill*         0x0000000008004fea        0x2 
 .text.can_init
                0x0000000008004fec       0x10 build/can.o
                0x0000000008004fec                can_init
 .text.CAN_Send_IT
                0x0000000008004ffc       0x4a build/can.o
                0x0000000008004ffc                CAN_Send_IT
 *fill*         0x0000000008005046        0x2 
 .text.fifoTxDataCAN_push
                0x0000000008005048       0x5c build/can.o
                0x0000000008005048                fifoTxDataCAN_push
 .text.CAN_Send
                0x00000000080050a4       0x38 build/can.o
                0x00000000080050a4                CAN_Send
 .text.get_current
                0x00000000080050dc        0xc build/current_sensor.o
                0x00000000080050dc                get_current
 .text.MX_FATFS_Init
                0x00000000080050e8       0x1c build/fatfs.o
                0x00000000080050e8                MX_FATFS_Init
 .text.BSP_PlatformIsDetected
                0x0000000008005104       0x18 build/fatfs_platform.o
                0x0000000008005104                BSP_PlatformIsDetected
 .text.get_ADCV_CC
                0x000000000800511c       0x10 build/ltc.o
                0x000000000800511c                get_ADCV_CC
 .text.LTC_init
                0x000000000800512c        0xe build/ltc.o
                0x000000000800512c                LTC_init
 .text._convert_voltage
                0x000000000800513a        0xc build/ltc.o
                0x000000000800513a                _convert_voltage
 .text.spi_enable_cs
                0x0000000008005146       0x26 build/ltc.o
                0x0000000008005146                spi_enable_cs
 .text.spi_disable_cs
                0x000000000800516c       0x24 build/ltc.o
                0x000000000800516c                spi_disable_cs
 .text.ltc6810_wakeup_idle
                0x0000000008005190       0x34 build/ltc.o
                0x0000000008005190                ltc6810_wakeup_idle
 .text._pec15   0x00000000080051c4       0x30 build/ltc.o
                0x00000000080051c4                _pec15
 .text.read_voltages
                0x00000000080051f4      0x410 build/ltc.o
                0x00000000080051f4                read_voltages
 .text.get_min_voltage
                0x0000000008005604        0xe build/ltc.o
                0x0000000008005604                get_min_voltage
 *fill*         0x0000000008005612        0x2 
 .text.MX_SDMMC2_SD_Init
                0x0000000008005614       0x20 build/main.o
 .text.MX_GPIO_Init
                0x0000000008005634       0xd0 build/main.o
 .text.MX_DMA_Init
                0x0000000008005704       0x34 build/main.o
 .text.MX_ADC1_Init
                0x0000000008005738       0x5c build/main.o
 .text.MX_CAN1_Init
                0x0000000008005794       0x38 build/main.o
 .text.MX_CAN3_Init
                0x00000000080057cc       0x38 build/main.o
 .text.MX_SPI2_Init
                0x0000000008005804       0x44 build/main.o
 .text.MX_TIM2_Init
                0x0000000008005848       0x80 build/main.o
 .text.MX_TIM3_Init
                0x00000000080058c8       0x6c build/main.o
 .text.MX_TIM4_Init
                0x0000000008005934       0x80 build/main.o
 .text.MX_TIM8_Init
                0x00000000080059b4       0x9c build/main.o
 .text.MX_UART4_Init
                0x0000000008005a50       0x30 build/main.o
 .text.MX_TIM5_Init
                0x0000000008005a80       0x58 build/main.o
 .text.SystemClock_Config
                0x0000000008005ad8       0xb4 build/main.o
                0x0000000008005ad8                SystemClock_Config
 .text.write_error_led
                0x0000000008005b8c       0xfc build/main.o
                0x0000000008005b8c                write_error_led
 .text.check_under_voltage
                0x0000000008005c88       0x24 build/main.o
                0x0000000008005c88                check_under_voltage
 .text.check_over_temperature
                0x0000000008005cac       0x24 build/main.o
                0x0000000008005cac                check_over_temperature
 .text.BMS_ON_OFF
                0x0000000008005cd0       0x40 build/main.o
                0x0000000008005cd0                BMS_ON_OFF
 .text.HAL_TIM_PeriodElapsedCallback
                0x0000000008005d10       0x9c build/main.o
                0x0000000008005d10                HAL_TIM_PeriodElapsedCallback
 .text.send_CAN_data
                0x0000000008005dac       0x40 build/main.o
                0x0000000008005dac                send_CAN_data
 .text.main     0x0000000008005dec      0x614 build/main.o
                0x0000000008005dec                main
 .text.Error_Handler
                0x0000000008006400        0x2 build/main.o
                0x0000000008006400                Error_Handler
 .text.PIDCompute
                0x0000000008006402       0x9a build/pid_controller.o
                0x0000000008006402                PIDCompute
 .text.PIDOutputLimitsSet
                0x000000000800649c       0x6a build/pid_controller.o
                0x000000000800649c                PIDOutputLimitsSet
 .text.PIDTuningsSet
                0x0000000008006506       0x66 build/pid_controller.o
                0x0000000008006506                PIDTuningsSet
 .text.PIDInit  0x000000000800656c       0x64 build/pid_controller.o
                0x000000000800656c                PIDInit
 .text.write_pwm_value
                0x00000000080065d0       0x32 build/pwm.o
                0x00000000080065d0                write_pwm_value
 .text.Init_pwm
                0x0000000008006602       0x18 build/pwm.o
                0x0000000008006602                Init_pwm
 *fill*         0x000000000800661a        0x2 
 .text.SD_CheckStatus
                0x000000000800661c       0x24 build/sd_diskio.o
 .text.SD_initialize
                0x0000000008006640       0x28 build/sd_diskio.o
                0x0000000008006640                SD_initialize
 .text.SD_status
                0x0000000008006668        0x8 build/sd_diskio.o
                0x0000000008006668                SD_status
 .text.SD_read  0x0000000008006670       0x24 build/sd_diskio.o
                0x0000000008006670                SD_read
 .text.SD_write
                0x0000000008006694       0x24 build/sd_diskio.o
                0x0000000008006694                SD_write
 .text.SD_ioctl
                0x00000000080066b8       0x58 build/sd_diskio.o
                0x00000000080066b8                SD_ioctl
 .text.HAL_MspInit
                0x0000000008006710       0x30 build/stm32f7xx_hal_msp.o
                0x0000000008006710                HAL_MspInit
 .text.HAL_ADC_MspInit
                0x0000000008006740       0xc8 build/stm32f7xx_hal_msp.o
                0x0000000008006740                HAL_ADC_MspInit
 .text.HAL_CAN_MspInit
                0x0000000008006808      0x134 build/stm32f7xx_hal_msp.o
                0x0000000008006808                HAL_CAN_MspInit
 .text.HAL_SD_MspInit
                0x000000000800693c       0x98 build/stm32f7xx_hal_msp.o
                0x000000000800693c                HAL_SD_MspInit
 .text.HAL_SPI_MspInit
                0x00000000080069d4       0x98 build/stm32f7xx_hal_msp.o
                0x00000000080069d4                HAL_SPI_MspInit
 .text.HAL_TIM_PWM_MspInit
                0x0000000008006a6c       0x88 build/stm32f7xx_hal_msp.o
                0x0000000008006a6c                HAL_TIM_PWM_MspInit
 .text.HAL_TIM_Base_MspInit
                0x0000000008006af4       0x40 build/stm32f7xx_hal_msp.o
                0x0000000008006af4                HAL_TIM_Base_MspInit
 .text.HAL_TIM_MspPostInit
                0x0000000008006b34      0x188 build/stm32f7xx_hal_msp.o
                0x0000000008006b34                HAL_TIM_MspPostInit
 .text.HAL_UART_MspInit
                0x0000000008006cbc       0x70 build/stm32f7xx_hal_msp.o
                0x0000000008006cbc                HAL_UART_MspInit
 .text.NMI_Handler
                0x0000000008006d2c        0x2 build/stm32f7xx_it.o
                0x0000000008006d2c                NMI_Handler
 .text.HardFault_Handler
                0x0000000008006d2e        0x2 build/stm32f7xx_it.o
                0x0000000008006d2e                HardFault_Handler
 .text.MemManage_Handler
                0x0000000008006d30        0x2 build/stm32f7xx_it.o
                0x0000000008006d30                MemManage_Handler
 .text.BusFault_Handler
                0x0000000008006d32        0x2 build/stm32f7xx_it.o
                0x0000000008006d32                BusFault_Handler
 .text.UsageFault_Handler
                0x0000000008006d34        0x2 build/stm32f7xx_it.o
                0x0000000008006d34                UsageFault_Handler
 .text.SVC_Handler
                0x0000000008006d36        0x2 build/stm32f7xx_it.o
                0x0000000008006d36                SVC_Handler
 .text.DebugMon_Handler
                0x0000000008006d38        0x2 build/stm32f7xx_it.o
                0x0000000008006d38                DebugMon_Handler
 .text.PendSV_Handler
                0x0000000008006d3a        0x2 build/stm32f7xx_it.o
                0x0000000008006d3a                PendSV_Handler
 .text.SysTick_Handler
                0x0000000008006d3c        0x8 build/stm32f7xx_it.o
                0x0000000008006d3c                SysTick_Handler
 .text.TIM5_IRQHandler
                0x0000000008006d44       0x10 build/stm32f7xx_it.o
                0x0000000008006d44                TIM5_IRQHandler
 .text.DMA2_Stream0_IRQHandler
                0x0000000008006d54       0x10 build/stm32f7xx_it.o
                0x0000000008006d54                DMA2_Stream0_IRQHandler
 .text.SystemInit
                0x0000000008006d64       0x50 build/system_stm32f7xx.o
                0x0000000008006d64                SystemInit
 .text.Reset_Handler
                0x0000000008006db4       0x50 build/startup_stm32f765xx.o
                0x0000000008006db4                Reset_Handler
 .text.Default_Handler
                0x0000000008006e04        0x2 build/startup_stm32f765xx.o
                0x0000000008006e04                RTC_Alarm_IRQHandler
                0x0000000008006e04                EXTI2_IRQHandler
                0x0000000008006e04                TIM8_CC_IRQHandler
                0x0000000008006e04                UART8_IRQHandler
                0x0000000008006e04                SPI4_IRQHandler
                0x0000000008006e04                TIM1_CC_IRQHandler
                0x0000000008006e04                DMA2_Stream5_IRQHandler
                0x0000000008006e04                DMA1_Stream5_IRQHandler
                0x0000000008006e04                CAN3_RX1_IRQHandler
                0x0000000008006e04                PVD_IRQHandler
                0x0000000008006e04                TAMP_STAMP_IRQHandler
                0x0000000008006e04                CAN2_RX1_IRQHandler
                0x0000000008006e04                EXTI3_IRQHandler
                0x0000000008006e04                TIM8_TRG_COM_TIM14_IRQHandler
                0x0000000008006e04                DFSDM1_FLT1_IRQHandler
                0x0000000008006e04                TIM1_UP_TIM10_IRQHandler
                0x0000000008006e04                TIM8_UP_TIM13_IRQHandler
                0x0000000008006e04                I2C3_ER_IRQHandler
                0x0000000008006e04                DFSDM1_FLT2_IRQHandler
                0x0000000008006e04                EXTI0_IRQHandler
                0x0000000008006e04                I2C2_EV_IRQHandler
                0x0000000008006e04                DMA1_Stream2_IRQHandler
                0x0000000008006e04                CAN1_RX0_IRQHandler
                0x0000000008006e04                FPU_IRQHandler
                0x0000000008006e04                OTG_HS_WKUP_IRQHandler
                0x0000000008006e04                CAN3_SCE_IRQHandler
                0x0000000008006e04                CAN2_SCE_IRQHandler
                0x0000000008006e04                DMA2_Stream2_IRQHandler
                0x0000000008006e04                SPI1_IRQHandler
                0x0000000008006e04                TIM6_DAC_IRQHandler
                0x0000000008006e04                TIM1_BRK_TIM9_IRQHandler
                0x0000000008006e04                DCMI_IRQHandler
                0x0000000008006e04                CAN2_RX0_IRQHandler
                0x0000000008006e04                DMA2_Stream3_IRQHandler
                0x0000000008006e04                SAI2_IRQHandler
                0x0000000008006e04                DFSDM1_FLT3_IRQHandler
                0x0000000008006e04                USART6_IRQHandler
                0x0000000008006e04                CAN3_RX0_IRQHandler
                0x0000000008006e04                USART3_IRQHandler
                0x0000000008006e04                CAN1_RX1_IRQHandler
                0x0000000008006e04                UART5_IRQHandler
                0x0000000008006e04                TIM4_IRQHandler
                0x0000000008006e04                QUADSPI_IRQHandler
                0x0000000008006e04                I2C1_EV_IRQHandler
                0x0000000008006e04                DMA1_Stream6_IRQHandler
                0x0000000008006e04                DMA1_Stream1_IRQHandler
                0x0000000008006e04                UART4_IRQHandler
                0x0000000008006e04                TIM3_IRQHandler
                0x0000000008006e04                RCC_IRQHandler
                0x0000000008006e04                TIM8_BRK_TIM12_IRQHandler
                0x0000000008006e04                Default_Handler
                0x0000000008006e04                CEC_IRQHandler
                0x0000000008006e04                EXTI15_10_IRQHandler
                0x0000000008006e04                ADC_IRQHandler
                0x0000000008006e04                DMA1_Stream7_IRQHandler
                0x0000000008006e04                SPI5_IRQHandler
                0x0000000008006e04                TIM7_IRQHandler
                0x0000000008006e04                SDMMC1_IRQHandler
                0x0000000008006e04                CAN2_TX_IRQHandler
                0x0000000008006e04                DMA2_Stream7_IRQHandler
                0x0000000008006e04                I2C3_EV_IRQHandler
                0x0000000008006e04                EXTI9_5_IRQHandler
                0x0000000008006e04                RTC_WKUP_IRQHandler
                0x0000000008006e04                ETH_WKUP_IRQHandler
                0x0000000008006e04                SPDIF_RX_IRQHandler
                0x0000000008006e04                SPI2_IRQHandler
                0x0000000008006e04                OTG_HS_EP1_IN_IRQHandler
                0x0000000008006e04                DMA1_Stream0_IRQHandler
                0x0000000008006e04                CAN1_TX_IRQHandler
                0x0000000008006e04                EXTI4_IRQHandler
                0x0000000008006e04                RNG_IRQHandler
                0x0000000008006e04                ETH_IRQHandler
                0x0000000008006e04                OTG_HS_EP1_OUT_IRQHandler
                0x0000000008006e04                WWDG_IRQHandler
                0x0000000008006e04                SPI6_IRQHandler
                0x0000000008006e04                MDIOS_IRQHandler
                0x0000000008006e04                I2C4_EV_IRQHandler
                0x0000000008006e04                CAN3_TX_IRQHandler
                0x0000000008006e04                TIM2_IRQHandler
                0x0000000008006e04                OTG_FS_WKUP_IRQHandler
                0x0000000008006e04                TIM1_TRG_COM_TIM11_IRQHandler
                0x0000000008006e04                OTG_HS_IRQHandler
                0x0000000008006e04                DMA2D_IRQHandler
                0x0000000008006e04                EXTI1_IRQHandler
                0x0000000008006e04                SDMMC2_IRQHandler
                0x0000000008006e04                UART7_IRQHandler
                0x0000000008006e04                USART2_IRQHandler
                0x0000000008006e04                DFSDM1_FLT0_IRQHandler
                0x0000000008006e04                I2C2_ER_IRQHandler
                0x0000000008006e04                DMA2_Stream1_IRQHandler
                0x0000000008006e04                CAN1_SCE_IRQHandler
                0x0000000008006e04                FLASH_IRQHandler
                0x0000000008006e04                DMA2_Stream4_IRQHandler
                0x0000000008006e04                USART1_IRQHandler
                0x0000000008006e04                OTG_FS_IRQHandler
                0x0000000008006e04                SPI3_IRQHandler
                0x0000000008006e04                DMA1_Stream4_IRQHandler
                0x0000000008006e04                I2C1_ER_IRQHandler
                0x0000000008006e04                FMC_IRQHandler
                0x0000000008006e04                LPTIM1_IRQHandler
                0x0000000008006e04                I2C4_ER_IRQHandler
                0x0000000008006e04                DMA2_Stream6_IRQHandler
                0x0000000008006e04                SAI1_IRQHandler
                0x0000000008006e04                DMA1_Stream3_IRQHandler
 *fill*         0x0000000008006e06        0x2 
 .text.__libc_init_array
                0x0000000008006e08       0x48 /home/alex/Mass Storage/ARM-GCC/bin/../lib/gcc/arm-none-eabi/9.3.1/../../../../arm-none-eabi/lib/thumb/v7e-m+dp/hard/libc.a(lib_a-init.o)
                0x0000000008006e08                __libc_init_array
 .text.memset   0x0000000008006e50       0xa0 /home/alex/Mass Storage/ARM-GCC/bin/../lib/gcc/arm-none-eabi/9.3.1/../../../../arm-none-eabi/lib/thumb/v7e-m+dp/hard/libc.a(lib_a-memset.o)
                0x0000000008006e50                memset
 .text.sprintf  0x0000000008006ef0       0x44 /home/alex/Mass Storage/ARM-GCC/bin/../lib/gcc/arm-none-eabi/9.3.1/../../../../arm-none-eabi/lib/thumb/v7e-m+dp/hard/libc.a(lib_a-sprintf.o)
                0x0000000008006ef0                sprintf
 *fill*         0x0000000008006f34        0x4 
 .text._svfprintf_r
                0x0000000008006f38     0x1918 /home/alex/Mass Storage/ARM-GCC/bin/../lib/gcc/arm-none-eabi/9.3.1/../../../../arm-none-eabi/lib/thumb/v7e-m+dp/hard/libc.a(lib_a-svfprintf.o)
                0x0000000008006f38                _svfprintf_r
 .text.startup.register_fini
                0x0000000008008850       0x14 /home/alex/Mass Storage/ARM-GCC/bin/../lib/gcc/arm-none-eabi/9.3.1/../../../../arm-none-eabi/lib/thumb/v7e-m+dp/hard/libc.a(lib_a-__call_atexit.o)
 .text.atexit   0x0000000008008864        0xc /home/alex/Mass Storage/ARM-GCC/bin/../lib/gcc/arm-none-eabi/9.3.1/../../../../arm-none-eabi/lib/thumb/v7e-m+dp/hard/libc.a(lib_a-atexit.o)
                0x0000000008008864                atexit
 .text.quorem   0x0000000008008870      0x11c /home/alex/Mass Storage/ARM-GCC/bin/../lib/gcc/arm-none-eabi/9.3.1/../../../../arm-none-eabi/lib/thumb/v7e-m+dp/hard/libc.a(lib_a-dtoa.o)
 *fill*         0x000000000800898c        0x4 
 .text._dtoa_r  0x0000000008008990      0xcfc /home/alex/Mass Storage/ARM-GCC/bin/../lib/gcc/arm-none-eabi/9.3.1/../../../../arm-none-eabi/lib/thumb/v7e-m+dp/hard/libc.a(lib_a-dtoa.o)
                0x0000000008008990                _dtoa_r
 .text.__libc_fini_array
                0x000000000800968c       0x2c /home/alex/Mass Storage/ARM-GCC/bin/../lib/gcc/arm-none-eabi/9.3.1/../../../../arm-none-eabi/lib/thumb/v7e-m+dp/hard/libc.a(lib_a-fini.o)
                0x000000000800968c                __libc_fini_array
 .text._malloc_trim_r
                0x00000000080096b8       0xa0 /home/alex/Mass Storage/ARM-GCC/bin/../lib/gcc/arm-none-eabi/9.3.1/../../../../arm-none-eabi/lib/thumb/v7e-m+dp/hard/libc.a(lib_a-freer.o)
                0x00000000080096b8                _malloc_trim_r
 .text._free_r  0x0000000008009758      0x208 /home/alex/Mass Storage/ARM-GCC/bin/../lib/gcc/arm-none-eabi/9.3.1/../../../../arm-none-eabi/lib/thumb/v7e-m+dp/hard/libc.a(lib_a-freer.o)
                0x0000000008009758                _free_r
 .text._localeconv_r
                0x0000000008009960        0x8 /home/alex/Mass Storage/ARM-GCC/bin/../lib/gcc/arm-none-eabi/9.3.1/../../../../arm-none-eabi/lib/thumb/v7e-m+dp/hard/libc.a(lib_a-localeconv.o)
                0x0000000008009960                _localeconv_r
 .text.__retarget_lock_init_recursive
                0x0000000008009968        0x4 /home/alex/Mass Storage/ARM-GCC/bin/../lib/gcc/arm-none-eabi/9.3.1/../../../../arm-none-eabi/lib/thumb/v7e-m+dp/hard/libc.a(lib_a-lock.o)
                0x0000000008009968                __retarget_lock_init_recursive
 .text.__retarget_lock_close_recursive
                0x000000000800996c        0x4 /home/alex/Mass Storage/ARM-GCC/bin/../lib/gcc/arm-none-eabi/9.3.1/../../../../arm-none-eabi/lib/thumb/v7e-m+dp/hard/libc.a(lib_a-lock.o)
                0x000000000800996c                __retarget_lock_close_recursive
 .text.__retarget_lock_acquire_recursive
                0x0000000008009970        0x4 /home/alex/Mass Storage/ARM-GCC/bin/../lib/gcc/arm-none-eabi/9.3.1/../../../../arm-none-eabi/lib/thumb/v7e-m+dp/hard/libc.a(lib_a-lock.o)
                0x0000000008009970                __retarget_lock_acquire_recursive
 .text.__retarget_lock_release_recursive
                0x0000000008009974        0x4 /home/alex/Mass Storage/ARM-GCC/bin/../lib/gcc/arm-none-eabi/9.3.1/../../../../arm-none-eabi/lib/thumb/v7e-m+dp/hard/libc.a(lib_a-lock.o)
                0x0000000008009974                __retarget_lock_release_recursive
 .text._malloc_r
                0x0000000008009978      0x574 /home/alex/Mass Storage/ARM-GCC/bin/../lib/gcc/arm-none-eabi/9.3.1/../../../../arm-none-eabi/lib/thumb/v7e-m+dp/hard/libc.a(lib_a-mallocr.o)
                0x0000000008009978                _malloc_r
 .text.__malloc_lock
                0x0000000008009eec        0xc /home/alex/Mass Storage/ARM-GCC/bin/../lib/gcc/arm-none-eabi/9.3.1/../../../../arm-none-eabi/lib/thumb/v7e-m+dp/hard/libc.a(lib_a-mlock.o)
                0x0000000008009eec                __malloc_lock
 .text.__malloc_unlock
                0x0000000008009ef8        0xc /home/alex/Mass Storage/ARM-GCC/bin/../lib/gcc/arm-none-eabi/9.3.1/../../../../arm-none-eabi/lib/thumb/v7e-m+dp/hard/libc.a(lib_a-mlock.o)
                0x0000000008009ef8                __malloc_unlock
 .text._Balloc  0x0000000008009f04       0x4c /home/alex/Mass Storage/ARM-GCC/bin/../lib/gcc/arm-none-eabi/9.3.1/../../../../arm-none-eabi/lib/thumb/v7e-m+dp/hard/libc.a(lib_a-mprec.o)
                0x0000000008009f04                _Balloc
 .text._Bfree   0x0000000008009f50       0x14 /home/alex/Mass Storage/ARM-GCC/bin/../lib/gcc/arm-none-eabi/9.3.1/../../../../arm-none-eabi/lib/thumb/v7e-m+dp/hard/libc.a(lib_a-mprec.o)
                0x0000000008009f50                _Bfree
 .text.__multadd
                0x0000000008009f64       0xac /home/alex/Mass Storage/ARM-GCC/bin/../lib/gcc/arm-none-eabi/9.3.1/../../../../arm-none-eabi/lib/thumb/v7e-m+dp/hard/libc.a(lib_a-mprec.o)
                0x0000000008009f64                __multadd
 .text.__hi0bits
                0x000000000800a010       0x40 /home/alex/Mass Storage/ARM-GCC/bin/../lib/gcc/arm-none-eabi/9.3.1/../../../../arm-none-eabi/lib/thumb/v7e-m+dp/hard/libc.a(lib_a-mprec.o)
                0x000000000800a010                __hi0bits
 .text.__lo0bits
                0x000000000800a050       0x60 /home/alex/Mass Storage/ARM-GCC/bin/../lib/gcc/arm-none-eabi/9.3.1/../../../../arm-none-eabi/lib/thumb/v7e-m+dp/hard/libc.a(lib_a-mprec.o)
                0x000000000800a050                __lo0bits
 .text.__i2b    0x000000000800a0b0       0x2c /home/alex/Mass Storage/ARM-GCC/bin/../lib/gcc/arm-none-eabi/9.3.1/../../../../arm-none-eabi/lib/thumb/v7e-m+dp/hard/libc.a(lib_a-mprec.o)
                0x000000000800a0b0                __i2b
 .text.__multiply
                0x000000000800a0dc      0x160 /home/alex/Mass Storage/ARM-GCC/bin/../lib/gcc/arm-none-eabi/9.3.1/../../../../arm-none-eabi/lib/thumb/v7e-m+dp/hard/libc.a(lib_a-mprec.o)
                0x000000000800a0dc                __multiply
 .text.__pow5mult
                0x000000000800a23c       0x98 /home/alex/Mass Storage/ARM-GCC/bin/../lib/gcc/arm-none-eabi/9.3.1/../../../../arm-none-eabi/lib/thumb/v7e-m+dp/hard/libc.a(lib_a-mprec.o)
                0x000000000800a23c                __pow5mult
 .text.__lshift
                0x000000000800a2d4       0xe8 /home/alex/Mass Storage/ARM-GCC/bin/../lib/gcc/arm-none-eabi/9.3.1/../../../../arm-none-eabi/lib/thumb/v7e-m+dp/hard/libc.a(lib_a-mprec.o)
                0x000000000800a2d4                __lshift
 .text.__mcmp   0x000000000800a3bc       0x3c /home/alex/Mass Storage/ARM-GCC/bin/../lib/gcc/arm-none-eabi/9.3.1/../../../../arm-none-eabi/lib/thumb/v7e-m+dp/hard/libc.a(lib_a-mprec.o)
                0x000000000800a3bc                __mcmp
 .text.__mdiff  0x000000000800a3f8      0x148 /home/alex/Mass Storage/ARM-GCC/bin/../lib/gcc/arm-none-eabi/9.3.1/../../../../arm-none-eabi/lib/thumb/v7e-m+dp/hard/libc.a(lib_a-mprec.o)
                0x000000000800a3f8                __mdiff
 .text.__d2b    0x000000000800a540       0xd0 /home/alex/Mass Storage/ARM-GCC/bin/../lib/gcc/arm-none-eabi/9.3.1/../../../../arm-none-eabi/lib/thumb/v7e-m+dp/hard/libc.a(lib_a-mprec.o)
                0x000000000800a540                __d2b
 .text.frexp    0x000000000800a610       0x78 /home/alex/Mass Storage/ARM-GCC/bin/../lib/gcc/arm-none-eabi/9.3.1/../../../../arm-none-eabi/lib/thumb/v7e-m+dp/hard/libc.a(lib_a-s_frexp.o)
                0x000000000800a610                frexp
 .text._sbrk_r  0x000000000800a688       0x24 /home/alex/Mass Storage/ARM-GCC/bin/../lib/gcc/arm-none-eabi/9.3.1/../../../../arm-none-eabi/lib/thumb/v7e-m+dp/hard/libc.a(lib_a-sbrkr.o)
                0x000000000800a688                _sbrk_r
 .text.strncpy  0x000000000800a6ac       0x68 /home/alex/Mass Storage/ARM-GCC/bin/../lib/gcc/arm-none-eabi/9.3.1/../../../../arm-none-eabi/lib/thumb/v7e-m+dp/hard/libc.a(lib_a-strncpy.o)
                0x000000000800a6ac                strncpy
 .text.__ssprint_r
                0x000000000800a714       0xf8 /home/alex/Mass Storage/ARM-GCC/bin/../lib/gcc/arm-none-eabi/9.3.1/../../../../arm-none-eabi/lib/thumb/v7e-m+dp/hard/libc.a(lib_a-svfiprintf.o)
                0x000000000800a714                __ssprint_r
 .text.__register_exitproc
                0x000000000800a80c       0x8c /home/alex/Mass Storage/ARM-GCC/bin/../lib/gcc/arm-none-eabi/9.3.1/../../../../arm-none-eabi/lib/thumb/v7e-m+dp/hard/libc.a(lib_a-__atexit.o)
                0x000000000800a80c                __register_exitproc
 .text.__assert_func
                0x000000000800a898       0x3c /home/alex/Mass Storage/ARM-GCC/bin/../lib/gcc/arm-none-eabi/9.3.1/../../../../arm-none-eabi/lib/thumb/v7e-m+dp/hard/libc.a(lib_a-assert.o)
                0x000000000800a898                __assert_func
 .text._calloc_r
                0x000000000800a8d4       0x60 /home/alex/Mass Storage/ARM-GCC/bin/../lib/gcc/arm-none-eabi/9.3.1/../../../../arm-none-eabi/lib/thumb/v7e-m+dp/hard/libc.a(lib_a-callocr.o)
                0x000000000800a8d4                _calloc_r
 .text.fiprintf
                0x000000000800a934       0x28 /home/alex/Mass Storage/ARM-GCC/bin/../lib/gcc/arm-none-eabi/9.3.1/../../../../arm-none-eabi/lib/thumb/v7e-m+dp/hard/libc.a(lib_a-fiprintf.o)
                0x000000000800a934                fiprintf
 .text.__locale_mb_cur_max
                0x000000000800a95c        0xc /home/alex/Mass Storage/ARM-GCC/bin/../lib/gcc/arm-none-eabi/9.3.1/../../../../arm-none-eabi/lib/thumb/v7e-m+dp/hard/libc.a(lib_a-locale.o)
                0x000000000800a95c                __locale_mb_cur_max
 .text.__ascii_mbtowc
                0x000000000800a968       0x2c /home/alex/Mass Storage/ARM-GCC/bin/../lib/gcc/arm-none-eabi/9.3.1/../../../../arm-none-eabi/lib/thumb/v7e-m+dp/hard/libc.a(lib_a-mbtowc_r.o)
                0x000000000800a968                __ascii_mbtowc
 .text.memmove  0x000000000800a994       0xd8 /home/alex/Mass Storage/ARM-GCC/bin/../lib/gcc/arm-none-eabi/9.3.1/../../../../arm-none-eabi/lib/thumb/v7e-m+dp/hard/libc.a(lib_a-memmove.o)
                0x000000000800a994                memmove
 .text._realloc_r
                0x000000000800aa6c      0x3e0 /home/alex/Mass Storage/ARM-GCC/bin/../lib/gcc/arm-none-eabi/9.3.1/../../../../arm-none-eabi/lib/thumb/v7e-m+dp/hard/libc.a(lib_a-reallocr.o)
                0x000000000800aa6c                _realloc_r
 .text.__sprint_r.part.0
                0x000000000800ae4c       0x78 /home/alex/Mass Storage/ARM-GCC/bin/../lib/gcc/arm-none-eabi/9.3.1/../../../../arm-none-eabi/lib/thumb/v7e-m+dp/hard/libc.a(lib_a-vfiprintf.o)
 .text._vfiprintf_r
                0x000000000800aec4      0xd4c /home/alex/Mass Storage/ARM-GCC/bin/../lib/gcc/arm-none-eabi/9.3.1/../../../../arm-none-eabi/lib/thumb/v7e-m+dp/hard/libc.a(lib_a-vfiprintf.o)
                0x000000000800aec4                _vfiprintf_r
 .text.__sbprintf
                0x000000000800bc10       0x84 /home/alex/Mass Storage/ARM-GCC/bin/../lib/gcc/arm-none-eabi/9.3.1/../../../../arm-none-eabi/lib/thumb/v7e-m+dp/hard/libc.a(lib_a-vfiprintf.o)
 .text.__ascii_wctomb
                0x000000000800bc94       0x1c /home/alex/Mass Storage/ARM-GCC/bin/../lib/gcc/arm-none-eabi/9.3.1/../../../../arm-none-eabi/lib/thumb/v7e-m+dp/hard/libc.a(lib_a-wctomb_r.o)
                0x000000000800bc94                __ascii_wctomb
 .text.__swsetup_r
                0x000000000800bcb0       0xd0 /home/alex/Mass Storage/ARM-GCC/bin/../lib/gcc/arm-none-eabi/9.3.1/../../../../arm-none-eabi/lib/thumb/v7e-m+dp/hard/libc.a(lib_a-wsetup.o)
                0x000000000800bcb0                __swsetup_r
 .text.abort    0x000000000800bd80       0x10 /home/alex/Mass Storage/ARM-GCC/bin/../lib/gcc/arm-none-eabi/9.3.1/../../../../arm-none-eabi/lib/thumb/v7e-m+dp/hard/libc.a(lib_a-abort.o)
                0x000000000800bd80                abort
 .text.__sflush_r
                0x000000000800bd90      0x130 /home/alex/Mass Storage/ARM-GCC/bin/../lib/gcc/arm-none-eabi/9.3.1/../../../../arm-none-eabi/lib/thumb/v7e-m+dp/hard/libc.a(lib_a-fflush.o)
                0x000000000800bd90                __sflush_r
 .text._fflush_r
                0x000000000800bec0       0x5c /home/alex/Mass Storage/ARM-GCC/bin/../lib/gcc/arm-none-eabi/9.3.1/../../../../arm-none-eabi/lib/thumb/v7e-m+dp/hard/libc.a(lib_a-fflush.o)
                0x000000000800bec0                _fflush_r
 .text.std      0x000000000800bf1c       0x50 /home/alex/Mass Storage/ARM-GCC/bin/../lib/gcc/arm-none-eabi/9.3.1/../../../../arm-none-eabi/lib/thumb/v7e-m+dp/hard/libc.a(lib_a-findfp.o)
 .text._cleanup_r
                0x000000000800bf6c        0xc /home/alex/Mass Storage/ARM-GCC/bin/../lib/gcc/arm-none-eabi/9.3.1/../../../../arm-none-eabi/lib/thumb/v7e-m+dp/hard/libc.a(lib_a-findfp.o)
                0x000000000800bf6c                _cleanup_r
 .text.__sinit  0x000000000800bf78       0x54 /home/alex/Mass Storage/ARM-GCC/bin/../lib/gcc/arm-none-eabi/9.3.1/../../../../arm-none-eabi/lib/thumb/v7e-m+dp/hard/libc.a(lib_a-findfp.o)
                0x000000000800bf78                __sinit
 .text.__sfp_lock_acquire
                0x000000000800bfcc        0xc /home/alex/Mass Storage/ARM-GCC/bin/../lib/gcc/arm-none-eabi/9.3.1/../../../../arm-none-eabi/lib/thumb/v7e-m+dp/hard/libc.a(lib_a-findfp.o)
                0x000000000800bfcc                __sfp_lock_acquire
 .text.__sfp_lock_release
                0x000000000800bfd8        0xc /home/alex/Mass Storage/ARM-GCC/bin/../lib/gcc/arm-none-eabi/9.3.1/../../../../arm-none-eabi/lib/thumb/v7e-m+dp/hard/libc.a(lib_a-findfp.o)
                0x000000000800bfd8                __sfp_lock_release
 .text.__fputwc
                0x000000000800bfe4       0xa8 /home/alex/Mass Storage/ARM-GCC/bin/../lib/gcc/arm-none-eabi/9.3.1/../../../../arm-none-eabi/lib/thumb/v7e-m+dp/hard/libc.a(lib_a-fputwc.o)
                0x000000000800bfe4                __fputwc
 .text._fputwc_r
                0x000000000800c08c       0x68 /home/alex/Mass Storage/ARM-GCC/bin/../lib/gcc/arm-none-eabi/9.3.1/../../../../arm-none-eabi/lib/thumb/v7e-m+dp/hard/libc.a(lib_a-fputwc.o)
                0x000000000800c08c                _fputwc_r
 .text.__sfvwrite_r
                0x000000000800c0f4      0x2e0 /home/alex/Mass Storage/ARM-GCC/bin/../lib/gcc/arm-none-eabi/9.3.1/../../../../arm-none-eabi/lib/thumb/v7e-m+dp/hard/libc.a(lib_a-fvwrite.o)
                0x000000000800c0f4                __sfvwrite_r
 .text._fwalk_reent
                0x000000000800c3d4       0x48 /home/alex/Mass Storage/ARM-GCC/bin/../lib/gcc/arm-none-eabi/9.3.1/../../../../arm-none-eabi/lib/thumb/v7e-m+dp/hard/libc.a(lib_a-fwalk.o)
                0x000000000800c3d4                _fwalk_reent
 .text.__swhatbuf_r
                0x000000000800c41c       0x5c /home/alex/Mass Storage/ARM-GCC/bin/../lib/gcc/arm-none-eabi/9.3.1/../../../../arm-none-eabi/lib/thumb/v7e-m+dp/hard/libc.a(lib_a-makebuf.o)
                0x000000000800c41c                __swhatbuf_r
 .text.__smakebuf_r
                0x000000000800c478       0x98 /home/alex/Mass Storage/ARM-GCC/bin/../lib/gcc/arm-none-eabi/9.3.1/../../../../arm-none-eabi/lib/thumb/v7e-m+dp/hard/libc.a(lib_a-makebuf.o)
                0x000000000800c478                __smakebuf_r
 .text._raise_r
                0x000000000800c510       0x58 /home/alex/Mass Storage/ARM-GCC/bin/../lib/gcc/arm-none-eabi/9.3.1/../../../../arm-none-eabi/lib/thumb/v7e-m+dp/hard/libc.a(lib_a-signal.o)
                0x000000000800c510                _raise_r
 .text.raise    0x000000000800c568       0x10 /home/alex/Mass Storage/ARM-GCC/bin/../lib/gcc/arm-none-eabi/9.3.1/../../../../arm-none-eabi/lib/thumb/v7e-m+dp/hard/libc.a(lib_a-signal.o)
                0x000000000800c568                raise
 .text._kill_r  0x000000000800c578       0x2c /home/alex/Mass Storage/ARM-GCC/bin/../lib/gcc/arm-none-eabi/9.3.1/../../../../arm-none-eabi/lib/thumb/v7e-m+dp/hard/libc.a(lib_a-signalr.o)
                0x000000000800c578                _kill_r
 .text._getpid_r
                0x000000000800c5a4        0x4 /home/alex/Mass Storage/ARM-GCC/bin/../lib/gcc/arm-none-eabi/9.3.1/../../../../arm-none-eabi/lib/thumb/v7e-m+dp/hard/libc.a(lib_a-signalr.o)
                0x000000000800c5a4                _getpid_r
 .text.__sread  0x000000000800c5a8       0x24 /home/alex/Mass Storage/ARM-GCC/bin/../lib/gcc/arm-none-eabi/9.3.1/../../../../arm-none-eabi/lib/thumb/v7e-m+dp/hard/libc.a(lib_a-stdio.o)
                0x000000000800c5a8                __sread
 .text.__swrite
                0x000000000800c5cc       0x40 /home/alex/Mass Storage/ARM-GCC/bin/../lib/gcc/arm-none-eabi/9.3.1/../../../../arm-none-eabi/lib/thumb/v7e-m+dp/hard/libc.a(lib_a-stdio.o)
                0x000000000800c5cc                __swrite
 .text.__sseek  0x000000000800c60c       0x20 /home/alex/Mass Storage/ARM-GCC/bin/../lib/gcc/arm-none-eabi/9.3.1/../../../../arm-none-eabi/lib/thumb/v7e-m+dp/hard/libc.a(lib_a-stdio.o)
                0x000000000800c60c                __sseek
 .text.__sclose
                0x000000000800c62c        0x8 /home/alex/Mass Storage/ARM-GCC/bin/../lib/gcc/arm-none-eabi/9.3.1/../../../../arm-none-eabi/lib/thumb/v7e-m+dp/hard/libc.a(lib_a-stdio.o)
                0x000000000800c62c                __sclose
 .text.__swbuf_r
                0x000000000800c634       0xb0 /home/alex/Mass Storage/ARM-GCC/bin/../lib/gcc/arm-none-eabi/9.3.1/../../../../arm-none-eabi/lib/thumb/v7e-m+dp/hard/libc.a(lib_a-wbuf.o)
                0x000000000800c634                __swbuf_r
 .text._wcrtomb_r
                0x000000000800c6e4       0x3c /home/alex/Mass Storage/ARM-GCC/bin/../lib/gcc/arm-none-eabi/9.3.1/../../../../arm-none-eabi/lib/thumb/v7e-m+dp/hard/libc.a(lib_a-wcrtomb.o)
                0x000000000800c6e4                _wcrtomb_r
 .text._write_r
                0x000000000800c720       0x2c /home/alex/Mass Storage/ARM-GCC/bin/../lib/gcc/arm-none-eabi/9.3.1/../../../../arm-none-eabi/lib/thumb/v7e-m+dp/hard/libc.a(lib_a-writer.o)
                0x000000000800c720                _write_r
 .text._close_r
                0x000000000800c74c       0x24 /home/alex/Mass Storage/ARM-GCC/bin/../lib/gcc/arm-none-eabi/9.3.1/../../../../arm-none-eabi/lib/thumb/v7e-m+dp/hard/libc.a(lib_a-closer.o)
                0x000000000800c74c                _close_r
 .text._fclose_r
                0x000000000800c770       0xcc /home/alex/Mass Storage/ARM-GCC/bin/../lib/gcc/arm-none-eabi/9.3.1/../../../../arm-none-eabi/lib/thumb/v7e-m+dp/hard/libc.a(lib_a-fclose.o)
                0x000000000800c770                _fclose_r
 .text._fstat_r
                0x000000000800c83c       0x2c /home/alex/Mass Storage/ARM-GCC/bin/../lib/gcc/arm-none-eabi/9.3.1/../../../../arm-none-eabi/lib/thumb/v7e-m+dp/hard/libc.a(lib_a-fstatr.o)
                0x000000000800c83c                _fstat_r
 .text._isatty_r
                0x000000000800c868       0x24 /home/alex/Mass Storage/ARM-GCC/bin/../lib/gcc/arm-none-eabi/9.3.1/../../../../arm-none-eabi/lib/thumb/v7e-m+dp/hard/libc.a(lib_a-isattyr.o)
                0x000000000800c868                _isatty_r
 .text._lseek_r
                0x000000000800c88c       0x2c /home/alex/Mass Storage/ARM-GCC/bin/../lib/gcc/arm-none-eabi/9.3.1/../../../../arm-none-eabi/lib/thumb/v7e-m+dp/hard/libc.a(lib_a-lseekr.o)
                0x000000000800c88c                _lseek_r
 .text._read_r  0x000000000800c8b8       0x2c /home/alex/Mass Storage/ARM-GCC/bin/../lib/gcc/arm-none-eabi/9.3.1/../../../../arm-none-eabi/lib/thumb/v7e-m+dp/hard/libc.a(lib_a-readr.o)
                0x000000000800c8b8                _read_r
 .text._close   0x000000000800c8e4       0x10 /home/alex/Mass Storage/ARM-GCC/bin/../lib/gcc/arm-none-eabi/9.3.1/../../../../arm-none-eabi/lib/thumb/v7e-m+dp/hard/libnosys.a(close.o)
                0x000000000800c8e4                _close
 .text._fstat   0x000000000800c8f4       0x10 /home/alex/Mass Storage/ARM-GCC/bin/../lib/gcc/arm-none-eabi/9.3.1/../../../../arm-none-eabi/lib/thumb/v7e-m+dp/hard/libnosys.a(fstat.o)
                0x000000000800c8f4                _fstat
 .text._getpid  0x000000000800c904       0x10 /home/alex/Mass Storage/ARM-GCC/bin/../lib/gcc/arm-none-eabi/9.3.1/../../../../arm-none-eabi/lib/thumb/v7e-m+dp/hard/libnosys.a(getpid.o)
                0x000000000800c904                _getpid
 .text._isatty  0x000000000800c914       0x10 /home/alex/Mass Storage/ARM-GCC/bin/../lib/gcc/arm-none-eabi/9.3.1/../../../../arm-none-eabi/lib/thumb/v7e-m+dp/hard/libnosys.a(isatty.o)
                0x000000000800c914                _isatty
 .text._kill    0x000000000800c924       0x10 /home/alex/Mass Storage/ARM-GCC/bin/../lib/gcc/arm-none-eabi/9.3.1/../../../../arm-none-eabi/lib/thumb/v7e-m+dp/hard/libnosys.a(kill.o)
                0x000000000800c924                _kill
 .text._lseek   0x000000000800c934       0x10 /home/alex/Mass Storage/ARM-GCC/bin/../lib/gcc/arm-none-eabi/9.3.1/../../../../arm-none-eabi/lib/thumb/v7e-m+dp/hard/libnosys.a(lseek.o)
                0x000000000800c934                _lseek
 .text._read    0x000000000800c944       0x10 /home/alex/Mass Storage/ARM-GCC/bin/../lib/gcc/arm-none-eabi/9.3.1/../../../../arm-none-eabi/lib/thumb/v7e-m+dp/hard/libnosys.a(read.o)
                0x000000000800c944                _read
 .text._sbrk    0x000000000800c954       0x1c /home/alex/Mass Storage/ARM-GCC/bin/../lib/gcc/arm-none-eabi/9.3.1/../../../../arm-none-eabi/lib/thumb/v7e-m+dp/hard/libnosys.a(sbrk.o)
                0x000000000800c954                _sbrk
 .text._write   0x000000000800c970       0x10 /home/alex/Mass Storage/ARM-GCC/bin/../lib/gcc/arm-none-eabi/9.3.1/../../../../arm-none-eabi/lib/thumb/v7e-m+dp/hard/libnosys.a(write.o)
                0x000000000800c970                _write
 .text._exit    0x000000000800c980        0x4 /home/alex/Mass Storage/ARM-GCC/bin/../lib/gcc/arm-none-eabi/9.3.1/../../../../arm-none-eabi/lib/thumb/v7e-m+dp/hard/libnosys.a(_exit.o)
                0x000000000800c980                _exit
 *(.glue_7)
 .glue_7        0x000000000800c984        0x0 linker stubs
 *(.glue_7t)
 .glue_7t       0x000000000800c984        0x0 linker stubs
 *(.eh_frame)
 .eh_frame      0x000000000800c984        0x0 /home/alex/Mass Storage/ARM-GCC/bin/../lib/gcc/arm-none-eabi/9.3.1/thumb/v7e-m+dp/hard/crtbegin.o
 *(.init)
 .init          0x000000000800c984        0x4 /home/alex/Mass Storage/ARM-GCC/bin/../lib/gcc/arm-none-eabi/9.3.1/thumb/v7e-m+dp/hard/crti.o
                0x000000000800c984                _init
 .init          0x000000000800c988        0x8 /home/alex/Mass Storage/ARM-GCC/bin/../lib/gcc/arm-none-eabi/9.3.1/thumb/v7e-m+dp/hard/crtn.o
 *(.fini)
 .fini          0x000000000800c990        0x4 /home/alex/Mass Storage/ARM-GCC/bin/../lib/gcc/arm-none-eabi/9.3.1/thumb/v7e-m+dp/hard/crti.o
                0x000000000800c990                _fini
 .fini          0x000000000800c994        0x8 /home/alex/Mass Storage/ARM-GCC/bin/../lib/gcc/arm-none-eabi/9.3.1/thumb/v7e-m+dp/hard/crtn.o
                0x000000000800c99c                . = ALIGN (0x4)
                0x000000000800c99c                _etext = .

.vfp11_veneer   0x000000000800c99c        0x0
 .vfp11_veneer  0x000000000800c99c        0x0 linker stubs

.v4_bx          0x000000000800c99c        0x0
 .v4_bx         0x000000000800c99c        0x0 linker stubs

.iplt           0x000000000800c99c        0x0
 .iplt          0x000000000800c99c        0x0 /home/alex/Mass Storage/ARM-GCC/bin/../lib/gcc/arm-none-eabi/9.3.1/thumb/v7e-m+dp/hard/crtbegin.o

.rodata         0x000000000800c9a0      0x7d0
                0x000000000800c9a0                . = ALIGN (0x4)
 *(.rodata)
 *(.rodata*)
 .rodata.flagBitshiftOffset.9717
                0x000000000800c9a0        0x8 build/stm32f7xx_hal_dma.o
 .rodata.ltc6810_wakeup_idle.str1.4
                0x000000000800c9a8        0x7 build/ltc.o
 *fill*         0x000000000800c9af        0x1 
 .rodata.ltc_read_conf_reg.str1.4
                0x000000000800c9b0       0x7c build/ltc.o
 .rodata.read_voltages.str1.4
                0x000000000800ca2c       0x1c build/ltc.o
 .rodata.crcTable
                0x000000000800ca48      0x200 build/ltc.o
 .rodata.main.str1.4
                0x000000000800cc48      0x103 build/main.o
 .rodata.DEBUG_LTC
                0x000000000800cd4b        0x1 build/main.o
                0x000000000800cd4b                DEBUG_LTC
 .rodata.SD_Driver
                0x000000000800cd4c       0x14 build/sd_diskio.o
                0x000000000800cd4c                SD_Driver
 .rodata.AHBPrescTable
                0x000000000800cd60       0x10 build/system_stm32f7xx.o
                0x000000000800cd60                AHBPrescTable
 .rodata.APBPrescTable
                0x000000000800cd70        0x8 build/system_stm32f7xx.o
                0x000000000800cd70                APBPrescTable
 .rodata._global_impure_ptr
                0x000000000800cd78        0x4 /home/alex/Mass Storage/ARM-GCC/bin/../lib/gcc/arm-none-eabi/9.3.1/../../../../arm-none-eabi/lib/thumb/v7e-m+dp/hard/libc.a(lib_a-impure.o)
                0x000000000800cd78                _global_impure_ptr
 .rodata._svfprintf_r.str1.4
                0x000000000800cd7c       0x42 /home/alex/Mass Storage/ARM-GCC/bin/../lib/gcc/arm-none-eabi/9.3.1/../../../../arm-none-eabi/lib/thumb/v7e-m+dp/hard/libc.a(lib_a-svfprintf.o)
 *fill*         0x000000000800cdbe        0x2 
 .rodata.blanks.8698
                0x000000000800cdc0       0x10 /home/alex/Mass Storage/ARM-GCC/bin/../lib/gcc/arm-none-eabi/9.3.1/../../../../arm-none-eabi/lib/thumb/v7e-m+dp/hard/libc.a(lib_a-svfprintf.o)
 .rodata.zeroes.8699
                0x000000000800cdd0       0x10 /home/alex/Mass Storage/ARM-GCC/bin/../lib/gcc/arm-none-eabi/9.3.1/../../../../arm-none-eabi/lib/thumb/v7e-m+dp/hard/libc.a(lib_a-svfprintf.o)
 .rodata._dtoa_r.str1.4
                0x000000000800cde0       0xa0 /home/alex/Mass Storage/ARM-GCC/bin/../lib/gcc/arm-none-eabi/9.3.1/../../../../arm-none-eabi/lib/thumb/v7e-m+dp/hard/libc.a(lib_a-dtoa.o)
                                         0xa4 (size before relaxing)
 .rodata.__multadd.str1.4
                0x000000000800ce80       0x7d /home/alex/Mass Storage/ARM-GCC/bin/../lib/gcc/arm-none-eabi/9.3.1/../../../../arm-none-eabi/lib/thumb/v7e-m+dp/hard/libc.a(lib_a-mprec.o)
                                         0x91 (size before relaxing)
 *fill*         0x000000000800cefd        0x3 
 .rodata.__mprec_bigtens
                0x000000000800cf00       0x28 /home/alex/Mass Storage/ARM-GCC/bin/../lib/gcc/arm-none-eabi/9.3.1/../../../../arm-none-eabi/lib/thumb/v7e-m+dp/hard/libc.a(lib_a-mprec.o)
                0x000000000800cf00                __mprec_bigtens
 .rodata.__mprec_tens
                0x000000000800cf28       0xc8 /home/alex/Mass Storage/ARM-GCC/bin/../lib/gcc/arm-none-eabi/9.3.1/../../../../arm-none-eabi/lib/thumb/v7e-m+dp/hard/libc.a(lib_a-mprec.o)
                0x000000000800cf28                __mprec_tens
 .rodata.p05.7485
                0x000000000800cff0        0xc /home/alex/Mass Storage/ARM-GCC/bin/../lib/gcc/arm-none-eabi/9.3.1/../../../../arm-none-eabi/lib/thumb/v7e-m+dp/hard/libc.a(lib_a-mprec.o)
 .rodata.__assert_func.str1.4
                0x000000000800cffc       0x3f /home/alex/Mass Storage/ARM-GCC/bin/../lib/gcc/arm-none-eabi/9.3.1/../../../../arm-none-eabi/lib/thumb/v7e-m+dp/hard/libc.a(lib_a-assert.o)
                                         0x43 (size before relaxing)
 *fill*         0x000000000800d03b        0x1 
 .rodata._setlocale_r.str1.4
                0x000000000800d03c        0xa /home/alex/Mass Storage/ARM-GCC/bin/../lib/gcc/arm-none-eabi/9.3.1/../../../../arm-none-eabi/lib/thumb/v7e-m+dp/hard/libc.a(lib_a-locale.o)
                                          0xd (size before relaxing)
 *fill*         0x000000000800d046        0x2 
 .rodata.str1.4
                0x000000000800d048        0x2 /home/alex/Mass Storage/ARM-GCC/bin/../lib/gcc/arm-none-eabi/9.3.1/../../../../arm-none-eabi/lib/thumb/v7e-m+dp/hard/libc.a(lib_a-locale.o)
 .rodata._vfiprintf_r.str1.4
                0x000000000800d04a       0x2f /home/alex/Mass Storage/ARM-GCC/bin/../lib/gcc/arm-none-eabi/9.3.1/../../../../arm-none-eabi/lib/thumb/v7e-m+dp/hard/libc.a(lib_a-vfiprintf.o)
 *fill*         0x000000000800d04a        0x2 
 .rodata.blanks.8691
                0x000000000800d04c       0x10 /home/alex/Mass Storage/ARM-GCC/bin/../lib/gcc/arm-none-eabi/9.3.1/../../../../arm-none-eabi/lib/thumb/v7e-m+dp/hard/libc.a(lib_a-vfiprintf.o)
 .rodata.zeroes.8692
                0x000000000800d05c       0x10 /home/alex/Mass Storage/ARM-GCC/bin/../lib/gcc/arm-none-eabi/9.3.1/../../../../arm-none-eabi/lib/thumb/v7e-m+dp/hard/libc.a(lib_a-vfiprintf.o)
 .rodata._ctype_
                0x000000000800d06c      0x101 /home/alex/Mass Storage/ARM-GCC/bin/../lib/gcc/arm-none-eabi/9.3.1/../../../../arm-none-eabi/lib/thumb/v7e-m+dp/hard/libc.a(lib_a-ctype_.o)
                0x000000000800d06c                _ctype_
                0x000000000800d170                . = ALIGN (0x4)
 *fill*         0x000000000800d16d        0x3 

.ARM.extab
 *(.ARM.extab* .gnu.linkonce.armextab.*)

.ARM            0x000000000800d170        0x8
                0x000000000800d170                __exidx_start = .
 *(.ARM.exidx*)
 .ARM.exidx     0x000000000800d170        0x8 /home/alex/Mass Storage/ARM-GCC/bin/../lib/gcc/arm-none-eabi/9.3.1/thumb/v7e-m+dp/hard/libgcc.a(_udivmoddi4.o)
                0x000000000800d178                __exidx_end = .

.rel.dyn        0x000000000800d178        0x0
 .rel.iplt      0x000000000800d178        0x0 /home/alex/Mass Storage/ARM-GCC/bin/../lib/gcc/arm-none-eabi/9.3.1/thumb/v7e-m+dp/hard/crtbegin.o

.preinit_array  0x000000000800d178        0x0
                0x000000000800d178                PROVIDE (__preinit_array_start = .)
 *(.preinit_array*)
                0x000000000800d178                PROVIDE (__preinit_array_end = .)

.init_array     0x000000000800d178        0x8
                0x000000000800d178                PROVIDE (__init_array_start = .)
 *(SORT_BY_NAME(.init_array.*))
 .init_array.00000
                0x000000000800d178        0x4 /home/alex/Mass Storage/ARM-GCC/bin/../lib/gcc/arm-none-eabi/9.3.1/../../../../arm-none-eabi/lib/thumb/v7e-m+dp/hard/libc.a(lib_a-__call_atexit.o)
 *(.init_array*)
 .init_array    0x000000000800d17c        0x4 /home/alex/Mass Storage/ARM-GCC/bin/../lib/gcc/arm-none-eabi/9.3.1/thumb/v7e-m+dp/hard/crtbegin.o
                0x000000000800d180                PROVIDE (__init_array_end = .)

.fini_array     0x000000000800d180        0x4
                0x000000000800d180                PROVIDE (__fini_array_start = .)
 *(SORT_BY_NAME(.fini_array.*))
 *(.fini_array*)
 .fini_array    0x000000000800d180        0x4 /home/alex/Mass Storage/ARM-GCC/bin/../lib/gcc/arm-none-eabi/9.3.1/thumb/v7e-m+dp/hard/crtbegin.o
                0x000000000800d184                PROVIDE (__fini_array_end = .)
                0x000000000800d184                _sidata = LOADADDR (.data)

.data           0x0000000020000000      0x9c0 load address 0x000000000800d184
                0x0000000020000000                . = ALIGN (0x4)
                0x0000000020000000                _sdata = .
 *(.data)
 *(.data*)
 .data.uwTickFreq
                0x0000000020000000        0x1 build/stm32f7xx_hal.o
                0x0000000020000000                uwTickFreq
 *fill*         0x0000000020000001        0x3 
 .data.uwTickPrio
                0x0000000020000004        0x4 build/stm32f7xx_hal.o
                0x0000000020000004                uwTickPrio
 .data.BMS_ON_REQUEST
                0x0000000020000008        0x4 build/main.o
                0x0000000020000008                BMS_ON_REQUEST
 .data.Stat     0x000000002000000c        0x1 build/sd_diskio.o
 *fill*         0x000000002000000d        0x3 
 .data.SystemCoreClock
                0x0000000020000010        0x4 build/system_stm32f7xx.o
                0x0000000020000010                SystemCoreClock
 .data._impure_ptr
                0x0000000020000014        0x4 /home/alex/Mass Storage/ARM-GCC/bin/../lib/gcc/arm-none-eabi/9.3.1/../../../../arm-none-eabi/lib/thumb/v7e-m+dp/hard/libc.a(lib_a-impure.o)
                0x0000000020000014                _impure_ptr
 .data.impure_data
                0x0000000020000018      0x428 /home/alex/Mass Storage/ARM-GCC/bin/../lib/gcc/arm-none-eabi/9.3.1/../../../../arm-none-eabi/lib/thumb/v7e-m+dp/hard/libc.a(lib_a-impure.o)
 .data.__atexit_recursive_mutex
                0x0000000020000440        0x4 /home/alex/Mass Storage/ARM-GCC/bin/../lib/gcc/arm-none-eabi/9.3.1/../../../../arm-none-eabi/lib/thumb/v7e-m+dp/hard/libc.a(lib_a-__call_atexit.o)
                0x0000000020000440                __atexit_recursive_mutex
 .data.__malloc_av_
                0x0000000020000444      0x408 /home/alex/Mass Storage/ARM-GCC/bin/../lib/gcc/arm-none-eabi/9.3.1/../../../../arm-none-eabi/lib/thumb/v7e-m+dp/hard/libc.a(lib_a-mallocr.o)
                0x0000000020000444                __malloc_av_
 .data.__malloc_sbrk_base
                0x000000002000084c        0x4 /home/alex/Mass Storage/ARM-GCC/bin/../lib/gcc/arm-none-eabi/9.3.1/../../../../arm-none-eabi/lib/thumb/v7e-m+dp/hard/libc.a(lib_a-mallocr.o)
                0x000000002000084c                __malloc_sbrk_base
 .data.__malloc_trim_threshold
                0x0000000020000850        0x4 /home/alex/Mass Storage/ARM-GCC/bin/../lib/gcc/arm-none-eabi/9.3.1/../../../../arm-none-eabi/lib/thumb/v7e-m+dp/hard/libc.a(lib_a-mallocr.o)
                0x0000000020000850                __malloc_trim_threshold
 .data.__global_locale
                0x0000000020000854      0x16c /home/alex/Mass Storage/ARM-GCC/bin/../lib/gcc/arm-none-eabi/9.3.1/../../../../arm-none-eabi/lib/thumb/v7e-m+dp/hard/libc.a(lib_a-locale.o)
                0x0000000020000854                __global_locale
                0x00000000200009c0                . = ALIGN (0x4)
                0x00000000200009c0                _edata = .

.igot.plt       0x00000000200009c0        0x0 load address 0x000000000800db44
 .igot.plt      0x00000000200009c0        0x0 /home/alex/Mass Storage/ARM-GCC/bin/../lib/gcc/arm-none-eabi/9.3.1/thumb/v7e-m+dp/hard/crtbegin.o
                0x00000000200009c0                . = ALIGN (0x4)

.bss            0x00000000200009c0     0x2474 load address 0x000000000800db44
                0x00000000200009c0                _sbss = .
                0x00000000200009c0                __bss_start__ = _sbss
 *(.bss)
 .bss           0x00000000200009c0       0x1c /home/alex/Mass Storage/ARM-GCC/bin/../lib/gcc/arm-none-eabi/9.3.1/thumb/v7e-m+dp/hard/crtbegin.o
 *(.bss*)
 .bss.disk      0x00000000200009dc        0xc build/ff_gen_drv.o
                0x00000000200009dc                disk
 .bss.current_val
                0x00000000200009e8        0x4 build/current_sensor.o
                0x00000000200009e8                current_val
 .bss.BMS_IS_ON
                0x00000000200009ec        0x4 build/main.o
                0x00000000200009ec                BMS_IS_ON
 .bss.OVER_TEMPERATURE
                0x00000000200009f0        0x4 build/main.o
                0x00000000200009f0                OVER_TEMPERATURE
 .bss.UNDER_VOLTAGE
                0x00000000200009f4        0x4 build/main.o
                0x00000000200009f4                UNDER_VOLTAGE
 .bss.UserAdcConfig
                0x00000000200009f8       0x10 build/main.o
                0x00000000200009f8                UserAdcConfig
 .bss.debug_flag
                0x0000000020000a08        0x4 build/main.o
                0x0000000020000a08                debug_flag
 .bss.m_sec_timer
                0x0000000020000a0c        0x4 build/main.o
                0x0000000020000a0c                m_sec_timer
 .bss.prev_toggle_msec
                0x0000000020000a10        0x4 build/main.o
                0x0000000020000a10                prev_toggle_msec
 .bss.sensor_update_flag
                0x0000000020000a14        0x4 build/main.o
                0x0000000020000a14                sensor_update_flag
 .bss.HAL_RCC_CAN1_CLK_ENABLED
                0x0000000020000a18        0x4 build/stm32f7xx_hal_msp.o
 .bss.__malloc_current_mallinfo
                0x0000000020000a1c       0x28 /home/alex/Mass Storage/ARM-GCC/bin/../lib/gcc/arm-none-eabi/9.3.1/../../../../arm-none-eabi/lib/thumb/v7e-m+dp/hard/libc.a(lib_a-mallocr.o)
                0x0000000020000a1c                __malloc_current_mallinfo
 .bss.__malloc_max_sbrked_mem
                0x0000000020000a44        0x4 /home/alex/Mass Storage/ARM-GCC/bin/../lib/gcc/arm-none-eabi/9.3.1/../../../../arm-none-eabi/lib/thumb/v7e-m+dp/hard/libc.a(lib_a-mallocr.o)
                0x0000000020000a44                __malloc_max_sbrked_mem
 .bss.__malloc_max_total_mem
                0x0000000020000a48        0x4 /home/alex/Mass Storage/ARM-GCC/bin/../lib/gcc/arm-none-eabi/9.3.1/../../../../arm-none-eabi/lib/thumb/v7e-m+dp/hard/libc.a(lib_a-mallocr.o)
                0x0000000020000a48                __malloc_max_total_mem
 .bss.__malloc_top_pad
                0x0000000020000a4c        0x4 /home/alex/Mass Storage/ARM-GCC/bin/../lib/gcc/arm-none-eabi/9.3.1/../../../../arm-none-eabi/lib/thumb/v7e-m+dp/hard/libc.a(lib_a-mallocr.o)
                0x0000000020000a4c                __malloc_top_pad
 .bss.heap_end.5507
                0x0000000020000a50        0x4 /home/alex/Mass Storage/ARM-GCC/bin/../lib/gcc/arm-none-eabi/9.3.1/../../../../arm-none-eabi/lib/thumb/v7e-m+dp/hard/libnosys.a(sbrk.o)
 *(COMMON)
 COMMON         0x0000000020000a54        0x4 build/stm32f7xx_hal.o
                0x0000000020000a54                uwTick
 COMMON         0x0000000020000a58     0x19f0 build/can.o
                0x0000000020000a58                can3
                0x0000000020001750                can1
 COMMON         0x0000000020002448      0x468 build/fatfs.o
                0x0000000020002448                retSD
                0x000000002000244c                SDPath
                0x0000000020002450                SDFile
                0x0000000020002680                SDFatFS
 COMMON         0x00000000200028b0      0x55c build/main.o
                0x00000000200028b0                txt
                0x0000000020002914                cont_min
                0x0000000020002918                hv_temp
                0x0000000020002928                lv_pwm
                0x0000000020002938                hspi2
                0x000000002000299c                htim8
                0x00000000200029dc                htim4
                0x0000000020002a1c                under_volt_start_msec
                0x0000000020002a20                cont_dec
                0x0000000020002a21                cont_ms
                0x0000000020002a22                led_state
                0x0000000020002a24                over_temp_start_msec
                0x0000000020002a28                lv_temp
                0x0000000020002a38                hv_pwm
                0x0000000020002a48                cont_sec
                0x0000000020002a4c                ltc
                0x0000000020002a78                htim5
                0x0000000020002ab8                htim3
                0x0000000020002af8                cont_hours
                0x0000000020002afc                hsd2
                0x0000000020002b80                hcan3
                0x0000000020002ba8                hv_pid
                0x0000000020002be4                hadc1
                0x0000000020002c2c                lv_pid
                0x0000000020002c68                pump_pwm
                0x0000000020002c78                hdma_adc1
                0x0000000020002cd8                pump_pid
                0x0000000020002d14                pump_temp
                0x0000000020002d24                huart4
                0x0000000020002da4                htim2
                0x0000000020002de4                hcan1
 COMMON         0x0000000020002e0c       0x21 /home/alex/Mass Storage/ARM-GCC/bin/../lib/gcc/arm-none-eabi/9.3.1/../../../../arm-none-eabi/lib/thumb/v7e-m+dp/hard/libc.a(lib_a-lock.o)
                0x0000000020002e0c                __lock___atexit_recursive_mutex
                0x0000000020002e10                __lock___arc4random_mutex
                0x0000000020002e14                __lock___env_recursive_mutex
                0x0000000020002e18                __lock___sinit_recursive_mutex
                0x0000000020002e1c                __lock___malloc_recursive_mutex
                0x0000000020002e20                __lock___at_quick_exit_mutex
                0x0000000020002e24                __lock___dd_hash_mutex
                0x0000000020002e28                __lock___tz_mutex
                0x0000000020002e2c                __lock___sfp_recursive_mutex
 *fill*         0x0000000020002e2d        0x3 
 COMMON         0x0000000020002e30        0x4 /home/alex/Mass Storage/ARM-GCC/bin/../lib/gcc/arm-none-eabi/9.3.1/../../../../arm-none-eabi/lib/thumb/v7e-m+dp/hard/libc.a(lib_a-reent.o)
                0x0000000020002e30                errno
                0x0000000020002e34                . = ALIGN (0x4)
                0x0000000020002e34                _ebss = .
                0x0000000020002e34                __bss_end__ = _ebss

._user_heap_stack
                0x0000000020002e34      0x604 load address 0x000000000800db44
                0x0000000020002e38                . = ALIGN (0x8)
 *fill*         0x0000000020002e34        0x4 
                0x0000000020002e38                PROVIDE (end = .)
                [!provide]                        PROVIDE (_end = .)
                0x0000000020003038                . = (. + _Min_Heap_Size)
 *fill*         0x0000000020002e38      0x200 
                0x0000000020003438                . = (. + _Min_Stack_Size)
 *fill*         0x0000000020003038      0x400 
                0x0000000020003438                . = ALIGN (0x8)

/DISCARD/
 libc.a(*)
 libm.a(*)
 libgcc.a(*)

.ARM.attributes
                0x0000000000000000       0x2e
 *(.ARM.attributes)
 .ARM.attributes
                0x0000000000000000       0x1e /home/alex/Mass Storage/ARM-GCC/bin/../lib/gcc/arm-none-eabi/9.3.1/thumb/v7e-m+dp/hard/crti.o
 .ARM.attributes
                0x000000000000001e       0x32 /home/alex/Mass Storage/ARM-GCC/bin/../lib/gcc/arm-none-eabi/9.3.1/thumb/v7e-m+dp/hard/crtbegin.o
 .ARM.attributes
                0x0000000000000050       0x32 build/stm32f7xx_hal.o
 .ARM.attributes
                0x0000000000000082       0x32 build/stm32f7xx_hal_adc.o
 .ARM.attributes
                0x00000000000000b4       0x32 build/stm32f7xx_hal_can.o
 .ARM.attributes
                0x00000000000000e6       0x32 build/stm32f7xx_hal_cortex.o
 .ARM.attributes
                0x0000000000000118       0x32 build/stm32f7xx_hal_dma.o
 .ARM.attributes
                0x000000000000014a       0x32 build/stm32f7xx_hal_gpio.o
 .ARM.attributes
                0x000000000000017c       0x32 build/stm32f7xx_hal_pwr_ex.o
 .ARM.attributes
                0x00000000000001ae       0x32 build/stm32f7xx_hal_rcc.o
 .ARM.attributes
                0x00000000000001e0       0x32 build/stm32f7xx_hal_rcc_ex.o
 .ARM.attributes
                0x0000000000000212       0x32 build/stm32f7xx_hal_sd.o
 .ARM.attributes
                0x0000000000000244       0x32 build/stm32f7xx_hal_spi.o
 .ARM.attributes
                0x0000000000000276       0x32 build/stm32f7xx_hal_tim.o
 .ARM.attributes
                0x00000000000002a8       0x32 build/stm32f7xx_hal_tim_ex.o
 .ARM.attributes
                0x00000000000002da       0x32 build/stm32f7xx_hal_uart.o
 .ARM.attributes
                0x000000000000030c       0x32 build/stm32f7xx_ll_sdmmc.o
 .ARM.attributes
                0x000000000000033e       0x32 build/ff_gen_drv.o
 .ARM.attributes
                0x0000000000000370       0x32 build/bsp_driver_sd.o
 .ARM.attributes
                0x00000000000003a2       0x32 build/can.o
 .ARM.attributes
                0x00000000000003d4       0x32 build/current_sensor.o
 .ARM.attributes
                0x0000000000000406       0x32 build/fatfs.o
 .ARM.attributes
                0x0000000000000438       0x32 build/fatfs_platform.o
 .ARM.attributes
                0x000000000000046a       0x32 build/ltc.o
 .ARM.attributes
                0x000000000000049c       0x32 build/main.o
 .ARM.attributes
                0x00000000000004ce       0x32 build/pid_controller.o
 .ARM.attributes
                0x0000000000000500       0x32 build/pwm.o
 .ARM.attributes
                0x0000000000000532       0x32 build/sd_diskio.o
 .ARM.attributes
                0x0000000000000564       0x32 build/stm32f7xx_hal_msp.o
 .ARM.attributes
                0x0000000000000596       0x32 build/stm32f7xx_it.o
 .ARM.attributes
                0x00000000000005c8       0x32 build/system_stm32f7xx.o
 .ARM.attributes
                0x00000000000005fa       0x21 build/startup_stm32f765xx.o
 .ARM.attributes
                0x000000000000061b       0x30 /home/alex/Mass Storage/ARM-GCC/bin/../lib/gcc/arm-none-eabi/9.3.1/../../../../arm-none-eabi/lib/thumb/v7e-m+dp/hard/libc.a(lib_a-impure.o)
 .ARM.attributes
                0x000000000000064b       0x32 /home/alex/Mass Storage/ARM-GCC/bin/../lib/gcc/arm-none-eabi/9.3.1/../../../../arm-none-eabi/lib/thumb/v7e-m+dp/hard/libc.a(lib_a-init.o)
 .ARM.attributes
                0x000000000000067d       0x32 /home/alex/Mass Storage/ARM-GCC/bin/../lib/gcc/arm-none-eabi/9.3.1/../../../../arm-none-eabi/lib/thumb/v7e-m+dp/hard/libc.a(lib_a-memset.o)
 .ARM.attributes
                0x00000000000006af       0x32 /home/alex/Mass Storage/ARM-GCC/bin/../lib/gcc/arm-none-eabi/9.3.1/../../../../arm-none-eabi/lib/thumb/v7e-m+dp/hard/libc.a(lib_a-sprintf.o)
 .ARM.attributes
                0x00000000000006e1       0x1c /home/alex/Mass Storage/ARM-GCC/bin/../lib/gcc/arm-none-eabi/9.3.1/../../../../arm-none-eabi/lib/thumb/v7e-m+dp/hard/libc.a(lib_a-strlen.o)
 .ARM.attributes
                0x00000000000006fd       0x32 /home/alex/Mass Storage/ARM-GCC/bin/../lib/gcc/arm-none-eabi/9.3.1/../../../../arm-none-eabi/lib/thumb/v7e-m+dp/hard/libc.a(lib_a-svfprintf.o)
 .ARM.attributes
                0x000000000000072f       0x32 /home/alex/Mass Storage/ARM-GCC/bin/../lib/gcc/arm-none-eabi/9.3.1/../../../../arm-none-eabi/lib/thumb/v7e-m+dp/hard/libc.a(lib_a-__call_atexit.o)
 .ARM.attributes
                0x0000000000000761       0x32 /home/alex/Mass Storage/ARM-GCC/bin/../lib/gcc/arm-none-eabi/9.3.1/../../../../arm-none-eabi/lib/thumb/v7e-m+dp/hard/libc.a(lib_a-atexit.o)
 .ARM.attributes
                0x0000000000000793       0x32 /home/alex/Mass Storage/ARM-GCC/bin/../lib/gcc/arm-none-eabi/9.3.1/../../../../arm-none-eabi/lib/thumb/v7e-m+dp/hard/libc.a(lib_a-dtoa.o)
 .ARM.attributes
                0x00000000000007c5       0x32 /home/alex/Mass Storage/ARM-GCC/bin/../lib/gcc/arm-none-eabi/9.3.1/../../../../arm-none-eabi/lib/thumb/v7e-m+dp/hard/libc.a(lib_a-fini.o)
 .ARM.attributes
                0x00000000000007f7       0x32 /home/alex/Mass Storage/ARM-GCC/bin/../lib/gcc/arm-none-eabi/9.3.1/../../../../arm-none-eabi/lib/thumb/v7e-m+dp/hard/libc.a(lib_a-freer.o)
 .ARM.attributes
                0x0000000000000829       0x32 /home/alex/Mass Storage/ARM-GCC/bin/../lib/gcc/arm-none-eabi/9.3.1/../../../../arm-none-eabi/lib/thumb/v7e-m+dp/hard/libc.a(lib_a-localeconv.o)
 .ARM.attributes
                0x000000000000085b       0x32 /home/alex/Mass Storage/ARM-GCC/bin/../lib/gcc/arm-none-eabi/9.3.1/../../../../arm-none-eabi/lib/thumb/v7e-m+dp/hard/libc.a(lib_a-lock.o)
 .ARM.attributes
                0x000000000000088d       0x32 /home/alex/Mass Storage/ARM-GCC/bin/../lib/gcc/arm-none-eabi/9.3.1/../../../../arm-none-eabi/lib/thumb/v7e-m+dp/hard/libc.a(lib_a-mallocr.o)
 .ARM.attributes
                0x00000000000008bf       0x1c /home/alex/Mass Storage/ARM-GCC/bin/../lib/gcc/arm-none-eabi/9.3.1/../../../../arm-none-eabi/lib/thumb/v7e-m+dp/hard/libc.a(lib_a-memchr.o)
 .ARM.attributes
                0x00000000000008db       0x1c /home/alex/Mass Storage/ARM-GCC/bin/../lib/gcc/arm-none-eabi/9.3.1/../../../../arm-none-eabi/lib/thumb/v7e-m+dp/hard/libc.a(lib_a-memcpy.o)
 .ARM.attributes
                0x00000000000008f7       0x32 /home/alex/Mass Storage/ARM-GCC/bin/../lib/gcc/arm-none-eabi/9.3.1/../../../../arm-none-eabi/lib/thumb/v7e-m+dp/hard/libc.a(lib_a-mlock.o)
 .ARM.attributes
                0x0000000000000929       0x32 /home/alex/Mass Storage/ARM-GCC/bin/../lib/gcc/arm-none-eabi/9.3.1/../../../../arm-none-eabi/lib/thumb/v7e-m+dp/hard/libc.a(lib_a-mprec.o)
 .ARM.attributes
                0x000000000000095b       0x32 /home/alex/Mass Storage/ARM-GCC/bin/../lib/gcc/arm-none-eabi/9.3.1/../../../../arm-none-eabi/lib/thumb/v7e-m+dp/hard/libc.a(lib_a-s_frexp.o)
 .ARM.attributes
                0x000000000000098d       0x32 /home/alex/Mass Storage/ARM-GCC/bin/../lib/gcc/arm-none-eabi/9.3.1/../../../../arm-none-eabi/lib/thumb/v7e-m+dp/hard/libc.a(lib_a-sbrkr.o)
 .ARM.attributes
                0x00000000000009bf       0x32 /home/alex/Mass Storage/ARM-GCC/bin/../lib/gcc/arm-none-eabi/9.3.1/../../../../arm-none-eabi/lib/thumb/v7e-m+dp/hard/libc.a(lib_a-strncpy.o)
 .ARM.attributes
                0x00000000000009f1       0x32 /home/alex/Mass Storage/ARM-GCC/bin/../lib/gcc/arm-none-eabi/9.3.1/../../../../arm-none-eabi/lib/thumb/v7e-m+dp/hard/libc.a(lib_a-svfiprintf.o)
 .ARM.attributes
                0x0000000000000a23       0x32 /home/alex/Mass Storage/ARM-GCC/bin/../lib/gcc/arm-none-eabi/9.3.1/../../../../arm-none-eabi/lib/thumb/v7e-m+dp/hard/libc.a(lib_a-__atexit.o)
 .ARM.attributes
                0x0000000000000a55       0x32 /home/alex/Mass Storage/ARM-GCC/bin/../lib/gcc/arm-none-eabi/9.3.1/../../../../arm-none-eabi/lib/thumb/v7e-m+dp/hard/libc.a(lib_a-assert.o)
 .ARM.attributes
                0x0000000000000a87       0x32 /home/alex/Mass Storage/ARM-GCC/bin/../lib/gcc/arm-none-eabi/9.3.1/../../../../arm-none-eabi/lib/thumb/v7e-m+dp/hard/libc.a(lib_a-callocr.o)
 .ARM.attributes
                0x0000000000000ab9       0x32 /home/alex/Mass Storage/ARM-GCC/bin/../lib/gcc/arm-none-eabi/9.3.1/../../../../arm-none-eabi/lib/thumb/v7e-m+dp/hard/libc.a(lib_a-fiprintf.o)
 .ARM.attributes
                0x0000000000000aeb       0x32 /home/alex/Mass Storage/ARM-GCC/bin/../lib/gcc/arm-none-eabi/9.3.1/../../../../arm-none-eabi/lib/thumb/v7e-m+dp/hard/libc.a(lib_a-locale.o)
 .ARM.attributes
                0x0000000000000b1d       0x32 /home/alex/Mass Storage/ARM-GCC/bin/../lib/gcc/arm-none-eabi/9.3.1/../../../../arm-none-eabi/lib/thumb/v7e-m+dp/hard/libc.a(lib_a-mbtowc_r.o)
 .ARM.attributes